Archive member included to satisfy reference by file (symbol)

/opt/Atollic_TrueSTUDIO_for_STM32_x86_64_9.0.0/ARMTools/bin/../lib/gcc/arm-atollic-eabi/6.3.1/../../../../arm-atollic-eabi/lib/armv7e-m/fpu/libc_nano.a(lib_a-init.o)
                              startup/startup_stm32l476xx.o (__libc_init_array)
/opt/Atollic_TrueSTUDIO_for_STM32_x86_64_9.0.0/ARMTools/bin/../lib/gcc/arm-atollic-eabi/6.3.1/../../../../arm-atollic-eabi/lib/armv7e-m/fpu/libc_nano.a(lib_a-memset.o)
                              Src/main.o (memset)
/opt/Atollic_TrueSTUDIO_for_STM32_x86_64_9.0.0/ARMTools/bin/../lib/gcc/arm-atollic-eabi/6.3.1/armv7e-m/fpu/libgcc.a(_aeabi_ldivmod.o)
                              Src/BMP280.o (__aeabi_ldivmod)
/opt/Atollic_TrueSTUDIO_for_STM32_x86_64_9.0.0/ARMTools/bin/../lib/gcc/arm-atollic-eabi/6.3.1/armv7e-m/fpu/libgcc.a(_aeabi_uldivmod.o)
                              Drivers/STM32L4xx_HAL_Driver/Src/stm32l4xx_hal_uart.o (__aeabi_uldivmod)
/opt/Atollic_TrueSTUDIO_for_STM32_x86_64_9.0.0/ARMTools/bin/../lib/gcc/arm-atollic-eabi/6.3.1/armv7e-m/fpu/libgcc.a(_udivmoddi4.o)
                              /opt/Atollic_TrueSTUDIO_for_STM32_x86_64_9.0.0/ARMTools/bin/../lib/gcc/arm-atollic-eabi/6.3.1/armv7e-m/fpu/libgcc.a(_aeabi_ldivmod.o) (__udivmoddi4)
/opt/Atollic_TrueSTUDIO_for_STM32_x86_64_9.0.0/ARMTools/bin/../lib/gcc/arm-atollic-eabi/6.3.1/armv7e-m/fpu/libgcc.a(_dvmd_tls.o)
                              /opt/Atollic_TrueSTUDIO_for_STM32_x86_64_9.0.0/ARMTools/bin/../lib/gcc/arm-atollic-eabi/6.3.1/armv7e-m/fpu/libgcc.a(_aeabi_ldivmod.o) (__aeabi_ldiv0)

Allocating common symbols
Common symbol       size              file

hdma_usart2_rx      0x48              Src/main.o
hi2c1               0x4c              Src/main.o
BMP280_readings     0x4               Src/BMP280.o
uwTick              0x4               Drivers/STM32L4xx_HAL_Driver/Src/stm32l4xx_hal.o
BMP280              0x4               Src/BMP280.o
hdma_usart2_tx      0x48              Src/main.o
hrtc                0x24              Src/main.o
htim1               0x40              Src/stm32l4xx_hal_timebase_tim.o
BMP280_I2C_handler  0x4               Src/BMP280.o
huart2              0x78              Src/main.o

Discarded input sections

 .text          0x0000000000000000        0x0 /opt/Atollic_TrueSTUDIO_for_STM32_x86_64_9.0.0/ARMTools/bin/../lib/gcc/arm-atollic-eabi/6.3.1/armv7e-m/fpu/crti.o
 .data          0x0000000000000000        0x0 /opt/Atollic_TrueSTUDIO_for_STM32_x86_64_9.0.0/ARMTools/bin/../lib/gcc/arm-atollic-eabi/6.3.1/armv7e-m/fpu/crti.o
 .bss           0x0000000000000000        0x0 /opt/Atollic_TrueSTUDIO_for_STM32_x86_64_9.0.0/ARMTools/bin/../lib/gcc/arm-atollic-eabi/6.3.1/armv7e-m/fpu/crti.o
 .data          0x0000000000000000        0x4 /opt/Atollic_TrueSTUDIO_for_STM32_x86_64_9.0.0/ARMTools/bin/../lib/gcc/arm-atollic-eabi/6.3.1/armv7e-m/fpu/crtbegin.o
 .text          0x0000000000000000        0x0 Drivers/STM32L4xx_HAL_Driver/Src/stm32l4xx_hal.o
 .data          0x0000000000000000        0x0 Drivers/STM32L4xx_HAL_Driver/Src/stm32l4xx_hal.o
 .bss           0x0000000000000000        0x0 Drivers/STM32L4xx_HAL_Driver/Src/stm32l4xx_hal.o
 .text.HAL_MspInit
                0x0000000000000000        0x2 Drivers/STM32L4xx_HAL_Driver/Src/stm32l4xx_hal.o
 .text.HAL_MspDeInit
                0x0000000000000000        0x2 Drivers/STM32L4xx_HAL_Driver/Src/stm32l4xx_hal.o
 .text.HAL_DeInit
                0x0000000000000000       0x2c Drivers/STM32L4xx_HAL_Driver/Src/stm32l4xx_hal.o
 .text.HAL_InitTick
                0x0000000000000000       0x30 Drivers/STM32L4xx_HAL_Driver/Src/stm32l4xx_hal.o
 .text.HAL_SuspendTick
                0x0000000000000000       0x10 Drivers/STM32L4xx_HAL_Driver/Src/stm32l4xx_hal.o
 .text.HAL_ResumeTick
                0x0000000000000000       0x10 Drivers/STM32L4xx_HAL_Driver/Src/stm32l4xx_hal.o
 .text.HAL_GetHalVersion
                0x0000000000000000        0x8 Drivers/STM32L4xx_HAL_Driver/Src/stm32l4xx_hal.o
 .text.HAL_GetREVID
                0x0000000000000000        0xc Drivers/STM32L4xx_HAL_Driver/Src/stm32l4xx_hal.o
 .text.HAL_GetDEVID
                0x0000000000000000       0x10 Drivers/STM32L4xx_HAL_Driver/Src/stm32l4xx_hal.o
 .text.HAL_GetUIDw0
                0x0000000000000000        0xc Drivers/STM32L4xx_HAL_Driver/Src/stm32l4xx_hal.o
 .text.HAL_GetUIDw1
                0x0000000000000000        0xc Drivers/STM32L4xx_HAL_Driver/Src/stm32l4xx_hal.o
 .text.HAL_GetUIDw2
                0x0000000000000000        0xc Drivers/STM32L4xx_HAL_Driver/Src/stm32l4xx_hal.o
 .text.HAL_DBGMCU_EnableDBGSleepMode
                0x0000000000000000       0x10 Drivers/STM32L4xx_HAL_Driver/Src/stm32l4xx_hal.o
 .text.HAL_DBGMCU_DisableDBGSleepMode
                0x0000000000000000       0x10 Drivers/STM32L4xx_HAL_Driver/Src/stm32l4xx_hal.o
 .text.HAL_DBGMCU_EnableDBGStopMode
                0x0000000000000000       0x10 Drivers/STM32L4xx_HAL_Driver/Src/stm32l4xx_hal.o
 .text.HAL_DBGMCU_DisableDBGStopMode
[...]
Memory Configuration

Name             Origin             Length             Attributes
RAM              0x0000000020000000 0x0000000000018000 xrw
RAM2             0x0000000010000000 0x0000000000008000 xrw
FLASH            0x0000000008000000 0x0000000000100000 xr
*default*        0x0000000000000000 0xffffffffffffffff

Linker script and memory map

LOAD /opt/Atollic_TrueSTUDIO_for_STM32_x86_64_9.0.0/ARMTools/bin/../lib/gcc/arm-atollic-eabi/6.3.1/armv7e-m/fpu/crti.o
LOAD /opt/Atollic_TrueSTUDIO_for_STM32_x86_64_9.0.0/ARMTools/bin/../lib/gcc/arm-atollic-eabi/6.3.1/armv7e-m/fpu/crtbegin.o
LOAD Drivers/STM32L4xx_HAL_Driver/Src/stm32l4xx_hal.o
LOAD Drivers/STM32L4xx_HAL_Driver/Src/stm32l4xx_hal_cortex.o
LOAD Drivers/STM32L4xx_HAL_Driver/Src/stm32l4xx_hal_dma.o
LOAD Drivers/STM32L4xx_HAL_Driver/Src/stm32l4xx_hal_dma_ex.o
LOAD Drivers/STM32L4xx_HAL_Driver/Src/stm32l4xx_hal_flash.o
LOAD Drivers/STM32L4xx_HAL_Driver/Src/stm32l4xx_hal_flash_ex.o
LOAD Drivers/STM32L4xx_HAL_Driver/Src/stm32l4xx_hal_flash_ramfunc.o
LOAD Drivers/STM32L4xx_HAL_Driver/Src/stm32l4xx_hal_gpio.o
LOAD Drivers/STM32L4xx_HAL_Driver/Src/stm32l4xx_hal_i2c.o
LOAD Drivers/STM32L4xx_HAL_Driver/Src/stm32l4xx_hal_i2c_ex.o
LOAD Drivers/STM32L4xx_HAL_Driver/Src/stm32l4xx_hal_pwr.o
LOAD Drivers/STM32L4xx_HAL_Driver/Src/stm32l4xx_hal_pwr_ex.o
LOAD Drivers/STM32L4xx_HAL_Driver/Src/stm32l4xx_hal_rcc.o
LOAD Drivers/STM32L4xx_HAL_Driver/Src/stm32l4xx_hal_rcc_ex.o
LOAD Drivers/STM32L4xx_HAL_Driver/Src/stm32l4xx_hal_rtc.o
LOAD Drivers/STM32L4xx_HAL_Driver/Src/stm32l4xx_hal_rtc_ex.o
LOAD Drivers/STM32L4xx_HAL_Driver/Src/stm32l4xx_hal_tim.o
LOAD Drivers/STM32L4xx_HAL_Driver/Src/stm32l4xx_hal_tim_ex.o
LOAD Drivers/STM32L4xx_HAL_Driver/Src/stm32l4xx_hal_uart.o
LOAD Drivers/STM32L4xx_HAL_Driver/Src/stm32l4xx_hal_uart_ex.o
LOAD Src/BMP280.o
LOAD Src/main.o
LOAD Src/stm32l4xx_hal_msp.o
LOAD Src/stm32l4xx_hal_timebase_tim.o
LOAD Src/stm32l4xx_it.o
LOAD Src/system_stm32l4xx.o
LOAD startup/startup_stm32l476xx.o
                0x0000000000000080                malloc_getpagesize_P = 0x80
START GROUP
LOAD /opt/Atollic_TrueSTUDIO_for_STM32_x86_64_9.0.0/ARMTools/bin/../lib/gcc/arm-atollic-eabi/6.3.1/../../../../arm-atollic-eabi/lib/armv7e-m/fpu/libc_nano.a
LOAD /opt/Atollic_TrueSTUDIO_for_STM32_x86_64_9.0.0/ARMTools/bin/../lib/gcc/arm-atollic-eabi/6.3.1/../../../../arm-atollic-eabi/lib/armv7e-m/fpu/libm.a
END GROUP
START GROUP
LOAD /opt/Atollic_TrueSTUDIO_for_STM32_x86_64_9.0.0/ARMTools/bin/../lib/gcc/arm-atollic-eabi/6.3.1/armv7e-m/fpu/libgcc.a
LOAD /opt/Atollic_TrueSTUDIO_for_STM32_x86_64_9.0.0/ARMTools/bin/../lib/gcc/arm-atollic-eabi/6.3.1/../../../../arm-atollic-eabi/lib/armv7e-m/fpu/libc_nano.a
END GROUP
START GROUP
LOAD /opt/Atollic_TrueSTUDIO_for_STM32_x86_64_9.0.0/ARMTools/bin/../lib/gcc/arm-atollic-eabi/6.3.1/armv7e-m/fpu/libgcc.a
LOAD /opt/Atollic_TrueSTUDIO_for_STM32_x86_64_9.0.0/ARMTools/bin/../lib/gcc/arm-atollic-eabi/6.3.1/../../../../arm-atollic-eabi/lib/armv7e-m/fpu/libc_nano.a
LOAD /opt/Atollic_TrueSTUDIO_for_STM32_x86_64_9.0.0/ARMTools/bin/../lib/gcc/arm-atollic-eabi/6.3.1/../../../../arm-atollic-eabi/lib/armv7e-m/fpu/libnosys.a
END GROUP
START GROUP
LOAD /opt/Atollic_TrueSTUDIO_for_STM32_x86_64_9.0.0/ARMTools/bin/../lib/gcc/arm-atollic-eabi/6.3.1/armv7e-m/fpu/libgcc.a
LOAD /opt/Atollic_TrueSTUDIO_for_STM32_x86_64_9.0.0/ARMTools/bin/../lib/gcc/arm-atollic-eabi/6.3.1/../../../../arm-atollic-eabi/lib/armv7e-m/fpu/libc_nano.a
LOAD /opt/Atollic_TrueSTUDIO_for_STM32_x86_64_9.0.0/ARMTools/bin/../lib/gcc/arm-atollic-eabi/6.3.1/../../../../arm-atollic-eabi/lib/armv7e-m/fpu/libnosys.a
END GROUP
LOAD /opt/Atollic_TrueSTUDIO_for_STM32_x86_64_9.0.0/ARMTools/bin/../lib/gcc/arm-atollic-eabi/6.3.1/armv7e-m/fpu/crtend.o
LOAD /opt/Atollic_TrueSTUDIO_for_STM32_x86_64_9.0.0/ARMTools/bin/../lib/gcc/arm-atollic-eabi/6.3.1/armv7e-m/fpu/crtn.o
                0x0000000020018000                _estack = 0x20018000
                0x0000000000000200                _Min_Heap_Size = 0x200
                0x0000000000000400                _Min_Stack_Size = 0x400

.isr_vector     0x0000000008000000      0x188
                0x0000000008000000                . = ALIGN (0x4)
 *(.isr_vector)
 .isr_vector    0x0000000008000000      0x188 startup/startup_stm32l476xx.o
                0x0000000008000000                g_pfnVectors
                0x0000000008000188                . = ALIGN (0x4)

.text           0x0000000008000188     0x3338
                0x0000000008000188                . = ALIGN (0x4)
 *(.text)
 .text          0x0000000008000188       0x40 /opt/Atollic_TrueSTUDIO_for_STM32_x86_64_9.0.0/ARMTools/bin/../lib/gcc/arm-atollic-eabi/6.3.1/armv7e-m/fpu/crtbegin.o
 .text          0x00000000080001c8       0x30 /opt/Atollic_TrueSTUDIO_for_STM32_x86_64_9.0.0/ARMTools/bin/../lib/gcc/arm-atollic-eabi/6.3.1/armv7e-m/fpu/libgcc.a(_aeabi_uldivmod.o)
                0x00000000080001c8                __aeabi_uldivmod
 .text          0x00000000080001f8      0x2dc /opt/Atollic_TrueSTUDIO_for_STM32_x86_64_9.0.0/ARMTools/bin/../lib/gcc/arm-atollic-eabi/6.3.1/armv7e-m/fpu/libgcc.a(_udivmoddi4.o)
                0x00000000080001f8                __udivmoddi4
 .text          0x00000000080004d4        0x4 /opt/Atollic_TrueSTUDIO_for_STM32_x86_64_9.0.0/ARMTools/bin/../lib/gcc/arm-atollic-eabi/6.3.1/armv7e-m/fpu/libgcc.a(_dvmd_tls.o)
                0x00000000080004d4                __aeabi_ldiv0
                0x00000000080004d4                __aeabi_idiv0
 *(.text*)
 .text.HAL_Init
                0x00000000080004d8       0x1e Drivers/STM32L4xx_HAL_Driver/Src/stm32l4xx_hal.o
                0x00000000080004d8                HAL_Init
 *fill*         0x00000000080004f6        0x2 
 .text.HAL_IncTick
                0x00000000080004f8       0x10 Drivers/STM32L4xx_HAL_Driver/Src/stm32l4xx_hal.o
                0x00000000080004f8                HAL_IncTick
 .text.HAL_GetTick
                0x0000000008000508        0xc Drivers/STM32L4xx_HAL_Driver/Src/stm32l4xx_hal.o
                0x0000000008000508                HAL_GetTick
 .text.HAL_Delay
                0x0000000008000514       0x1c Drivers/STM32L4xx_HAL_Driver/Src/stm32l4xx_hal.o
                0x0000000008000514                HAL_Delay
 .text.HAL_NVIC_SetPriorityGrouping
                0x0000000008000530       0x24 Drivers/STM32L4xx_HAL_Driver/Src/stm32l4xx_hal_cortex.o
                0x0000000008000530                HAL_NVIC_SetPriorityGrouping
 .text.HAL_NVIC_SetPriority
                0x0000000008000554       0x68 Drivers/STM32L4xx_HAL_Driver/Src/stm32l4xx_hal_cortex.o
                0x0000000008000554                HAL_NVIC_SetPriority
 .text.HAL_NVIC_EnableIRQ
                0x00000000080005bc       0x18 Drivers/STM32L4xx_HAL_Driver/Src/stm32l4xx_hal_cortex.o
                0x00000000080005bc                HAL_NVIC_EnableIRQ
 .text.HAL_DMA_Init
                0x00000000080005d4       0xc4 Drivers/STM32L4xx_HAL_Driver/Src/stm32l4xx_hal_dma.o
                0x00000000080005d4                HAL_DMA_Init
 .text.HAL_DMA_Abort_IT
                0x0000000008000698       0x4c Drivers/STM32L4xx_HAL_Driver/Src/stm32l4xx_hal_dma.o
                0x0000000008000698                HAL_DMA_Abort_IT
 .text.HAL_DMA_IRQHandler
                0x00000000080006e4       0x94 Drivers/STM32L4xx_HAL_Driver/Src/stm32l4xx_hal_dma.o
                0x00000000080006e4                HAL_DMA_IRQHandler
 .text.HAL_GPIO_Init
                0x0000000008000778      0x1b8 Drivers/STM32L4xx_HAL_Driver/Src/stm32l4xx_hal_gpio.o
                0x0000000008000778                HAL_GPIO_Init
 .text.HAL_GPIO_WritePin
                0x0000000008000930        0xa Drivers/STM32L4xx_HAL_Driver/Src/stm32l4xx_hal_gpio.o
                0x0000000008000930                HAL_GPIO_WritePin
 .text.HAL_GPIO_EXTI_Callback
                0x000000000800093a        0x2 Drivers/STM32L4xx_HAL_Driver/Src/stm32l4xx_hal_gpio.o
                0x000000000800093a                HAL_GPIO_EXTI_Callback
 .text.HAL_GPIO_EXTI_IRQHandler
                0x000000000800093c       0x18 Drivers/STM32L4xx_HAL_Driver/Src/stm32l4xx_hal_gpio.o
                0x000000000800093c                HAL_GPIO_EXTI_IRQHandler
 .text.I2C_Flush_TXDR
                0x0000000008000954       0x1c Drivers/STM32L4xx_HAL_Driver/Src/stm32l4xx_hal_i2c.o
 .text.I2C_TransferConfig
                0x0000000008000970       0x34 Drivers/STM32L4xx_HAL_Driver/Src/stm32l4xx_hal_i2c.o
 .text.I2C_Disable_IRQ
                0x00000000080009a4       0x5a Drivers/STM32L4xx_HAL_Driver/Src/stm32l4xx_hal_i2c.o
 .text.I2C_WaitOnFlagUntilTimeout
                0x00000000080009fe       0x56 Drivers/STM32L4xx_HAL_Driver/Src/stm32l4xx_hal_i2c.o
 .text.I2C_IsAcknowledgeFailed
                0x0000000008000a54       0x7a Drivers/STM32L4xx_HAL_Driver/Src/stm32l4xx_hal_i2c.o
 .text.I2C_WaitOnTXISFlagUntilTimeout
                0x0000000008000ace       0x4e Drivers/STM32L4xx_HAL_Driver/Src/stm32l4xx_hal_i2c.o
 .text.I2C_RequestMemoryWrite
                0x0000000008000b1c       0x64 Drivers/STM32L4xx_HAL_Driver/Src/stm32l4xx_hal_i2c.o
 .text.I2C_RequestMemoryRead
                0x0000000008000b80       0x64 Drivers/STM32L4xx_HAL_Driver/Src/stm32l4xx_hal_i2c.o
 .text.I2C_WaitOnSTOPFlagUntilTimeout
                0x0000000008000be4       0x4a Drivers/STM32L4xx_HAL_Driver/Src/stm32l4xx_hal_i2c.o
 .text.HAL_I2C_Init
                0x0000000008000c2e       0xa2 Drivers/STM32L4xx_HAL_Driver/Src/stm32l4xx_hal_i2c.o
                0x0000000008000c2e                HAL_I2C_Init
 .text.HAL_I2C_Mem_Write
                0x0000000008000cd0      0x16e Drivers/STM32L4xx_HAL_Driver/Src/stm32l4xx_hal_i2c.o
                0x0000000008000cd0                HAL_I2C_Mem_Write
 *fill*         0x0000000008000e3e        0x2 
 .text.HAL_I2C_Mem_Read
                0x0000000008000e40      0x17c Drivers/STM32L4xx_HAL_Driver/Src/stm32l4xx_hal_i2c.o
                0x0000000008000e40                HAL_I2C_Mem_Read
 .text.HAL_I2C_IsDeviceReady
                0x0000000008000fbc      0x116 Drivers/STM32L4xx_HAL_Driver/Src/stm32l4xx_hal_i2c.o
                0x0000000008000fbc                HAL_I2C_IsDeviceReady
 .text.HAL_I2C_EV_IRQHandler
                0x00000000080010d2        0xe Drivers/STM32L4xx_HAL_Driver/Src/stm32l4xx_hal_i2c.o
                0x00000000080010d2                HAL_I2C_EV_IRQHandler
 .text.HAL_I2C_SlaveTxCpltCallback
                0x00000000080010e0        0x2 Drivers/STM32L4xx_HAL_Driver/Src/stm32l4xx_hal_i2c.o
                0x00000000080010e0                HAL_I2C_SlaveTxCpltCallback
 .text.HAL_I2C_SlaveRxCpltCallback
                0x00000000080010e2        0x2 Drivers/STM32L4xx_HAL_Driver/Src/stm32l4xx_hal_i2c.o
                0x00000000080010e2                HAL_I2C_SlaveRxCpltCallback
 .text.I2C_ITSlaveSequentialCplt
                0x00000000080010e4       0x4c Drivers/STM32L4xx_HAL_Driver/Src/stm32l4xx_hal_i2c.o
 .text.HAL_I2C_AddrCallback
                0x0000000008001130        0x2 Drivers/STM32L4xx_HAL_Driver/Src/stm32l4xx_hal_i2c.o
                0x0000000008001130                HAL_I2C_AddrCallback
 .text.I2C_ITAddrCplt.isra.8
                0x0000000008001132       0x88 Drivers/STM32L4xx_HAL_Driver/Src/stm32l4xx_hal_i2c.o
 .text.HAL_I2C_ListenCpltCallback
                0x00000000080011ba        0x2 Drivers/STM32L4xx_HAL_Driver/Src/stm32l4xx_hal_i2c.o
                0x00000000080011ba                HAL_I2C_ListenCpltCallback
 .text.I2C_ITListenCplt
                0x00000000080011bc       0x64 Drivers/STM32L4xx_HAL_Driver/Src/stm32l4xx_hal_i2c.o
 .text.HAL_I2C_ErrorCallback
                0x0000000008001220        0x2 Drivers/STM32L4xx_HAL_Driver/Src/stm32l4xx_hal_i2c.o
                0x0000000008001220                HAL_I2C_ErrorCallback
 .text.HAL_I2C_AbortCpltCallback
                0x0000000008001222        0x2 Drivers/STM32L4xx_HAL_Driver/Src/stm32l4xx_hal_i2c.o
                0x0000000008001222                HAL_I2C_AbortCpltCallback
 .text.I2C_ITError
                0x0000000008001224       0xd8 Drivers/STM32L4xx_HAL_Driver/Src/stm32l4xx_hal_i2c.o
 .text.I2C_ITSlaveCplt
                0x00000000080012fc       0xf0 Drivers/STM32L4xx_HAL_Driver/Src/stm32l4xx_hal_i2c.o
 .text.I2C_Slave_ISR_IT
                0x00000000080013ec      0x110 Drivers/STM32L4xx_HAL_Driver/Src/stm32l4xx_hal_i2c.o
 .text.HAL_I2C_ER_IRQHandler
                0x00000000080014fc       0x60 Drivers/STM32L4xx_HAL_Driver/Src/stm32l4xx_hal_i2c.o
                0x00000000080014fc                HAL_I2C_ER_IRQHandler
 .text.I2C_DMAAbort
                0x000000000800155c       0x28 Drivers/STM32L4xx_HAL_Driver/Src/stm32l4xx_hal_i2c.o
 .text.HAL_I2CEx_ConfigAnalogFilter
                0x0000000008001584       0x4c Drivers/STM32L4xx_HAL_Driver/Src/stm32l4xx_hal_i2c_ex.o
                0x0000000008001584                HAL_I2CEx_ConfigAnalogFilter
 .text.HAL_I2CEx_ConfigDigitalFilter
                0x00000000080015d0       0x4a Drivers/STM32L4xx_HAL_Driver/Src/stm32l4xx_hal_i2c_ex.o
                0x00000000080015d0                HAL_I2CEx_ConfigDigitalFilter
 *fill*         0x000000000800161a        0x2 
 .text.HAL_PWREx_GetVoltageRange
                0x000000000800161c       0x10 Drivers/STM32L4xx_HAL_Driver/Src/stm32l4xx_hal_pwr_ex.o
                0x000000000800161c                HAL_PWREx_GetVoltageRange
 .text.HAL_PWREx_ControlVoltageScaling
                0x000000000800162c       0x6c Drivers/STM32L4xx_HAL_Driver/Src/stm32l4xx_hal_pwr_ex.o
                0x000000000800162c                HAL_PWREx_ControlVoltageScaling
 .text.RCC_SetFlashLatencyFromMSIRange
                0x0000000008001698       0x84 Drivers/STM32L4xx_HAL_Driver/Src/stm32l4xx_hal_rcc.o
 .text.HAL_RCC_GetSysClockFreq
                0x000000000800171c       0xa8 Drivers/STM32L4xx_HAL_Driver/Src/stm32l4xx_hal_rcc.o
                0x000000000800171c                HAL_RCC_GetSysClockFreq
 .text.HAL_RCC_OscConfig
                0x00000000080017c4      0x44c Drivers/STM32L4xx_HAL_Driver/Src/stm32l4xx_hal_rcc.o
                0x00000000080017c4                HAL_RCC_OscConfig
 .text.HAL_RCC_ClockConfig
                0x0000000008001c10      0x124 Drivers/STM32L4xx_HAL_Driver/Src/stm32l4xx_hal_rcc.o
                0x0000000008001c10                HAL_RCC_ClockConfig
 .text.HAL_RCC_GetPCLK1Freq
                0x0000000008001d34       0x24 Drivers/STM32L4xx_HAL_Driver/Src/stm32l4xx_hal_rcc.o
                0x0000000008001d34                HAL_RCC_GetPCLK1Freq
 .text.HAL_RCC_GetPCLK2Freq
                0x0000000008001d58       0x24 Drivers/STM32L4xx_HAL_Driver/Src/stm32l4xx_hal_rcc.o
                0x0000000008001d58                HAL_RCC_GetPCLK2Freq
 .text.HAL_RCC_GetClockConfig
                0x0000000008001d7c       0x3c Drivers/STM32L4xx_HAL_Driver/Src/stm32l4xx_hal_rcc.o
                0x0000000008001d7c                HAL_RCC_GetClockConfig
 .text.HAL_RCC_EnableCSS
                0x0000000008001db8       0x10 Drivers/STM32L4xx_HAL_Driver/Src/stm32l4xx_hal_rcc.o
                0x0000000008001db8                HAL_RCC_EnableCSS
 .text.HAL_RCC_CSSCallback
                0x0000000008001dc8        0x2 Drivers/STM32L4xx_HAL_Driver/Src/stm32l4xx_hal_rcc.o
                0x0000000008001dc8                HAL_RCC_CSSCallback
 *fill*         0x0000000008001dca        0x2 
 .text.HAL_RCC_NMI_IRQHandler
                0x0000000008001dcc       0x1c Drivers/STM32L4xx_HAL_Driver/Src/stm32l4xx_hal_rcc.o
                0x0000000008001dcc                HAL_RCC_NMI_IRQHandler
 .text.RCCEx_PLLSAI1_Config
                0x0000000008001de8      0x11c Drivers/STM32L4xx_HAL_Driver/Src/stm32l4xx_hal_rcc_ex.o
 .text.RCCEx_PLLSAI2_Config
                0x0000000008001f04       0xfc Drivers/STM32L4xx_HAL_Driver/Src/stm32l4xx_hal_rcc_ex.o
 .text.HAL_RCCEx_PeriphCLKConfig
                0x0000000008002000      0x3d0 Drivers/STM32L4xx_HAL_Driver/Src/stm32l4xx_hal_rcc_ex.o
                0x0000000008002000                HAL_RCCEx_PeriphCLKConfig
 .text.HAL_RTC_WaitForSynchro
                0x00000000080023d0       0x30 Drivers/STM32L4xx_HAL_Driver/Src/stm32l4xx_hal_rtc.o
                0x00000000080023d0                HAL_RTC_WaitForSynchro
 .text.RTC_EnterInitMode
                0x0000000008002400       0x34 Drivers/STM32L4xx_HAL_Driver/Src/stm32l4xx_hal_rtc.o
                0x0000000008002400                RTC_EnterInitMode
 .text.HAL_RTC_Init
                0x0000000008002434       0xaa Drivers/STM32L4xx_HAL_Driver/Src/stm32l4xx_hal_rtc.o
                0x0000000008002434                HAL_RTC_Init
 .text.HAL_TIM_Base_MspInit
                0x00000000080024de        0x2 Drivers/STM32L4xx_HAL_Driver/Src/stm32l4xx_hal_tim.o
                0x00000000080024de                HAL_TIM_Base_MspInit
 .text.HAL_TIM_Base_Start_IT
                0x00000000080024e0       0x30 Drivers/STM32L4xx_HAL_Driver/Src/stm32l4xx_hal_tim.o
                0x00000000080024e0                HAL_TIM_Base_Start_IT
 .text.HAL_TIM_OC_DelayElapsedCallback
                0x0000000008002510        0x2 Drivers/STM32L4xx_HAL_Driver/Src/stm32l4xx_hal_tim.o
                0x0000000008002510                HAL_TIM_OC_DelayElapsedCallback
 .text.HAL_TIM_IC_CaptureCallback
                0x0000000008002512        0x2 Drivers/STM32L4xx_HAL_Driver/Src/stm32l4xx_hal_tim.o
                0x0000000008002512                HAL_TIM_IC_CaptureCallback
 .text.HAL_TIM_PWM_PulseFinishedCallback
                0x0000000008002514        0x2 Drivers/STM32L4xx_HAL_Driver/Src/stm32l4xx_hal_tim.o
                0x0000000008002514                HAL_TIM_PWM_PulseFinishedCallback
 .text.HAL_TIM_TriggerCallback
                0x0000000008002516        0x2 Drivers/STM32L4xx_HAL_Driver/Src/stm32l4xx_hal_tim.o
                0x0000000008002516                HAL_TIM_TriggerCallback
 .text.HAL_TIM_IRQHandler
                0x0000000008002518      0x160 Drivers/STM32L4xx_HAL_Driver/Src/stm32l4xx_hal_tim.o
                0x0000000008002518                HAL_TIM_IRQHandler
 .text.TIM_Base_SetConfig
                0x0000000008002678       0xcc Drivers/STM32L4xx_HAL_Driver/Src/stm32l4xx_hal_tim.o
                0x0000000008002678                TIM_Base_SetConfig
 .text.HAL_TIM_Base_Init
                0x0000000008002744       0x34 Drivers/STM32L4xx_HAL_Driver/Src/stm32l4xx_hal_tim.o
                0x0000000008002744                HAL_TIM_Base_Init
 .text.HAL_TIMEx_CommutationCallback
                0x0000000008002778        0x2 Drivers/STM32L4xx_HAL_Driver/Src/stm32l4xx_hal_tim_ex.o
                0x0000000008002778                HAL_TIMEx_CommutationCallback
 .text.HAL_TIMEx_BreakCallback
                0x000000000800277a        0x2 Drivers/STM32L4xx_HAL_Driver/Src/stm32l4xx_hal_tim_ex.o
                0x000000000800277a                HAL_TIMEx_BreakCallback
 .text.HAL_TIMEx_Break2Callback
                0x000000000800277c        0x2 Drivers/STM32L4xx_HAL_Driver/Src/stm32l4xx_hal_tim_ex.o
                0x000000000800277c                HAL_TIMEx_Break2Callback
 *fill*         0x000000000800277e        0x2 
 .text.UART_SetConfig
                0x0000000008002780      0x330 Drivers/STM32L4xx_HAL_Driver/Src/stm32l4xx_hal_uart.o
                0x0000000008002780                UART_SetConfig
 .text.UART_AdvFeatureConfig
                0x0000000008002ab0       0xa8 Drivers/STM32L4xx_HAL_Driver/Src/stm32l4xx_hal_uart.o
                0x0000000008002ab0                UART_AdvFeatureConfig
 .text.UART_WaitOnFlagUntilTimeout
                0x0000000008002b58       0x62 Drivers/STM32L4xx_HAL_Driver/Src/stm32l4xx_hal_uart.o
                0x0000000008002b58                UART_WaitOnFlagUntilTimeout
 .text.HAL_UART_Transmit
                0x0000000008002bba       0xae Drivers/STM32L4xx_HAL_Driver/Src/stm32l4xx_hal_uart.o
                0x0000000008002bba                HAL_UART_Transmit
 .text.UART_CheckIdleState
                0x0000000008002c68       0x64 Drivers/STM32L4xx_HAL_Driver/Src/stm32l4xx_hal_uart.o
                0x0000000008002c68                UART_CheckIdleState
 .text.HAL_UART_Init
                0x0000000008002ccc       0x64 Drivers/STM32L4xx_HAL_Driver/Src/stm32l4xx_hal_uart.o
                0x0000000008002ccc                HAL_UART_Init
 .text.BMP280_read8b
                0x0000000008002d30       0x2c Src/BMP280.o
                0x0000000008002d30                BMP280_read8b
 .text.BMP280_read16b
                0x0000000008002d5c       0x34 Src/BMP280.o
                0x0000000008002d5c                BMP280_read16b
 .text.BMP280_write8b
                0x0000000008002d90       0x3c Src/BMP280.o
                0x0000000008002d90                BMP280_write8b
 .text.BMP280_init
                0x0000000008002dcc       0xc0 Src/BMP280.o
                0x0000000008002dcc                BMP280_init
 .text.SystemClock_Config
                0x0000000008002e8c       0x8c Src/main.o
                0x0000000008002e8c                SystemClock_Config
 .text.startup.main
                0x0000000008002f18      0x1f8 Src/main.o
                0x0000000008002f18                main
 .text.HAL_TIM_PeriodElapsedCallback
                0x0000000008003110       0x14 Src/main.o
                0x0000000008003110                HAL_TIM_PeriodElapsedCallback
 .text.Error_Handler
                0x0000000008003124        0x2 Src/main.o
                0x0000000008003124                Error_Handler
 *fill*         0x0000000008003126        0x2 
 .text.HAL_MspInit
                0x0000000008003128       0x44 Src/stm32l4xx_hal_msp.o
                0x0000000008003128                HAL_MspInit
 .text.HAL_I2C_MspInit
                0x000000000800316c       0x8c Src/stm32l4xx_hal_msp.o
                0x000000000800316c                HAL_I2C_MspInit
 .text.HAL_RTC_MspInit
                0x00000000080031f8       0x20 Src/stm32l4xx_hal_msp.o
                0x00000000080031f8                HAL_RTC_MspInit
 .text.HAL_UART_MspInit
                0x0000000008003218       0xcc Src/stm32l4xx_hal_msp.o
                0x0000000008003218                HAL_UART_MspInit
 .text.HAL_InitTick
                0x00000000080032e4       0x78 Src/stm32l4xx_hal_timebase_tim.o
                0x00000000080032e4                HAL_InitTick
 .text.NMI_Handler
                0x000000000800335c        0x4 Src/stm32l4xx_it.o
                0x000000000800335c                NMI_Handler
 .text.HardFault_Handler
                0x0000000008003360        0x2 Src/stm32l4xx_it.o
                0x0000000008003360                HardFault_Handler
 .text.MemManage_Handler
                0x0000000008003362        0x2 Src/stm32l4xx_it.o
                0x0000000008003362                MemManage_Handler
 .text.BusFault_Handler
                0x0000000008003364        0x2 Src/stm32l4xx_it.o
                0x0000000008003364                BusFault_Handler
 .text.UsageFault_Handler
                0x0000000008003366        0x2 Src/stm32l4xx_it.o
                0x0000000008003366                UsageFault_Handler
 .text.SVC_Handler
                0x0000000008003368        0x2 Src/stm32l4xx_it.o
                0x0000000008003368                SVC_Handler
 .text.DebugMon_Handler
                0x000000000800336a        0x2 Src/stm32l4xx_it.o
                0x000000000800336a                DebugMon_Handler
 .text.PendSV_Handler
                0x000000000800336c        0x2 Src/stm32l4xx_it.o
                0x000000000800336c                PendSV_Handler
 .text.RCC_IRQHandler
                0x000000000800336e        0x2 Src/stm32l4xx_it.o
                0x000000000800336e                RCC_IRQHandler
 .text.EXTI0_IRQHandler
                0x0000000008003370        0x6 Src/stm32l4xx_it.o
                0x0000000008003370                EXTI0_IRQHandler
 *fill*         0x0000000008003376        0x2 
 .text.DMA1_Channel6_IRQHandler
                0x0000000008003378        0xc Src/stm32l4xx_it.o
                0x0000000008003378                DMA1_Channel6_IRQHandler
 .text.DMA1_Channel7_IRQHandler
                0x0000000008003384        0xc Src/stm32l4xx_it.o
                0x0000000008003384                DMA1_Channel7_IRQHandler
 .text.TIM1_UP_TIM16_IRQHandler
                0x0000000008003390        0xc Src/stm32l4xx_it.o
                0x0000000008003390                TIM1_UP_TIM16_IRQHandler
 .text.I2C1_EV_IRQHandler
                0x000000000800339c        0xc Src/stm32l4xx_it.o
                0x000000000800339c                I2C1_EV_IRQHandler
 .text.I2C1_ER_IRQHandler
                0x00000000080033a8        0xc Src/stm32l4xx_it.o
                0x00000000080033a8                I2C1_ER_IRQHandler
 .text.SystemInit
                0x00000000080033b4       0x48 Src/system_stm32l4xx.o
                0x00000000080033b4                SystemInit
 .text.Reset_Handler
                0x00000000080033fc       0x50 startup/startup_stm32l476xx.o
                0x00000000080033fc                Reset_Handler
 .text.Default_Handler
                0x000000000800344c        0x2 startup/startup_stm32l476xx.o
                0x000000000800344c                RTC_Alarm_IRQHandler
                0x000000000800344c                EXTI2_IRQHandler
                0x000000000800344c                TIM8_TRG_COM_IRQHandler
                0x000000000800344c                TIM8_CC_IRQHandler
                0x000000000800344c                TIM1_CC_IRQHandler
                0x000000000800344c                TSC_IRQHandler
                0x000000000800344c                SysTick_Handler
                0x000000000800344c                TAMP_STAMP_IRQHandler
                0x000000000800344c                EXTI3_IRQHandler
                0x000000000800344c                LPTIM2_IRQHandler
                0x000000000800344c                DFSDM1_FLT1_IRQHandler
                0x000000000800344c                I2C3_ER_IRQHandler
                0x000000000800344c                DFSDM1_FLT2_IRQHandler
                0x000000000800344c                I2C2_EV_IRQHandler
                0x000000000800344c                CAN1_RX0_IRQHandler
                0x000000000800344c                FPU_IRQHandler
                0x000000000800344c                ADC1_2_IRQHandler
                0x000000000800344c                SPI1_IRQHandler
                0x000000000800344c                TIM6_DAC_IRQHandler
                0x000000000800344c                TIM8_UP_IRQHandler
                0x000000000800344c                DMA2_Channel2_IRQHandler
                0x000000000800344c                DMA1_Channel4_IRQHandler
                0x000000000800344c                SAI2_IRQHandler
                0x000000000800344c                DFSDM1_FLT3_IRQHandler
                0x000000000800344c                USART3_IRQHandler
                0x000000000800344c                CAN1_RX1_IRQHandler
                0x000000000800344c                LCD_IRQHandler
                0x000000000800344c                UART5_IRQHandler
                0x000000000800344c                ADC3_IRQHandler
                0x000000000800344c                TIM4_IRQHandler
                0x000000000800344c                DMA2_Channel1_IRQHandler
                0x000000000800344c                QUADSPI_IRQHandler
                0x000000000800344c                UART4_IRQHandler
                0x000000000800344c                DMA2_Channel4_IRQHandler
                0x000000000800344c                TIM3_IRQHandler
                0x000000000800344c                DMA1_Channel1_IRQHandler
                0x000000000800344c                Default_Handler
                0x000000000800344c                DMA2_Channel7_IRQHandler
                0x000000000800344c                EXTI15_10_IRQHandler
                0x000000000800344c                TIM7_IRQHandler
                0x000000000800344c                SDMMC1_IRQHandler
                0x000000000800344c                TIM5_IRQHandler
                0x000000000800344c                I2C3_EV_IRQHandler
                0x000000000800344c                EXTI9_5_IRQHandler
                0x000000000800344c                RTC_WKUP_IRQHandler
                0x000000000800344c                PVD_PVM_IRQHandler
                0x000000000800344c                SPI2_IRQHandler
                0x000000000800344c                CAN1_TX_IRQHandler
                0x000000000800344c                DMA2_Channel5_IRQHandler
                0x000000000800344c                DMA1_Channel5_IRQHandler
                0x000000000800344c                EXTI4_IRQHandler
                0x000000000800344c                RNG_IRQHandler
                0x000000000800344c                TIM1_TRG_COM_TIM17_IRQHandler
                0x000000000800344c                DMA1_Channel3_IRQHandler
                0x000000000800344c                COMP_IRQHandler
                0x000000000800344c                WWDG_IRQHandler
                0x000000000800344c                LPUART1_IRQHandler
                0x000000000800344c                DMA2_Channel6_IRQHandler
                0x000000000800344c                TIM2_IRQHandler
                0x000000000800344c                EXTI1_IRQHandler
                0x000000000800344c                USART2_IRQHandler
                0x000000000800344c                DFSDM1_FLT0_IRQHandler
                0x000000000800344c                I2C2_ER_IRQHandler
                0x000000000800344c                DMA1_Channel2_IRQHandler
                0x000000000800344c                TIM8_BRK_IRQHandler
                0x000000000800344c                CAN1_SCE_IRQHandler
                0x000000000800344c                FLASH_IRQHandler
                0x000000000800344c                USART1_IRQHandler
                0x000000000800344c                OTG_FS_IRQHandler
                0x000000000800344c                SPI3_IRQHandler
                0x000000000800344c                FMC_IRQHandler
                0x000000000800344c                SWPMI1_IRQHandler
                0x000000000800344c                LPTIM1_IRQHandler
                0x000000000800344c                SAI1_IRQHandler
                0x000000000800344c                DMA2_Channel3_IRQHandler
                0x000000000800344c                TIM1_BRK_TIM15_IRQHandler
 *fill*         0x000000000800344e        0x2 
 .text.__libc_init_array
                0x0000000008003450       0x48 /opt/Atollic_TrueSTUDIO_for_STM32_x86_64_9.0.0/ARMTools/bin/../lib/gcc/arm-atollic-eabi/6.3.1/../../../../arm-atollic-eabi/lib/armv7e-m/fpu/libc_nano.a(lib_a-init.o)
                0x0000000008003450                __libc_init_array
 .text.memset   0x0000000008003498       0x10 /opt/Atollic_TrueSTUDIO_for_STM32_x86_64_9.0.0/ARMTools/bin/../lib/gcc/arm-atollic-eabi/6.3.1/../../../../arm-atollic-eabi/lib/armv7e-m/fpu/libc_nano.a(lib_a-memset.o)
                0x0000000008003498                memset
 *(.glue_7)
 .glue_7        0x00000000080034a8        0x0 linker stubs
 *(.glue_7t)
 .glue_7t       0x00000000080034a8        0x0 linker stubs
 *(.eh_frame)
 .eh_frame      0x00000000080034a8        0x0 /opt/Atollic_TrueSTUDIO_for_STM32_x86_64_9.0.0/ARMTools/bin/../lib/gcc/arm-atollic-eabi/6.3.1/armv7e-m/fpu/crtbegin.o
 *(.init)
 .init          0x00000000080034a8        0x4 /opt/Atollic_TrueSTUDIO_for_STM32_x86_64_9.0.0/ARMTools/bin/../lib/gcc/arm-atollic-eabi/6.3.1/armv7e-m/fpu/crti.o
                0x00000000080034a8                _init
 .init          0x00000000080034ac        0x8 /opt/Atollic_TrueSTUDIO_for_STM32_x86_64_9.0.0/ARMTools/bin/../lib/gcc/arm-atollic-eabi/6.3.1/armv7e-m/fpu/crtn.o
 *(.fini)
 .fini          0x00000000080034b4        0x4 /opt/Atollic_TrueSTUDIO_for_STM32_x86_64_9.0.0/ARMTools/bin/../lib/gcc/arm-atollic-eabi/6.3.1/armv7e-m/fpu/crti.o
                0x00000000080034b4                _fini
 .fini          0x00000000080034b8        0x8 /opt/Atollic_TrueSTUDIO_for_STM32_x86_64_9.0.0/ARMTools/bin/../lib/gcc/arm-atollic-eabi/6.3.1/armv7e-m/fpu/crtn.o
                0x00000000080034c0                . = ALIGN (0x4)
                0x00000000080034c0                _etext = .

.vfp11_veneer   0x00000000080034c0        0x0
 .vfp11_veneer  0x00000000080034c0        0x0 linker stubs

.v4_bx          0x00000000080034c0        0x0
 .v4_bx         0x00000000080034c0        0x0 linker stubs

.iplt           0x00000000080034c0        0x0
 .iplt          0x00000000080034c0        0x0 /opt/Atollic_TrueSTUDIO_for_STM32_x86_64_9.0.0/ARMTools/bin/../lib/gcc/arm-atollic-eabi/6.3.1/armv7e-m/fpu/crtbegin.o

.rodata         0x00000000080034c0       0x5c
                0x00000000080034c0                . = ALIGN (0x4)
 *(.rodata)
 *(.rodata*)
 .rodata.CSWTCH.51
                0x00000000080034c0        0x4 Drivers/STM32L4xx_HAL_Driver/Src/stm32l4xx_hal_uart.o
 .rodata.CSWTCH.52
                0x00000000080034c4        0xd Drivers/STM32L4xx_HAL_Driver/Src/stm32l4xx_hal_uart.o
 .rodata.AHBPrescTable
                0x00000000080034d1       0x10 Src/system_stm32l4xx.o
                0x00000000080034d1                AHBPrescTable
 .rodata.APBPrescTable
                0x00000000080034e1        0x8 Src/system_stm32l4xx.o
                0x00000000080034e1                APBPrescTable
 *fill*         0x00000000080034e9        0x3 
 .rodata.MSIRangeTable
                0x00000000080034ec       0x30 Src/system_stm32l4xx.o
                0x00000000080034ec                MSIRangeTable
                0x000000000800351c                . = ALIGN (0x4)

.ARM.extab
 *(.ARM.extab* .gnu.linkonce.armextab.*)

.ARM            0x000000000800351c        0x8
                0x000000000800351c                __exidx_start = .
 *(.ARM.exidx*)
 .ARM.exidx     0x000000000800351c        0x8 /opt/Atollic_TrueSTUDIO_for_STM32_x86_64_9.0.0/ARMTools/bin/../lib/gcc/arm-atollic-eabi/6.3.1/armv7e-m/fpu/libgcc.a(_udivmoddi4.o)
                0x0000000008003524                __exidx_end = .

.rel.dyn        0x0000000008003524        0x0
 .rel.iplt      0x0000000008003524        0x0 /opt/Atollic_TrueSTUDIO_for_STM32_x86_64_9.0.0/ARMTools/bin/../lib/gcc/arm-atollic-eabi/6.3.1/armv7e-m/fpu/crtbegin.o

.preinit_array  0x0000000008003524        0x0
                0x0000000008003524                PROVIDE (__preinit_array_start, .)
 *(.preinit_array*)
                0x0000000008003524                PROVIDE (__preinit_array_end, .)

.init_array     0x0000000008003524        0x4
                0x0000000008003524                PROVIDE (__init_array_start, .)
 *(SORT(.init_array.*))
 *(.init_array*)
 .init_array    0x0000000008003524        0x4 /opt/Atollic_TrueSTUDIO_for_STM32_x86_64_9.0.0/ARMTools/bin/../lib/gcc/arm-atollic-eabi/6.3.1/armv7e-m/fpu/crtbegin.o
                0x0000000008003528                PROVIDE (__init_array_end, .)

.fini_array     0x0000000008003528        0x4
                [!provide]                        PROVIDE (__fini_array_start, .)
 *(SORT(.fini_array.*))
 *(.fini_array*)
 .fini_array    0x0000000008003528        0x4 /opt/Atollic_TrueSTUDIO_for_STM32_x86_64_9.0.0/ARMTools/bin/../lib/gcc/arm-atollic-eabi/6.3.1/armv7e-m/fpu/crtbegin.o
                [!provide]                        PROVIDE (__fini_array_end, .)
                0x000000000800352c                _sidata = LOADADDR (.data)

.data           0x0000000020000000        0x4 load address 0x000000000800352c
                0x0000000020000000                . = ALIGN (0x4)
                0x0000000020000000                _sdata = .
 *(.data)
 *(.data*)
 .data.SystemCoreClock
                0x0000000020000000        0x4 Src/system_stm32l4xx.o
                0x0000000020000000                SystemCoreClock
                0x0000000020000004                . = ALIGN (0x4)
                0x0000000020000004                _edata = .

.igot.plt       0x0000000020000004        0x0 load address 0x0000000008003530
 .igot.plt      0x0000000020000004        0x0 /opt/Atollic_TrueSTUDIO_for_STM32_x86_64_9.0.0/ARMTools/bin/../lib/gcc/arm-atollic-eabi/6.3.1/armv7e-m/fpu/crtbegin.o
                0x0000000020000004                . = ALIGN (0x4)

.bss            0x0000000020000004      0x1e4 load address 0x0000000008003530
                0x0000000020000004                _sbss = .
                0x0000000020000004                __bss_start__ = _sbss
 *(.bss)
 .bss           0x0000000020000004       0x1c /opt/Atollic_TrueSTUDIO_for_STM32_x86_64_9.0.0/ARMTools/bin/../lib/gcc/arm-atollic-eabi/6.3.1/armv7e-m/fpu/crtbegin.o
 *(.bss*)
 *(COMMON)
 COMMON         0x0000000020000020        0x4 Drivers/STM32L4xx_HAL_Driver/Src/stm32l4xx_hal.o
                0x0000000020000020                uwTick
 COMMON         0x0000000020000024        0xc Src/BMP280.o
                0x0000000020000024                BMP280_readings
                0x0000000020000028                BMP280
                0x000000002000002c                BMP280_I2C_handler
 COMMON         0x0000000020000030      0x178 Src/main.o
                0x0000000020000030                hdma_usart2_rx
                0x0000000020000078                hi2c1
                0x00000000200000c4                hdma_usart2_tx
                0x000000002000010c                hrtc
                0x0000000020000130                huart2
 COMMON         0x00000000200001a8       0x40 Src/stm32l4xx_hal_timebase_tim.o
                0x00000000200001a8                htim1
                0x00000000200001e8                . = ALIGN (0x4)
                0x00000000200001e8                _ebss = .
                0x00000000200001e8                __bss_end__ = _ebss

._user_heap_stack
                0x00000000200001e8      0x600 load address 0x0000000008003530
                0x00000000200001e8                . = ALIGN (0x4)
                [!provide]                        PROVIDE (end, .)
                [!provide]                        PROVIDE (_end, .)
                0x00000000200003e8                . = (. + _Min_Heap_Size)
 *fill*         0x00000000200001e8      0x200 
                0x00000000200007e8                . = (. + _Min_Stack_Size)
 *fill*         0x00000000200003e8      0x400 
                0x00000000200007e8                . = ALIGN (0x4)

/DISCARD/
 libc.a(*)
 libm.a(*)
 libgcc.a(*)

.ARM.attributes
                0x0000000000000000       0x30
 *(.ARM.attributes)
 .ARM.attributes
                0x0000000000000000       0x22 /opt/Atollic_TrueSTUDIO_for_STM32_x86_64_9.0.0/ARMTools/bin/../lib/gcc/arm-atollic-eabi/6.3.1/armv7e-m/fpu/crti.o
 .ARM.attributes
                0x0000000000000022       0x34 /opt/Atollic_TrueSTUDIO_for_STM32_x86_64_9.0.0/ARMTools/bin/../lib/gcc/arm-atollic-eabi/6.3.1/armv7e-m/fpu/crtbegin.o
 .ARM.attributes
                0x0000000000000056       0x39 Drivers/STM32L4xx_HAL_Driver/Src/stm32l4xx_hal.o
 .ARM.attributes
                0x000000000000008f       0x39 Drivers/STM32L4xx_HAL_Driver/Src/stm32l4xx_hal_cortex.o
 .ARM.attributes
                0x00000000000000c8       0x39 Drivers/STM32L4xx_HAL_Driver/Src/stm32l4xx_hal_dma.o
 .ARM.attributes
                0x0000000000000101       0x39 Drivers/STM32L4xx_HAL_Driver/Src/stm32l4xx_hal_gpio.o
 .ARM.attributes
                0x000000000000013a       0x39 Drivers/STM32L4xx_HAL_Driver/Src/stm32l4xx_hal_i2c.o
 .ARM.attributes
                0x0000000000000173       0x39 Drivers/STM32L4xx_HAL_Driver/Src/stm32l4xx_hal_i2c_ex.o
 .ARM.attributes
                0x00000000000001ac       0x39 Drivers/STM32L4xx_HAL_Driver/Src/stm32l4xx_hal_pwr_ex.o
 .ARM.attributes
                0x00000000000001e5       0x39 Drivers/STM32L4xx_HAL_Driver/Src/stm32l4xx_hal_rcc.o
 .ARM.attributes
                0x000000000000021e       0x39 Drivers/STM32L4xx_HAL_Driver/Src/stm32l4xx_hal_rcc_ex.o
 .ARM.attributes
                0x0000000000000257       0x39 Drivers/STM32L4xx_HAL_Driver/Src/stm32l4xx_hal_rtc.o
 .ARM.attributes
                0x0000000000000290       0x39 Drivers/STM32L4xx_HAL_Driver/Src/stm32l4xx_hal_tim.o
 .ARM.attributes
                0x00000000000002c9       0x39 Drivers/STM32L4xx_HAL_Driver/Src/stm32l4xx_hal_tim_ex.o
 .ARM.attributes
                0x0000000000000302       0x39 Drivers/STM32L4xx_HAL_Driver/Src/stm32l4xx_hal_uart.o
 .ARM.attributes
                0x000000000000033b       0x39 Src/BMP280.o
 .ARM.attributes
                0x0000000000000374       0x39 Src/main.o
 .ARM.attributes
                0x00000000000003ad       0x39 Src/stm32l4xx_hal_msp.o
 .ARM.attributes
                0x00000000000003e6       0x39 Src/stm32l4xx_hal_timebase_tim.o
 .ARM.attributes
                0x000000000000041f       0x39 Src/stm32l4xx_it.o
 .ARM.attributes
                0x0000000000000458       0x39 Src/system_stm32l4xx.o
 .ARM.attributes
                0x0000000000000491       0x21 startup/startup_stm32l476xx.o
 .ARM.attributes
                0x00000000000004b2       0x34 /opt/Atollic_TrueSTUDIO_for_STM32_x86_64_9.0.0/ARMTools/bin/../lib/gcc/arm-atollic-eabi/6.3.1/../../../../arm-atollic-eabi/lib/armv7e-m/fpu/libc_nano.a(lib_a-init.o)
 .ARM.attributes
                0x00000000000004e6       0x34 /opt/Atollic_TrueSTUDIO_for_STM32_x86_64_9.0.0/ARMTools/bin/../lib/gcc/arm-atollic-eabi/6.3.1/../../../../arm-atollic-eabi/lib/armv7e-m/fpu/libc_nano.a(lib_a-memset.o)
 .ARM.attributes
                0x000000000000051a       0x22 /opt/Atollic_TrueSTUDIO_for_STM32_x86_64_9.0.0/ARMTools/bin/../lib/gcc/arm-atollic-eabi/6.3.1/armv7e-m/fpu/libgcc.a(_aeabi_uldivmod.o)
 .ARM.attributes
                0x000000000000053c       0x34 /opt/Atollic_TrueSTUDIO_for_STM32_x86_64_9.0.0/ARMTools/bin/../lib/gcc/arm-atollic-eabi/6.3.1/armv7e-m/fpu/libgcc.a(_udivmoddi4.o)
 .ARM.attributes
                0x0000000000000570       0x22 /opt/Atollic_TrueSTUDIO_for_STM32_x86_64_9.0.0/ARMTools/bin/../lib/gcc/arm-atollic-eabi/6.3.1/armv7e-m/fpu/libgcc.a(_dvmd_tls.o)
 .ARM.attributes
                0x0000000000000592       0x22 /opt/Atollic_TrueSTUDIO_for_STM32_x86_64_9.0.0/ARMTools/bin/../lib/gcc/arm-atollic-eabi/6.3.1/armv7e-m/fpu/crtn.o
OUTPUT(BMP280.elf elf32-littlearm)

.debug_info     0x0000000000000000    0x18791
 .debug_info    0x0000000000000000      0xb1c Drivers/STM32L4xx_HAL_Driver/Src/stm32l4xx_hal.o
 .debug_info    0x0000000000000b1c      0xf6d Drivers/STM32L4xx_HAL_Driver/Src/stm32l4xx_hal_cortex.o
 .debug_info    0x0000000000001a89      0x84a Drivers/STM32L4xx_HAL_Driver/Src/stm32l4xx_hal_dma.o
 .debug_info    0x00000000000022d3      0x862 Drivers/STM32L4xx_HAL_Driver/Src/stm32l4xx_hal_gpio.o
 .debug_info    0x0000000000002b35     0x37c1 Drivers/STM32L4xx_HAL_Driver/Src/stm32l4xx_hal_i2c.o
 .debug_info    0x00000000000062f6      0xa36 Drivers/STM32L4xx_HAL_Driver/Src/stm32l4xx_hal_i2c_ex.o
 .debug_info    0x0000000000006d2c      0xad2 Drivers/STM32L4xx_HAL_Driver/Src/stm32l4xx_hal_pwr_ex.o
 .debug_info    0x00000000000077fe      0xdfe Drivers/STM32L4xx_HAL_Driver/Src/stm32l4xx_hal_rcc.o
 .debug_info    0x00000000000085fc     0x1077 Drivers/STM32L4xx_HAL_Driver/Src/stm32l4xx_hal_rcc_ex.o
 .debug_info    0x0000000000009673      0xfe8 Drivers/STM32L4xx_HAL_Driver/Src/stm32l4xx_hal_rtc.o
 .debug_info    0x000000000000a65b     0x33f3 Drivers/STM32L4xx_HAL_Driver/Src/stm32l4xx_hal_tim.o
 .debug_info    0x000000000000da4e     0x13c9 Drivers/STM32L4xx_HAL_Driver/Src/stm32l4xx_hal_tim_ex.o
 .debug_info    0x000000000000ee17     0x1c1d Drivers/STM32L4xx_HAL_Driver/Src/stm32l4xx_hal_uart.o
 .debug_info    0x0000000000010a34      0xd3d Src/BMP280.o
 .debug_info    0x0000000000011771     0x292d Src/main.o
 .debug_info    0x000000000001409e     0x1feb Src/stm32l4xx_hal_msp.o
 .debug_info    0x0000000000016089      0xc4a Src/stm32l4xx_hal_timebase_tim.o
 .debug_info    0x0000000000016cd3     0x148c Src/stm32l4xx_it.o
 .debug_info    0x000000000001815f      0x5cf Src/system_stm32l4xx.o
 .debug_info    0x000000000001872e       0x63 startup/startup_stm32l476xx.o

.debug_abbrev   0x0000000000000000     0x2ec4
 .debug_abbrev  0x0000000000000000      0x29d Drivers/STM32L4xx_HAL_Driver/Src/stm32l4xx_hal.o
 .debug_abbrev  0x000000000000029d      0x2e6 Drivers/STM32L4xx_HAL_Driver/Src/stm32l4xx_hal_cortex.o
 .debug_abbrev  0x0000000000000583      0x224 Drivers/STM32L4xx_HAL_Driver/Src/stm32l4xx_hal_dma.o
 .debug_abbrev  0x00000000000007a7      0x1d7 Drivers/STM32L4xx_HAL_Driver/Src/stm32l4xx_hal_gpio.o
 .debug_abbrev  0x000000000000097e      0x351 Drivers/STM32L4xx_HAL_Driver/Src/stm32l4xx_hal_i2c.o
 .debug_abbrev  0x0000000000000ccf      0x1b2 Drivers/STM32L4xx_HAL_Driver/Src/stm32l4xx_hal_i2c_ex.o
 .debug_abbrev  0x0000000000000e81      0x227 Drivers/STM32L4xx_HAL_Driver/Src/stm32l4xx_hal_pwr_ex.o
 .debug_abbrev  0x00000000000010a8      0x267 Drivers/STM32L4xx_HAL_Driver/Src/stm32l4xx_hal_rcc.o
 .debug_abbrev  0x000000000000130f      0x264 Drivers/STM32L4xx_HAL_Driver/Src/stm32l4xx_hal_rcc_ex.o
 .debug_abbrev  0x0000000000001573      0x244 Drivers/STM32L4xx_HAL_Driver/Src/stm32l4xx_hal_rtc.o
 .debug_abbrev  0x00000000000017b7      0x327 Drivers/STM32L4xx_HAL_Driver/Src/stm32l4xx_hal_tim.o
 .debug_abbrev  0x0000000000001ade      0x2ab Drivers/STM32L4xx_HAL_Driver/Src/stm32l4xx_hal_tim_ex.o
 .debug_abbrev  0x0000000000001d89      0x30e Drivers/STM32L4xx_HAL_Driver/Src/stm32l4xx_hal_uart.o
 .debug_abbrev  0x0000000000002097      0x2b5 Src/BMP280.o
 .debug_abbrev  0x000000000000234c      0x346 Src/main.o
 .debug_abbrev  0x0000000000002692      0x2a1 Src/stm32l4xx_hal_msp.o
 .debug_abbrev  0x0000000000002933      0x1f6 Src/stm32l4xx_hal_timebase_tim.o
 .debug_abbrev  0x0000000000002b29      0x25a Src/stm32l4xx_it.o
 .debug_abbrev  0x0000000000002d83      0x12f Src/system_stm32l4xx.o
 .debug_abbrev  0x0000000000002eb2       0x12 startup/startup_stm32l476xx.o

.debug_loc      0x0000000000000000     0xc632
 .debug_loc     0x0000000000000000      0x149 Drivers/STM32L4xx_HAL_Driver/Src/stm32l4xx_hal.o
 .debug_loc     0x0000000000000149      0x4fb Drivers/STM32L4xx_HAL_Driver/Src/stm32l4xx_hal_cortex.o
 .debug_loc     0x0000000000000644      0x5b7 Drivers/STM32L4xx_HAL_Driver/Src/stm32l4xx_hal_dma.o
 .debug_loc     0x0000000000000bfb      0x29d Drivers/STM32L4xx_HAL_Driver/Src/stm32l4xx_hal_gpio.o
 .debug_loc     0x0000000000000e98     0x38e7 Drivers/STM32L4xx_HAL_Driver/Src/stm32l4xx_hal_i2c.o
 .debug_loc     0x000000000000477f      0x1a0 Drivers/STM32L4xx_HAL_Driver/Src/stm32l4xx_hal_i2c_ex.o
 .debug_loc     0x000000000000491f      0x63b Drivers/STM32L4xx_HAL_Driver/Src/stm32l4xx_hal_pwr_ex.o
 .debug_loc     0x0000000000004f5a      0x5ae Drivers/STM32L4xx_HAL_Driver/Src/stm32l4xx_hal_rcc.o
 .debug_loc     0x0000000000005508      0xd98 Drivers/STM32L4xx_HAL_Driver/Src/stm32l4xx_hal_rcc_ex.o
 .debug_loc     0x00000000000062a0      0x737 Drivers/STM32L4xx_HAL_Driver/Src/stm32l4xx_hal_rtc.o
 .debug_loc     0x00000000000069d7     0x2e6c Drivers/STM32L4xx_HAL_Driver/Src/stm32l4xx_hal_tim.o
 .debug_loc     0x0000000000009843      0xd73 Drivers/STM32L4xx_HAL_Driver/Src/stm32l4xx_hal_tim_ex.o
 .debug_loc     0x000000000000a5b6     0x19b3 Drivers/STM32L4xx_HAL_Driver/Src/stm32l4xx_hal_uart.o
 .debug_loc     0x000000000000bf69      0x390 Src/BMP280.o
 .debug_loc     0x000000000000c2f9       0x2c Src/main.o
 .debug_loc     0x000000000000c325       0xbb Src/stm32l4xx_hal_msp.o
 .debug_loc     0x000000000000c3e0       0x94 Src/stm32l4xx_hal_timebase_tim.o
 .debug_loc     0x000000000000c474      0x1be Src/system_stm32l4xx.o

.debug_aranges  0x0000000000000000      0xef8
 .debug_aranges
                0x0000000000000000      0x108 Drivers/STM32L4xx_HAL_Driver/Src/stm32l4xx_hal.o
 .debug_aranges
                0x0000000000000108       0xa8 Drivers/STM32L4xx_HAL_Driver/Src/stm32l4xx_hal_cortex.o
 .debug_aranges
                0x00000000000001b0       0x78 Drivers/STM32L4xx_HAL_Driver/Src/stm32l4xx_hal_dma.o
 .debug_aranges
                0x0000000000000228       0x58 Drivers/STM32L4xx_HAL_Driver/Src/stm32l4xx_hal_gpio.o
 .debug_aranges
                0x0000000000000280      0x238 Drivers/STM32L4xx_HAL_Driver/Src/stm32l4xx_hal_i2c.o
 .debug_aranges
                0x00000000000004b8       0x48 Drivers/STM32L4xx_HAL_Driver/Src/stm32l4xx_hal_i2c_ex.o
 .debug_aranges
                0x0000000000000500      0x130 Drivers/STM32L4xx_HAL_Driver/Src/stm32l4xx_hal_pwr_ex.o
 .debug_aranges
                0x0000000000000630       0x88 Drivers/STM32L4xx_HAL_Driver/Src/stm32l4xx_hal_rcc.o
 .debug_aranges
                0x00000000000006b8       0xc0 Drivers/STM32L4xx_HAL_Driver/Src/stm32l4xx_hal_rcc_ex.o
 .debug_aranges
                0x0000000000000778       0xa8 Drivers/STM32L4xx_HAL_Driver/Src/stm32l4xx_hal_rtc.o
 .debug_aranges
                0x0000000000000820      0x268 Drivers/STM32L4xx_HAL_Driver/Src/stm32l4xx_hal_tim.o
 .debug_aranges
                0x0000000000000a88      0x100 Drivers/STM32L4xx_HAL_Driver/Src/stm32l4xx_hal_tim_ex.o
 .debug_aranges
                0x0000000000000b88      0x1a0 Drivers/STM32L4xx_HAL_Driver/Src/stm32l4xx_hal_uart.o
 .debug_aranges
                0x0000000000000d28       0x50 Src/BMP280.o
 .debug_aranges
                0x0000000000000d78       0x38 Src/main.o
 .debug_aranges
                0x0000000000000db0       0x50 Src/stm32l4xx_hal_msp.o
 .debug_aranges
                0x0000000000000e00       0x30 Src/stm32l4xx_hal_timebase_tim.o
 .debug_aranges
                0x0000000000000e30       0x78 Src/stm32l4xx_it.o
 .debug_aranges
                0x0000000000000ea8       0x28 Src/system_stm32l4xx.o
 .debug_aranges
                0x0000000000000ed0       0x28 startup/startup_stm32l476xx.o

.debug_ranges   0x0000000000000000     0x11d8
 .debug_ranges  0x0000000000000000       0xf8 Drivers/STM32L4xx_HAL_Driver/Src/stm32l4xx_hal.o
 .debug_ranges  0x00000000000000f8      0x138 Drivers/STM32L4xx_HAL_Driver/Src/stm32l4xx_hal_cortex.o
 .debug_ranges  0x0000000000000230       0xa0 Drivers/STM32L4xx_HAL_Driver/Src/stm32l4xx_hal_dma.o
 .debug_ranges  0x00000000000002d0       0x68 Drivers/STM32L4xx_HAL_Driver/Src/stm32l4xx_hal_gpio.o
 .debug_ranges  0x0000000000000338      0x270 Drivers/STM32L4xx_HAL_Driver/Src/stm32l4xx_hal_i2c.o
 .debug_ranges  0x00000000000005a8       0x68 Drivers/STM32L4xx_HAL_Driver/Src/stm32l4xx_hal_i2c_ex.o
 .debug_ranges  0x0000000000000610      0x120 Drivers/STM32L4xx_HAL_Driver/Src/stm32l4xx_hal_pwr_ex.o
 .debug_ranges  0x0000000000000730       0x90 Drivers/STM32L4xx_HAL_Driver/Src/stm32l4xx_hal_rcc.o
 .debug_ranges  0x00000000000007c0       0xf0 Drivers/STM32L4xx_HAL_Driver/Src/stm32l4xx_hal_rcc_ex.o
 .debug_ranges  0x00000000000008b0       0x98 Drivers/STM32L4xx_HAL_Driver/Src/stm32l4xx_hal_rtc.o
 .debug_ranges  0x0000000000000948      0x318 Drivers/STM32L4xx_HAL_Driver/Src/stm32l4xx_hal_tim.o
 .debug_ranges  0x0000000000000c60       0xf0 Drivers/STM32L4xx_HAL_Driver/Src/stm32l4xx_hal_tim_ex.o
 .debug_ranges  0x0000000000000d50      0x190 Drivers/STM32L4xx_HAL_Driver/Src/stm32l4xx_hal_uart.o
 .debug_ranges  0x0000000000000ee0       0x40 Src/BMP280.o
 .debug_ranges  0x0000000000000f20       0xe8 Src/main.o
 .debug_ranges  0x0000000000001008       0xf0 Src/stm32l4xx_hal_msp.o
 .debug_ranges  0x00000000000010f8       0x40 Src/stm32l4xx_hal_timebase_tim.o
 .debug_ranges  0x0000000000001138       0x68 Src/stm32l4xx_it.o
 .debug_ranges  0x00000000000011a0       0x18 Src/system_stm32l4xx.o
 .debug_ranges  0x00000000000011b8       0x20 startup/startup_stm32l476xx.o

.debug_line     0x0000000000000000     0x8287
 .debug_line    0x0000000000000000      0x437 Drivers/STM32L4xx_HAL_Driver/Src/stm32l4xx_hal.o
 .debug_line    0x0000000000000437      0x43b Drivers/STM32L4xx_HAL_Driver/Src/stm32l4xx_hal_cortex.o
 .debug_line    0x0000000000000872      0x4ce Drivers/STM32L4xx_HAL_Driver/Src/stm32l4xx_hal_dma.o
 .debug_line    0x0000000000000d40      0x3d3 Drivers/STM32L4xx_HAL_Driver/Src/stm32l4xx_hal_gpio.o
 .debug_line    0x0000000000001113     0x191c Drivers/STM32L4xx_HAL_Driver/Src/stm32l4xx_hal_i2c.o
 .debug_line    0x0000000000002a2f      0x357 Drivers/STM32L4xx_HAL_Driver/Src/stm32l4xx_hal_i2c_ex.o
 .debug_line    0x0000000000002d86      0x5bf Drivers/STM32L4xx_HAL_Driver/Src/stm32l4xx_hal_pwr_ex.o
 .debug_line    0x0000000000003345      0x5a7 Drivers/STM32L4xx_HAL_Driver/Src/stm32l4xx_hal_rcc.o
 .debug_line    0x00000000000038ec      0x6e6 Drivers/STM32L4xx_HAL_Driver/Src/stm32l4xx_hal_rcc_ex.o
 .debug_line    0x0000000000003fd2      0x62b Drivers/STM32L4xx_HAL_Driver/Src/stm32l4xx_hal_rtc.o
 .debug_line    0x00000000000045fd     0x132d Drivers/STM32L4xx_HAL_Driver/Src/stm32l4xx_hal_tim.o
 .debug_line    0x000000000000592a      0x74d Drivers/STM32L4xx_HAL_Driver/Src/stm32l4xx_hal_tim_ex.o
 .debug_line    0x0000000000006077      0xdae Drivers/STM32L4xx_HAL_Driver/Src/stm32l4xx_hal_uart.o
 .debug_line    0x0000000000006e25      0x2ff Src/BMP280.o
 .debug_line    0x0000000000007124      0x47e Src/main.o
 .debug_line    0x00000000000075a2      0x3fe Src/stm32l4xx_hal_msp.o
 .debug_line    0x00000000000079a0      0x28e Src/stm32l4xx_hal_timebase_tim.o
 .debug_line    0x0000000000007c2e      0x3a8 Src/stm32l4xx_it.o
 .debug_line    0x0000000000007fd6      0x232 Src/system_stm32l4xx.o
 .debug_line    0x0000000000008208       0x7f startup/startup_stm32l476xx.o

.debug_str      0x0000000000000000     0x5c31
 .debug_str     0x0000000000000000      0xc16 Drivers/STM32L4xx_HAL_Driver/Src/stm32l4xx_hal.o
                                        0xc93 (size before relaxing)
 .debug_str     0x0000000000000c16      0x3c3 Drivers/STM32L4xx_HAL_Driver/Src/stm32l4xx_hal_cortex.o
                                        0xc63 (size before relaxing)
 .debug_str     0x0000000000000fd9      0x40e Drivers/STM32L4xx_HAL_Driver/Src/stm32l4xx_hal_dma.o
                                        0x6bb (size before relaxing)
 .debug_str     0x00000000000013e7      0x1d3 Drivers/STM32L4xx_HAL_Driver/Src/stm32l4xx_hal_gpio.o
                                        0x5b8 (size before relaxing)
 .debug_str     0x00000000000015ba      0xb26 Drivers/STM32L4xx_HAL_Driver/Src/stm32l4xx_hal_i2c.o
                                        0xfe9 (size before relaxing)
 .debug_str     0x00000000000020e0       0xf3 Drivers/STM32L4xx_HAL_Driver/Src/stm32l4xx_hal_i2c_ex.o
                                        0x960 (size before relaxing)
 .debug_str     0x00000000000021d3      0x53f Drivers/STM32L4xx_HAL_Driver/Src/stm32l4xx_hal_pwr_ex.o
                                        0x84f (size before relaxing)
 .debug_str     0x0000000000002712      0x3ad Drivers/STM32L4xx_HAL_Driver/Src/stm32l4xx_hal_rcc.o
                                        0x895 (size before relaxing)
 .debug_str     0x0000000000002abf      0x595 Drivers/STM32L4xx_HAL_Driver/Src/stm32l4xx_hal_rcc_ex.o
                                        0xb25 (size before relaxing)
 .debug_str     0x0000000000003054      0x503 Drivers/STM32L4xx_HAL_Driver/Src/stm32l4xx_hal_rtc.o
                                        0x846 (size before relaxing)
 .debug_str     0x0000000000003557      0xf9d Drivers/STM32L4xx_HAL_Driver/Src/stm32l4xx_hal_tim.o
                                       0x146b (size before relaxing)
 .debug_str     0x00000000000044f4      0x61d Drivers/STM32L4xx_HAL_Driver/Src/stm32l4xx_hal_tim_ex.o
                                        0xe36 (size before relaxing)
 .debug_str     0x0000000000004b11      0x920 Drivers/STM32L4xx_HAL_Driver/Src/stm32l4xx_hal_uart.o
                                        0xfa3 (size before relaxing)
 .debug_str     0x0000000000005431      0x1a9 Src/BMP280.o
                                        0x8ce (size before relaxing)
 .debug_str     0x00000000000055da      0x48a Src/main.o
                                       0x1f8d (size before relaxing)
 .debug_str     0x0000000000005a64       0x1b Src/stm32l4xx_hal_msp.o
                                       0x1863 (size before relaxing)
 .debug_str     0x0000000000005a7f       0x50 Src/stm32l4xx_hal_timebase_tim.o
                                        0xde2 (size before relaxing)
 .debug_str     0x0000000000005acf      0x127 Src/stm32l4xx_it.o
                                        0xfc9 (size before relaxing)
 .debug_str     0x0000000000005bf6       0x3b Src/system_stm32l4xx.o
                                        0x406 (size before relaxing)

.comment        0x0000000000000000       0x7c
 .comment       0x0000000000000000       0x7c Drivers/STM32L4xx_HAL_Driver/Src/stm32l4xx_hal.o
                                         0x7d (size before relaxing)
 .comment       0x000000000000007c       0x7d Drivers/STM32L4xx_HAL_Driver/Src/stm32l4xx_hal_cortex.o
 .comment       0x000000000000007c       0x7d Drivers/STM32L4xx_HAL_Driver/Src/stm32l4xx_hal_dma.o
 .comment       0x000000000000007c       0x7d Drivers/STM32L4xx_HAL_Driver/Src/stm32l4xx_hal_gpio.o
 .comment       0x000000000000007c       0x7d Drivers/STM32L4xx_HAL_Driver/Src/stm32l4xx_hal_i2c.o
 .comment       0x000000000000007c       0x7d Drivers/STM32L4xx_HAL_Driver/Src/stm32l4xx_hal_i2c_ex.o
 .comment       0x000000000000007c       0x7d Drivers/STM32L4xx_HAL_Driver/Src/stm32l4xx_hal_pwr_ex.o
 .comment       0x000000000000007c       0x7d Drivers/STM32L4xx_HAL_Driver/Src/stm32l4xx_hal_rcc.o
 .comment       0x000000000000007c       0x7d Drivers/STM32L4xx_HAL_Driver/Src/stm32l4xx_hal_rcc_ex.o
 .comment       0x000000000000007c       0x7d Drivers/STM32L4xx_HAL_Driver/Src/stm32l4xx_hal_rtc.o
 .comment       0x000000000000007c       0x7d Drivers/STM32L4xx_HAL_Driver/Src/stm32l4xx_hal_tim.o
 .comment       0x000000000000007c       0x7d Drivers/STM32L4xx_HAL_Driver/Src/stm32l4xx_hal_tim_ex.o
 .comment       0x000000000000007c       0x7d Drivers/STM32L4xx_HAL_Driver/Src/stm32l4xx_hal_uart.o
 .comment       0x000000000000007c       0x7d Src/BMP280.o
 .comment       0x000000000000007c       0x7d Src/main.o
 .comment       0x000000000000007c       0x7d Src/stm32l4xx_hal_msp.o
 .comment       0x000000000000007c       0x7d Src/stm32l4xx_hal_timebase_tim.o
 .comment       0x000000000000007c       0x7d Src/stm32l4xx_it.o
 .comment       0x000000000000007c       0x7d Src/system_stm32l4xx.o

.debug_frame    0x0000000000000000     0x2cd8
 .debug_frame   0x0000000000000000      0x244 Drivers/STM32L4xx_HAL_Driver/Src/stm32l4xx_hal.o
 .debug_frame   0x0000000000000244      0x158 Drivers/STM32L4xx_HAL_Driver/Src/stm32l4xx_hal_cortex.o
 .debug_frame   0x000000000000039c      0x140 Drivers/STM32L4xx_HAL_Driver/Src/stm32l4xx_hal_dma.o
 .debug_frame   0x00000000000004dc       0xdc Drivers/STM32L4xx_HAL_Driver/Src/stm32l4xx_hal_gpio.o
 .debug_frame   0x00000000000005b8      0x8d8 Drivers/STM32L4xx_HAL_Driver/Src/stm32l4xx_hal_i2c.o
 .debug_frame   0x0000000000000e90       0x90 Drivers/STM32L4xx_HAL_Driver/Src/stm32l4xx_hal_i2c_ex.o
 .debug_frame   0x0000000000000f20      0x278 Drivers/STM32L4xx_HAL_Driver/Src/stm32l4xx_hal_pwr_ex.o
 .debug_frame   0x0000000000001198      0x160 Drivers/STM32L4xx_HAL_Driver/Src/stm32l4xx_hal_rcc.o
 .debug_frame   0x00000000000012f8      0x200 Drivers/STM32L4xx_HAL_Driver/Src/stm32l4xx_hal_rcc_ex.o
 .debug_frame   0x00000000000014f8      0x20c Drivers/STM32L4xx_HAL_Driver/Src/stm32l4xx_hal_rtc.o
 .debug_frame   0x0000000000001704      0x8b4 Drivers/STM32L4xx_HAL_Driver/Src/stm32l4xx_hal_tim.o
 .debug_frame   0x0000000000001fb8      0x384 Drivers/STM32L4xx_HAL_Driver/Src/stm32l4xx_hal_tim_ex.o
 .debug_frame   0x000000000000233c      0x548 Drivers/STM32L4xx_HAL_Driver/Src/stm32l4xx_hal_uart.o
 .debug_frame   0x0000000000002884       0xe4 Src/BMP280.o
 .debug_frame   0x0000000000002968       0x70 Src/main.o
 .debug_frame   0x00000000000029d8       0xcc Src/stm32l4xx_hal_msp.o
 .debug_frame   0x0000000000002aa4       0x50 Src/stm32l4xx_hal_timebase_tim.o
 .debug_frame   0x0000000000002af4      0x100 Src/stm32l4xx_it.o
 .debug_frame   0x0000000000002bf4       0x38 Src/system_stm32l4xx.o
 .debug_frame   0x0000000000002c2c       0x2c /opt/Atollic_TrueSTUDIO_for_STM32_x86_64_9.0.0/ARMTools/bin/../lib/gcc/arm-atollic-eabi/6.3.1/../../../../arm-atollic-eabi/lib/armv7e-m/fpu/libc_nano.a(lib_a-init.o)
 .debug_frame   0x0000000000002c58       0x20 /opt/Atollic_TrueSTUDIO_for_STM32_x86_64_9.0.0/ARMTools/bin/../lib/gcc/arm-atollic-eabi/6.3.1/../../../../arm-atollic-eabi/lib/armv7e-m/fpu/libc_nano.a(lib_a-memset.o)
 .debug_frame   0x0000000000002c78       0x2c /opt/Atollic_TrueSTUDIO_for_STM32_x86_64_9.0.0/ARMTools/bin/../lib/gcc/arm-atollic-eabi/6.3.1/armv7e-m/fpu/libgcc.a(_aeabi_uldivmod.o)
 .debug_frame   0x0000000000002ca4       0x34 /opt/Atollic_TrueSTUDIO_for_STM32_x86_64_9.0.0/ARMTools/bin/../lib/gcc/arm-atollic-eabi/6.3.1/armv7e-m/fpu/libgcc.a(_udivmoddi4.o)
