Archive member included to satisfy reference by file (symbol)

/opt/Atollic_TrueSTUDIO_for_STM32_x86_64_9.0.0/ARMTools/bin/../lib/gcc/arm-atollic-eabi/6.3.1/../../../../arm-atollic-eabi/lib/armv7e-m/fpu/libc_nano.a(lib_a-init.o)
                              startup/startup_stm32l476xx.o (__libc_init_array)
/opt/Atollic_TrueSTUDIO_for_STM32_x86_64_9.0.0/ARMTools/bin/../lib/gcc/arm-atollic-eabi/6.3.1/../../../../arm-atollic-eabi/lib/armv7e-m/fpu/libc_nano.a(lib_a-memset.o)
                              Src/main.o (memset)
/opt/Atollic_TrueSTUDIO_for_STM32_x86_64_9.0.0/ARMTools/bin/../lib/gcc/arm-atollic-eabi/6.3.1/armv7e-m/fpu/libgcc.a(_arm_addsubsf3.o)
                              Src/BMP280.o (__aeabi_l2f)
/opt/Atollic_TrueSTUDIO_for_STM32_x86_64_9.0.0/ARMTools/bin/../lib/gcc/arm-atollic-eabi/6.3.1/armv7e-m/fpu/libgcc.a(_aeabi_ldivmod.o)
                              Src/BMP280.o (__aeabi_ldivmod)
/opt/Atollic_TrueSTUDIO_for_STM32_x86_64_9.0.0/ARMTools/bin/../lib/gcc/arm-atollic-eabi/6.3.1/armv7e-m/fpu/libgcc.a(_aeabi_uldivmod.o)
                              Drivers/STM32L4xx_HAL_Driver/Src/stm32l4xx_hal_uart.o (__aeabi_uldivmod)
/opt/Atollic_TrueSTUDIO_for_STM32_x86_64_9.0.0/ARMTools/bin/../lib/gcc/arm-atollic-eabi/6.3.1/armv7e-m/fpu/libgcc.a(_udivmoddi4.o)
                              /opt/Atollic_TrueSTUDIO_for_STM32_x86_64_9.0.0/ARMTools/bin/../lib/gcc/arm-atollic-eabi/6.3.1/armv7e-m/fpu/libgcc.a(_aeabi_ldivmod.o) (__udivmoddi4)
/opt/Atollic_TrueSTUDIO_for_STM32_x86_64_9.0.0/ARMTools/bin/../lib/gcc/arm-atollic-eabi/6.3.1/armv7e-m/fpu/libgcc.a(_dvmd_tls.o)
                              /opt/Atollic_TrueSTUDIO_for_STM32_x86_64_9.0.0/ARMTools/bin/../lib/gcc/arm-atollic-eabi/6.3.1/armv7e-m/fpu/libgcc.a(_aeabi_ldivmod.o) (__aeabi_ldiv0)

Allocating common symbols
Common symbol       size              file

hdma_usart2_rx      0x48              Src/main.o
hi2c1               0x4c              Src/main.o
BMP280_readings     0xc               Src/BMP280.o
uwTick              0x4               Drivers/STM32L4xx_HAL_Driver/Src/stm32l4xx_hal.o
BMP280              0x28              Src/BMP280.o
hdma_usart2_tx      0x48              Src/main.o
hrtc                0x24              Src/main.o
htim1               0x40              Src/stm32l4xx_hal_timebase_tim.o
BMP280_I2C_handler  0x4               Src/BMP280.o
htim2               0x40              Src/main.o
huart2              0x78              Src/main.o

Discarded input sections

 .text          0x0000000000000000        0x0 /opt/Atollic_TrueSTUDIO_for_STM32_x86_64_9.0.0/ARMTools/bin/../lib/gcc/arm-atollic-eabi/6.3.1/armv7e-m/fpu/crti.o
 .data          0x0000000000000000        0x0 /opt/Atollic_TrueSTUDIO_for_STM32_x86_64_9.0.0/ARMTools/bin/../lib/gcc/arm-atollic-eabi/6.3.1/armv7e-m/fpu/crti.o
 .bss           0x0000000000000000        0x0 /opt/Atollic_TrueSTUDIO_for_STM32_x86_64_9.0.0/ARMTools/bin/../lib/gcc/arm-atollic-eabi/6.3.1/armv7e-m/fpu/crti.o
 .data          0x0000000000000000        0x4 /opt/Atollic_TrueSTUDIO_for_STM32_x86_64_9.0.0/ARMTools/bin/../lib/gcc/arm-atollic-eabi/6.3.1/armv7e-m/fpu/crtbegin.o
 .text          0x0000000000000000        0x0 Drivers/STM32L4xx_HAL_Driver/Src/stm32l4xx_hal.o
 .data          0x0000000000000000        0x0 Drivers/STM32L4xx_HAL_Driver/Src/stm32l4xx_hal.o
 .bss           0x0000000000000000        0x0 Drivers/STM32L4xx_HAL_Driver/Src/stm32l4xx_hal.o
 .text.HAL_DeInit
                0x0000000000000000       0x58 Drivers/STM32L4xx_HAL_Driver/Src/stm32l4xx_hal.o
 .text.HAL_MspInit
                0x0000000000000000        0xe Drivers/STM32L4xx_HAL_Driver/Src/stm32l4xx_hal.o
 .text.HAL_MspDeInit
                0x0000000000000000        0xe Drivers/STM32L4xx_HAL_Driver/Src/stm32l4xx_hal.o
 .text.HAL_InitTick
                0x0000000000000000       0x48 Drivers/STM32L4xx_HAL_Driver/Src/stm32l4xx_hal.o
 .text.HAL_Delay
                0x0000000000000000       0x3a Drivers/STM32L4xx_HAL_Driver/Src/stm32l4xx_hal.o
 .text.HAL_SuspendTick
                0x0000000000000000       0x20 Drivers/STM32L4xx_HAL_Driver/Src/stm32l4xx_hal.o
 .text.HAL_ResumeTick
                0x0000000000000000       0x20 Drivers/STM32L4xx_HAL_Driver/Src/stm32l4xx_hal.o
 .text.HAL_GetHalVersion
                0x0000000000000000       0x14 Drivers/STM32L4xx_HAL_Driver/Src/stm32l4xx_hal.o
 .text.HAL_GetREVID
                0x0000000000000000       0x1c Drivers/STM32L4xx_HAL_Driver/Src/stm32l4xx_hal.o
 .text.HAL_GetDEVID
                0x0000000000000000       0x1c Drivers/STM32L4xx_HAL_Driver/Src/stm32l4xx_hal.o
 .text.HAL_GetUIDw0
                0x0000000000000000       0x18 Drivers/STM32L4xx_HAL_Driver/Src/stm32l4xx_hal.o
 .text.HAL_GetUIDw1
                0x0000000000000000       0x18 Drivers/STM32L4xx_HAL_Driver/Src/stm32l4xx_hal.o
 .text.HAL_GetUIDw2
                0x0000000000000000       0x18 Drivers/STM32L4xx_HAL_Driver/Src/stm32l4xx_hal.o
 .text.HAL_DBGMCU_EnableDBGSleepMode
[...]
Memory Configuration

Name             Origin             Length             Attributes
RAM              0x0000000020000000 0x0000000000018000 xrw
RAM2             0x0000000010000000 0x0000000000008000 xrw
FLASH            0x0000000008000000 0x0000000000100000 xr
*default*        0x0000000000000000 0xffffffffffffffff

Linker script and memory map

LOAD /opt/Atollic_TrueSTUDIO_for_STM32_x86_64_9.0.0/ARMTools/bin/../lib/gcc/arm-atollic-eabi/6.3.1/armv7e-m/fpu/crti.o
LOAD /opt/Atollic_TrueSTUDIO_for_STM32_x86_64_9.0.0/ARMTools/bin/../lib/gcc/arm-atollic-eabi/6.3.1/armv7e-m/fpu/crtbegin.o
LOAD Drivers/STM32L4xx_HAL_Driver/Src/stm32l4xx_hal.o
LOAD Drivers/STM32L4xx_HAL_Driver/Src/stm32l4xx_hal_cortex.o
LOAD Drivers/STM32L4xx_HAL_Driver/Src/stm32l4xx_hal_dma.o
LOAD Drivers/STM32L4xx_HAL_Driver/Src/stm32l4xx_hal_dma_ex.o
LOAD Drivers/STM32L4xx_HAL_Driver/Src/stm32l4xx_hal_flash.o
LOAD Drivers/STM32L4xx_HAL_Driver/Src/stm32l4xx_hal_flash_ex.o
LOAD Drivers/STM32L4xx_HAL_Driver/Src/stm32l4xx_hal_flash_ramfunc.o
LOAD Drivers/STM32L4xx_HAL_Driver/Src/stm32l4xx_hal_gpio.o
LOAD Drivers/STM32L4xx_HAL_Driver/Src/stm32l4xx_hal_i2c.o
LOAD Drivers/STM32L4xx_HAL_Driver/Src/stm32l4xx_hal_i2c_ex.o
LOAD Drivers/STM32L4xx_HAL_Driver/Src/stm32l4xx_hal_pwr.o
LOAD Drivers/STM32L4xx_HAL_Driver/Src/stm32l4xx_hal_pwr_ex.o
LOAD Drivers/STM32L4xx_HAL_Driver/Src/stm32l4xx_hal_rcc.o
LOAD Drivers/STM32L4xx_HAL_Driver/Src/stm32l4xx_hal_rcc_ex.o
LOAD Drivers/STM32L4xx_HAL_Driver/Src/stm32l4xx_hal_rtc.o
LOAD Drivers/STM32L4xx_HAL_Driver/Src/stm32l4xx_hal_rtc_ex.o
LOAD Drivers/STM32L4xx_HAL_Driver/Src/stm32l4xx_hal_tim.o
LOAD Drivers/STM32L4xx_HAL_Driver/Src/stm32l4xx_hal_tim_ex.o
LOAD Drivers/STM32L4xx_HAL_Driver/Src/stm32l4xx_hal_uart.o
LOAD Drivers/STM32L4xx_HAL_Driver/Src/stm32l4xx_hal_uart_ex.o
LOAD Src/BMP280.o
LOAD Src/main.o
LOAD Src/stm32l4xx_hal_msp.o
LOAD Src/stm32l4xx_hal_timebase_tim.o
LOAD Src/stm32l4xx_it.o
LOAD Src/system_stm32l4xx.o
LOAD startup/startup_stm32l476xx.o
                0x0000000000000080                malloc_getpagesize_P = 0x80
START GROUP
LOAD /opt/Atollic_TrueSTUDIO_for_STM32_x86_64_9.0.0/ARMTools/bin/../lib/gcc/arm-atollic-eabi/6.3.1/../../../../arm-atollic-eabi/lib/armv7e-m/fpu/libc_nano.a
LOAD /opt/Atollic_TrueSTUDIO_for_STM32_x86_64_9.0.0/ARMTools/bin/../lib/gcc/arm-atollic-eabi/6.3.1/../../../../arm-atollic-eabi/lib/armv7e-m/fpu/libm.a
END GROUP
START GROUP
LOAD /opt/Atollic_TrueSTUDIO_for_STM32_x86_64_9.0.0/ARMTools/bin/../lib/gcc/arm-atollic-eabi/6.3.1/armv7e-m/fpu/libgcc.a
LOAD /opt/Atollic_TrueSTUDIO_for_STM32_x86_64_9.0.0/ARMTools/bin/../lib/gcc/arm-atollic-eabi/6.3.1/../../../../arm-atollic-eabi/lib/armv7e-m/fpu/libc_nano.a
END GROUP
START GROUP
LOAD /opt/Atollic_TrueSTUDIO_for_STM32_x86_64_9.0.0/ARMTools/bin/../lib/gcc/arm-atollic-eabi/6.3.1/armv7e-m/fpu/libgcc.a
LOAD /opt/Atollic_TrueSTUDIO_for_STM32_x86_64_9.0.0/ARMTools/bin/../lib/gcc/arm-atollic-eabi/6.3.1/../../../../arm-atollic-eabi/lib/armv7e-m/fpu/libc_nano.a
LOAD /opt/Atollic_TrueSTUDIO_for_STM32_x86_64_9.0.0/ARMTools/bin/../lib/gcc/arm-atollic-eabi/6.3.1/../../../../arm-atollic-eabi/lib/armv7e-m/fpu/libnosys.a
END GROUP
START GROUP
LOAD /opt/Atollic_TrueSTUDIO_for_STM32_x86_64_9.0.0/ARMTools/bin/../lib/gcc/arm-atollic-eabi/6.3.1/armv7e-m/fpu/libgcc.a
LOAD /opt/Atollic_TrueSTUDIO_for_STM32_x86_64_9.0.0/ARMTools/bin/../lib/gcc/arm-atollic-eabi/6.3.1/../../../../arm-atollic-eabi/lib/armv7e-m/fpu/libc_nano.a
LOAD /opt/Atollic_TrueSTUDIO_for_STM32_x86_64_9.0.0/ARMTools/bin/../lib/gcc/arm-atollic-eabi/6.3.1/../../../../arm-atollic-eabi/lib/armv7e-m/fpu/libnosys.a
END GROUP
LOAD /opt/Atollic_TrueSTUDIO_for_STM32_x86_64_9.0.0/ARMTools/bin/../lib/gcc/arm-atollic-eabi/6.3.1/armv7e-m/fpu/crtend.o
LOAD /opt/Atollic_TrueSTUDIO_for_STM32_x86_64_9.0.0/ARMTools/bin/../lib/gcc/arm-atollic-eabi/6.3.1/armv7e-m/fpu/crtn.o
                0x0000000020018000                _estack = 0x20018000
                0x0000000000000200                _Min_Heap_Size = 0x200
                0x0000000000000400                _Min_Stack_Size = 0x400

.isr_vector     0x0000000008000000      0x188
                0x0000000008000000                . = ALIGN (0x4)
 *(.isr_vector)
 .isr_vector    0x0000000008000000      0x188 startup/startup_stm32l476xx.o
                0x0000000008000000                g_pfnVectors
                0x0000000008000188                . = ALIGN (0x4)

.text           0x0000000008000188     0x5890
                0x0000000008000188                . = ALIGN (0x4)
 *(.text)
 .text          0x0000000008000188       0x40 /opt/Atollic_TrueSTUDIO_for_STM32_x86_64_9.0.0/ARMTools/bin/../lib/gcc/arm-atollic-eabi/6.3.1/armv7e-m/fpu/crtbegin.o
 .text          0x00000000080001c8      0x21c /opt/Atollic_TrueSTUDIO_for_STM32_x86_64_9.0.0/ARMTools/bin/../lib/gcc/arm-atollic-eabi/6.3.1/armv7e-m/fpu/libgcc.a(_arm_addsubsf3.o)
                0x00000000080001c8                __aeabi_frsub
                0x00000000080001d0                __subsf3
                0x00000000080001d0                __aeabi_fsub
                0x00000000080001d4                __aeabi_fadd
                0x00000000080001d4                __addsf3
                0x0000000008000334                __aeabi_ui2f
                0x0000000008000334                __floatunsisf
                0x000000000800033c                __aeabi_i2f
                0x000000000800033c                __floatsisf
                0x0000000008000358                __floatundisf
                0x0000000008000358                __aeabi_ul2f
                0x0000000008000368                __floatdisf
                0x0000000008000368                __aeabi_l2f
 .text          0x00000000080003e4       0xa0 /opt/Atollic_TrueSTUDIO_for_STM32_x86_64_9.0.0/ARMTools/bin/../lib/gcc/arm-atollic-eabi/6.3.1/armv7e-m/fpu/libgcc.a(_aeabi_ldivmod.o)
                0x00000000080003e4                __aeabi_ldivmod
 .text          0x0000000008000484       0x30 /opt/Atollic_TrueSTUDIO_for_STM32_x86_64_9.0.0/ARMTools/bin/../lib/gcc/arm-atollic-eabi/6.3.1/armv7e-m/fpu/libgcc.a(_aeabi_uldivmod.o)
                0x0000000008000484                __aeabi_uldivmod
 .text          0x00000000080004b4      0x2dc /opt/Atollic_TrueSTUDIO_for_STM32_x86_64_9.0.0/ARMTools/bin/../lib/gcc/arm-atollic-eabi/6.3.1/armv7e-m/fpu/libgcc.a(_udivmoddi4.o)
                0x00000000080004b4                __udivmoddi4
 .text          0x0000000008000790        0x4 /opt/Atollic_TrueSTUDIO_for_STM32_x86_64_9.0.0/ARMTools/bin/../lib/gcc/arm-atollic-eabi/6.3.1/armv7e-m/fpu/libgcc.a(_dvmd_tls.o)
                0x0000000008000790                __aeabi_ldiv0
                0x0000000008000790                __aeabi_idiv0
 *(.text*)
 .text.HAL_Init
                0x0000000008000794       0x30 Drivers/STM32L4xx_HAL_Driver/Src/stm32l4xx_hal.o
                0x0000000008000794                HAL_Init
 .text.HAL_IncTick
                0x00000000080007c4       0x1c Drivers/STM32L4xx_HAL_Driver/Src/stm32l4xx_hal.o
                0x00000000080007c4                HAL_IncTick
 .text.HAL_GetTick
                0x00000000080007e0       0x18 Drivers/STM32L4xx_HAL_Driver/Src/stm32l4xx_hal.o
                0x00000000080007e0                HAL_GetTick
 .text.NVIC_SetPriorityGrouping
                0x00000000080007f8       0x48 Drivers/STM32L4xx_HAL_Driver/Src/stm32l4xx_hal_cortex.o
 .text.NVIC_GetPriorityGrouping
                0x0000000008000840       0x1c Drivers/STM32L4xx_HAL_Driver/Src/stm32l4xx_hal_cortex.o
 .text.NVIC_EnableIRQ
                0x000000000800085c       0x34 Drivers/STM32L4xx_HAL_Driver/Src/stm32l4xx_hal_cortex.o
 .text.NVIC_SetPriority
                0x0000000008000890       0x54 Drivers/STM32L4xx_HAL_Driver/Src/stm32l4xx_hal_cortex.o
 .text.NVIC_EncodePriority
                0x00000000080008e4       0x62 Drivers/STM32L4xx_HAL_Driver/Src/stm32l4xx_hal_cortex.o
 .text.HAL_NVIC_SetPriorityGrouping
                0x0000000008000946       0x16 Drivers/STM32L4xx_HAL_Driver/Src/stm32l4xx_hal_cortex.o
                0x0000000008000946                HAL_NVIC_SetPriorityGrouping
 .text.HAL_NVIC_SetPriority
                0x000000000800095c       0x38 Drivers/STM32L4xx_HAL_Driver/Src/stm32l4xx_hal_cortex.o
                0x000000000800095c                HAL_NVIC_SetPriority
 .text.HAL_NVIC_EnableIRQ
                0x0000000008000994       0x1c Drivers/STM32L4xx_HAL_Driver/Src/stm32l4xx_hal_cortex.o
                0x0000000008000994                HAL_NVIC_EnableIRQ
 .text.HAL_DMA_Init
                0x00000000080009b0      0x170 Drivers/STM32L4xx_HAL_Driver/Src/stm32l4xx_hal_dma.o
                0x00000000080009b0                HAL_DMA_Init
 .text.HAL_DMA_IRQHandler
                0x0000000008000b20      0x15e Drivers/STM32L4xx_HAL_Driver/Src/stm32l4xx_hal_dma.o
                0x0000000008000b20                HAL_DMA_IRQHandler
 *fill*         0x0000000008000c7e        0x2 
 .text.HAL_GPIO_Init
                0x0000000008000c80      0x350 Drivers/STM32L4xx_HAL_Driver/Src/stm32l4xx_hal_gpio.o
                0x0000000008000c80                HAL_GPIO_Init
 .text.HAL_GPIO_WritePin
                0x0000000008000fd0       0x30 Drivers/STM32L4xx_HAL_Driver/Src/stm32l4xx_hal_gpio.o
                0x0000000008000fd0                HAL_GPIO_WritePin
 .text.HAL_GPIO_TogglePin
                0x0000000008001000       0x24 Drivers/STM32L4xx_HAL_Driver/Src/stm32l4xx_hal_gpio.o
                0x0000000008001000                HAL_GPIO_TogglePin
 .text.HAL_GPIO_EXTI_IRQHandler
                0x0000000008001024       0x30 Drivers/STM32L4xx_HAL_Driver/Src/stm32l4xx_hal_gpio.o
                0x0000000008001024                HAL_GPIO_EXTI_IRQHandler
 .text.HAL_I2C_Init
                0x0000000008001054      0x11c Drivers/STM32L4xx_HAL_Driver/Src/stm32l4xx_hal_i2c.o
                0x0000000008001054                HAL_I2C_Init
 .text.HAL_I2C_Mem_Write
                0x0000000008001170      0x228 Drivers/STM32L4xx_HAL_Driver/Src/stm32l4xx_hal_i2c.o
                0x0000000008001170                HAL_I2C_Mem_Write
 .text.HAL_I2C_Mem_Read
                0x0000000008001398      0x234 Drivers/STM32L4xx_HAL_Driver/Src/stm32l4xx_hal_i2c.o
                0x0000000008001398                HAL_I2C_Mem_Read
 .text.HAL_I2C_IsDeviceReady
                0x00000000080015cc      0x20e Drivers/STM32L4xx_HAL_Driver/Src/stm32l4xx_hal_i2c.o
                0x00000000080015cc                HAL_I2C_IsDeviceReady
 *fill*         0x00000000080017da        0x2 
 .text.I2C_RequestMemoryWrite
                0x00000000080017dc       0xa8 Drivers/STM32L4xx_HAL_Driver/Src/stm32l4xx_hal_i2c.o
 .text.I2C_RequestMemoryRead
                0x0000000008001884       0xa8 Drivers/STM32L4xx_HAL_Driver/Src/stm32l4xx_hal_i2c.o
 .text.I2C_Flush_TXDR
                0x000000000800192c       0x48 Drivers/STM32L4xx_HAL_Driver/Src/stm32l4xx_hal_i2c.o
 .text.I2C_WaitOnFlagUntilTimeout
                0x0000000008001974       0x80 Drivers/STM32L4xx_HAL_Driver/Src/stm32l4xx_hal_i2c.o
 .text.I2C_WaitOnTXISFlagUntilTimeout
                0x00000000080019f4       0x80 Drivers/STM32L4xx_HAL_Driver/Src/stm32l4xx_hal_i2c.o
 .text.I2C_WaitOnSTOPFlagUntilTimeout
                0x0000000008001a74       0x78 Drivers/STM32L4xx_HAL_Driver/Src/stm32l4xx_hal_i2c.o
 .text.I2C_IsAcknowledgeFailed
                0x0000000008001aec       0xcc Drivers/STM32L4xx_HAL_Driver/Src/stm32l4xx_hal_i2c.o
 .text.I2C_TransferConfig
                0x0000000008001bb8       0x58 Drivers/STM32L4xx_HAL_Driver/Src/stm32l4xx_hal_i2c.o
 .text.HAL_I2CEx_ConfigAnalogFilter
                0x0000000008001c10       0x96 Drivers/STM32L4xx_HAL_Driver/Src/stm32l4xx_hal_i2c_ex.o
                0x0000000008001c10                HAL_I2CEx_ConfigAnalogFilter
 .text.HAL_I2CEx_ConfigDigitalFilter
                0x0000000008001ca6       0x98 Drivers/STM32L4xx_HAL_Driver/Src/stm32l4xx_hal_i2c_ex.o
                0x0000000008001ca6                HAL_I2CEx_ConfigDigitalFilter
 *fill*         0x0000000008001d3e        0x2 
 .text.HAL_PWR_EnterSLEEPMode
                0x0000000008001d40       0x68 Drivers/STM32L4xx_HAL_Driver/Src/stm32l4xx_hal_pwr.o
                0x0000000008001d40                HAL_PWR_EnterSLEEPMode
 .text.HAL_PWREx_GetVoltageRange
                0x0000000008001da8       0x1c Drivers/STM32L4xx_HAL_Driver/Src/stm32l4xx_hal_pwr_ex.o
                0x0000000008001da8                HAL_PWREx_GetVoltageRange
 .text.HAL_PWREx_ControlVoltageScaling
                0x0000000008001dc4       0xac Drivers/STM32L4xx_HAL_Driver/Src/stm32l4xx_hal_pwr_ex.o
                0x0000000008001dc4                HAL_PWREx_ControlVoltageScaling
 .text.HAL_PWREx_EnableLowPowerRunMode
                0x0000000008001e70       0x20 Drivers/STM32L4xx_HAL_Driver/Src/stm32l4xx_hal_pwr_ex.o
                0x0000000008001e70                HAL_PWREx_EnableLowPowerRunMode
 .text.HAL_PWREx_DisableLowPowerRunMode
                0x0000000008001e90       0x70 Drivers/STM32L4xx_HAL_Driver/Src/stm32l4xx_hal_pwr_ex.o
                0x0000000008001e90                HAL_PWREx_DisableLowPowerRunMode
 .text.HAL_RCC_OscConfig
                0x0000000008001f00      0x6c8 Drivers/STM32L4xx_HAL_Driver/Src/stm32l4xx_hal_rcc.o
                0x0000000008001f00                HAL_RCC_OscConfig
 .text.HAL_RCC_ClockConfig
                0x00000000080025c8      0x1bc Drivers/STM32L4xx_HAL_Driver/Src/stm32l4xx_hal_rcc.o
                0x00000000080025c8                HAL_RCC_ClockConfig
 .text.HAL_RCC_GetSysClockFreq
                0x0000000008002784      0x138 Drivers/STM32L4xx_HAL_Driver/Src/stm32l4xx_hal_rcc.o
                0x0000000008002784                HAL_RCC_GetSysClockFreq
 .text.HAL_RCC_GetHCLKFreq
                0x00000000080028bc       0x18 Drivers/STM32L4xx_HAL_Driver/Src/stm32l4xx_hal_rcc.o
                0x00000000080028bc                HAL_RCC_GetHCLKFreq
 .text.HAL_RCC_GetPCLK1Freq
                0x00000000080028d4       0x2c Drivers/STM32L4xx_HAL_Driver/Src/stm32l4xx_hal_rcc.o
                0x00000000080028d4                HAL_RCC_GetPCLK1Freq
 .text.HAL_RCC_GetPCLK2Freq
                0x0000000008002900       0x2c Drivers/STM32L4xx_HAL_Driver/Src/stm32l4xx_hal_rcc.o
                0x0000000008002900                HAL_RCC_GetPCLK2Freq
 .text.HAL_RCC_GetClockConfig
                0x000000000800292c       0x64 Drivers/STM32L4xx_HAL_Driver/Src/stm32l4xx_hal_rcc.o
                0x000000000800292c                HAL_RCC_GetClockConfig
 .text.HAL_RCC_EnableCSS
                0x0000000008002990       0x20 Drivers/STM32L4xx_HAL_Driver/Src/stm32l4xx_hal_rcc.o
                0x0000000008002990                HAL_RCC_EnableCSS
 .text.HAL_RCC_NMI_IRQHandler
                0x00000000080029b0       0x28 Drivers/STM32L4xx_HAL_Driver/Src/stm32l4xx_hal_rcc.o
                0x00000000080029b0                HAL_RCC_NMI_IRQHandler
 .text.HAL_RCC_CSSCallback
                0x00000000080029d8        0xe Drivers/STM32L4xx_HAL_Driver/Src/stm32l4xx_hal_rcc.o
                0x00000000080029d8                HAL_RCC_CSSCallback
 *fill*         0x00000000080029e6        0x2 
 .text.RCC_SetFlashLatencyFromMSIRange
                0x00000000080029e8       0xc0 Drivers/STM32L4xx_HAL_Driver/Src/stm32l4xx_hal_rcc.o
 .text.HAL_RCCEx_PeriphCLKConfig
                0x0000000008002aa8      0x5cc Drivers/STM32L4xx_HAL_Driver/Src/stm32l4xx_hal_rcc_ex.o
                0x0000000008002aa8                HAL_RCCEx_PeriphCLKConfig
 .text.RCCEx_PLLSAI1_Config
                0x0000000008003074      0x1e0 Drivers/STM32L4xx_HAL_Driver/Src/stm32l4xx_hal_rcc_ex.o
 .text.RCCEx_PLLSAI2_Config
                0x0000000008003254      0x1b4 Drivers/STM32L4xx_HAL_Driver/Src/stm32l4xx_hal_rcc_ex.o
 .text.HAL_RTC_Init
                0x0000000008003408      0x142 Drivers/STM32L4xx_HAL_Driver/Src/stm32l4xx_hal_rtc.o
                0x0000000008003408                HAL_RTC_Init
 .text.HAL_RTC_WaitForSynchro
                0x000000000800354a       0x4c Drivers/STM32L4xx_HAL_Driver/Src/stm32l4xx_hal_rtc.o
                0x000000000800354a                HAL_RTC_WaitForSynchro
 .text.RTC_EnterInitMode
                0x0000000008003596       0x54 Drivers/STM32L4xx_HAL_Driver/Src/stm32l4xx_hal_rtc.o
                0x0000000008003596                RTC_EnterInitMode
 .text.HAL_TIM_Base_Init
                0x00000000080035ea       0x56 Drivers/STM32L4xx_HAL_Driver/Src/stm32l4xx_hal_tim.o
                0x00000000080035ea                HAL_TIM_Base_Init
 .text.HAL_TIM_Base_Start_IT
                0x0000000008003640       0x58 Drivers/STM32L4xx_HAL_Driver/Src/stm32l4xx_hal_tim.o
                0x0000000008003640                HAL_TIM_Base_Start_IT
 .text.HAL_TIM_IRQHandler
                0x0000000008003698      0x23e Drivers/STM32L4xx_HAL_Driver/Src/stm32l4xx_hal_tim.o
                0x0000000008003698                HAL_TIM_IRQHandler
 .text.HAL_TIM_ConfigClockSource
                0x00000000080038d6      0x196 Drivers/STM32L4xx_HAL_Driver/Src/stm32l4xx_hal_tim.o
                0x00000000080038d6                HAL_TIM_ConfigClockSource
 .text.HAL_TIM_OC_DelayElapsedCallback
                0x0000000008003a6c       0x14 Drivers/STM32L4xx_HAL_Driver/Src/stm32l4xx_hal_tim.o
                0x0000000008003a6c                HAL_TIM_OC_DelayElapsedCallback
 .text.HAL_TIM_IC_CaptureCallback
                0x0000000008003a80       0x14 Drivers/STM32L4xx_HAL_Driver/Src/stm32l4xx_hal_tim.o
                0x0000000008003a80                HAL_TIM_IC_CaptureCallback
 .text.HAL_TIM_PWM_PulseFinishedCallback
                0x0000000008003a94       0x14 Drivers/STM32L4xx_HAL_Driver/Src/stm32l4xx_hal_tim.o
                0x0000000008003a94                HAL_TIM_PWM_PulseFinishedCallback
 .text.HAL_TIM_TriggerCallback
                0x0000000008003aa8       0x14 Drivers/STM32L4xx_HAL_Driver/Src/stm32l4xx_hal_tim.o
                0x0000000008003aa8                HAL_TIM_TriggerCallback
 .text.TIM_Base_SetConfig
                0x0000000008003abc      0x134 Drivers/STM32L4xx_HAL_Driver/Src/stm32l4xx_hal_tim.o
                0x0000000008003abc                TIM_Base_SetConfig
 .text.TIM_TI1_ConfigInputStage
                0x0000000008003bf0       0x5e Drivers/STM32L4xx_HAL_Driver/Src/stm32l4xx_hal_tim.o
 .text.TIM_TI2_ConfigInputStage
                0x0000000008003c4e       0x60 Drivers/STM32L4xx_HAL_Driver/Src/stm32l4xx_hal_tim.o
 .text.TIM_ITRx_SetConfig
                0x0000000008003cae       0x36 Drivers/STM32L4xx_HAL_Driver/Src/stm32l4xx_hal_tim.o
 .text.TIM_ETR_SetConfig
                0x0000000008003ce4       0x40 Drivers/STM32L4xx_HAL_Driver/Src/stm32l4xx_hal_tim.o
                0x0000000008003ce4                TIM_ETR_SetConfig
 .text.HAL_TIMEx_MasterConfigSynchronization
                0x0000000008003d24       0xb8 Drivers/STM32L4xx_HAL_Driver/Src/stm32l4xx_hal_tim_ex.o
                0x0000000008003d24                HAL_TIMEx_MasterConfigSynchronization
 .text.HAL_TIMEx_CommutationCallback
                0x0000000008003ddc       0x14 Drivers/STM32L4xx_HAL_Driver/Src/stm32l4xx_hal_tim_ex.o
                0x0000000008003ddc                HAL_TIMEx_CommutationCallback
 .text.HAL_TIMEx_BreakCallback
                0x0000000008003df0       0x14 Drivers/STM32L4xx_HAL_Driver/Src/stm32l4xx_hal_tim_ex.o
                0x0000000008003df0                HAL_TIMEx_BreakCallback
 .text.HAL_TIMEx_Break2Callback
                0x0000000008003e04       0x14 Drivers/STM32L4xx_HAL_Driver/Src/stm32l4xx_hal_tim_ex.o
                0x0000000008003e04                HAL_TIMEx_Break2Callback
 .text.HAL_UART_Init
                0x0000000008003e18       0xa2 Drivers/STM32L4xx_HAL_Driver/Src/stm32l4xx_hal_uart.o
                0x0000000008003e18                HAL_UART_Init
 *fill*         0x0000000008003eba        0x2 
 .text.UART_SetConfig
                0x0000000008003ebc      0x67c Drivers/STM32L4xx_HAL_Driver/Src/stm32l4xx_hal_uart.o
                0x0000000008003ebc                UART_SetConfig
 .text.UART_AdvFeatureConfig
                0x0000000008004538      0x144 Drivers/STM32L4xx_HAL_Driver/Src/stm32l4xx_hal_uart.o
                0x0000000008004538                UART_AdvFeatureConfig
 .text.UART_CheckIdleState
                0x000000000800467c       0x92 Drivers/STM32L4xx_HAL_Driver/Src/stm32l4xx_hal_uart.o
                0x000000000800467c                UART_CheckIdleState
 .text.UART_WaitOnFlagUntilTimeout
                0x000000000800470e       0x94 Drivers/STM32L4xx_HAL_Driver/Src/stm32l4xx_hal_uart.o
                0x000000000800470e                UART_WaitOnFlagUntilTimeout
 *fill*         0x00000000080047a2        0x2 
 .text.BMP280_read8b
                0x00000000080047a4       0x50 Src/BMP280.o
                0x00000000080047a4                BMP280_read8b
 .text.BMP280_read16b
                0x00000000080047f4       0x44 Src/BMP280.o
                0x00000000080047f4                BMP280_read16b
 .text.BMP280_read16b_LE
                0x0000000008004838       0x32 Src/BMP280.o
                0x0000000008004838                BMP280_read16b_LE
 *fill*         0x000000000800486a        0x2 
 .text.BMP280_write8b
                0x000000000800486c       0x4c Src/BMP280.o
                0x000000000800486c                BMP280_write8b
 .text.BMP280_setConfig
                0x00000000080048b8       0x3e Src/BMP280.o
 *fill*         0x00000000080048f6        0x2 
 .text.BMP280_init
                0x00000000080048f8      0x12c Src/BMP280.o
                0x00000000080048f8                BMP280_init
 .text.BMP280_getTemperatureData
                0x0000000008004a24      0x110 Src/BMP280.o
                0x0000000008004a24                BMP280_getTemperatureData
 .text.BMP280_getPressureAndTemperatureData
                0x0000000008004b34      0x404 Src/BMP280.o
                0x0000000008004b34                BMP280_getPressureAndTemperatureData
 .text.HAL_GPIO_EXTI_Callback
                0x0000000008004f38       0x34 Src/main.o
                0x0000000008004f38                HAL_GPIO_EXTI_Callback
 .text.setupSleepMode
                0x0000000008004f6c       0x24 Src/main.o
                0x0000000008004f6c                setupSleepMode
 .text.init_periodicReadout
                0x0000000008004f90       0x42 Src/main.o
                0x0000000008004f90                init_periodicReadout
 *fill*         0x0000000008004fd2        0x2 
 .text.main     0x0000000008004fd4       0x50 Src/main.o
                0x0000000008004fd4                main
 .text.SystemClock_Config
                0x0000000008005024      0x100 Src/main.o
                0x0000000008005024                SystemClock_Config
 .text.MX_I2C1_Init
                0x0000000008005124       0x80 Src/main.o
 .text.MX_RTC_Init
                0x00000000080051a4       0x50 Src/main.o
 .text.MX_TIM2_Init
                0x00000000080051f4       0x9c Src/main.o
 .text.MX_USART2_UART_Init
                0x0000000008005290       0x60 Src/main.o
 .text.MX_DMA_Init
                0x00000000080052f0       0x4c Src/main.o
 .text.MX_GPIO_Init
                0x000000000800533c      0x120 Src/main.o
 .text.HAL_TIM_PeriodElapsedCallback
                0x000000000800545c       0x38 Src/main.o
                0x000000000800545c                HAL_TIM_PeriodElapsedCallback
 .text.Error_Handler
                0x0000000008005494        0xe Src/main.o
                0x0000000008005494                Error_Handler
 *fill*         0x00000000080054a2        0x2 
 .text.HAL_MspInit
                0x00000000080054a4       0x54 Src/stm32l4xx_hal_msp.o
                0x00000000080054a4                HAL_MspInit
 .text.HAL_I2C_MspInit
                0x00000000080054f8       0x88 Src/stm32l4xx_hal_msp.o
                0x00000000080054f8                HAL_I2C_MspInit
 .text.HAL_RTC_MspInit
                0x0000000008005580       0x38 Src/stm32l4xx_hal_msp.o
                0x0000000008005580                HAL_RTC_MspInit
 .text.HAL_TIM_Base_MspInit
                0x00000000080055b8       0x48 Src/stm32l4xx_hal_msp.o
                0x00000000080055b8                HAL_TIM_Base_MspInit
 .text.HAL_UART_MspInit
                0x0000000008005600      0x138 Src/stm32l4xx_hal_msp.o
                0x0000000008005600                HAL_UART_MspInit
 .text.HAL_InitTick
                0x0000000008005738       0xac Src/stm32l4xx_hal_timebase_tim.o
                0x0000000008005738                HAL_InitTick
 .text.HAL_SuspendTick
                0x00000000080057e4       0x24 Src/stm32l4xx_hal_timebase_tim.o
                0x00000000080057e4                HAL_SuspendTick
 .text.HAL_ResumeTick
                0x0000000008005808       0x24 Src/stm32l4xx_hal_timebase_tim.o
                0x0000000008005808                HAL_ResumeTick
 .text.NMI_Handler
                0x000000000800582c        0xc Src/stm32l4xx_it.o
                0x000000000800582c                NMI_Handler
 .text.HardFault_Handler
                0x0000000008005838        0x6 Src/stm32l4xx_it.o
                0x0000000008005838                HardFault_Handler
 .text.MemManage_Handler
                0x000000000800583e        0x6 Src/stm32l4xx_it.o
                0x000000000800583e                MemManage_Handler
 .text.BusFault_Handler
                0x0000000008005844        0x6 Src/stm32l4xx_it.o
                0x0000000008005844                BusFault_Handler
 .text.UsageFault_Handler
                0x000000000800584a        0x6 Src/stm32l4xx_it.o
                0x000000000800584a                UsageFault_Handler
 .text.SVC_Handler
                0x0000000008005850        0xe Src/stm32l4xx_it.o
                0x0000000008005850                SVC_Handler
 .text.DebugMon_Handler
                0x000000000800585e        0xe Src/stm32l4xx_it.o
                0x000000000800585e                DebugMon_Handler
 .text.PendSV_Handler
                0x000000000800586c        0xe Src/stm32l4xx_it.o
                0x000000000800586c                PendSV_Handler
 .text.RCC_IRQHandler
                0x000000000800587a        0xe Src/stm32l4xx_it.o
                0x000000000800587a                RCC_IRQHandler
 .text.EXTI0_IRQHandler
                0x0000000008005888        0xe Src/stm32l4xx_it.o
                0x0000000008005888                EXTI0_IRQHandler
 *fill*         0x0000000008005896        0x2 
 .text.DMA1_Channel6_IRQHandler
                0x0000000008005898       0x14 Src/stm32l4xx_it.o
                0x0000000008005898                DMA1_Channel6_IRQHandler
 .text.DMA1_Channel7_IRQHandler
                0x00000000080058ac       0x14 Src/stm32l4xx_it.o
                0x00000000080058ac                DMA1_Channel7_IRQHandler
 .text.TIM1_UP_TIM16_IRQHandler
                0x00000000080058c0       0x14 Src/stm32l4xx_it.o
                0x00000000080058c0                TIM1_UP_TIM16_IRQHandler
 .text.TIM2_IRQHandler
                0x00000000080058d4       0x14 Src/stm32l4xx_it.o
                0x00000000080058d4                TIM2_IRQHandler
 .text.SystemInit
                0x00000000080058e8       0x6c Src/system_stm32l4xx.o
                0x00000000080058e8                SystemInit
 .text.Reset_Handler
                0x0000000008005954       0x50 startup/startup_stm32l476xx.o
                0x0000000008005954                Reset_Handler
 .text.Default_Handler
                0x00000000080059a4        0x2 startup/startup_stm32l476xx.o
                0x00000000080059a4                RTC_Alarm_IRQHandler
                0x00000000080059a4                EXTI2_IRQHandler
                0x00000000080059a4                TIM8_TRG_COM_IRQHandler
                0x00000000080059a4                TIM8_CC_IRQHandler
                0x00000000080059a4                TIM1_CC_IRQHandler
                0x00000000080059a4                TSC_IRQHandler
                0x00000000080059a4                SysTick_Handler
                0x00000000080059a4                TAMP_STAMP_IRQHandler
                0x00000000080059a4                EXTI3_IRQHandler
                0x00000000080059a4                LPTIM2_IRQHandler
                0x00000000080059a4                DFSDM1_FLT1_IRQHandler
                0x00000000080059a4                I2C3_ER_IRQHandler
                0x00000000080059a4                DFSDM1_FLT2_IRQHandler
                0x00000000080059a4                I2C2_EV_IRQHandler
                0x00000000080059a4                CAN1_RX0_IRQHandler
                0x00000000080059a4                FPU_IRQHandler
                0x00000000080059a4                ADC1_2_IRQHandler
                0x00000000080059a4                SPI1_IRQHandler
                0x00000000080059a4                TIM6_DAC_IRQHandler
                0x00000000080059a4                TIM8_UP_IRQHandler
                0x00000000080059a4                DMA2_Channel2_IRQHandler
                0x00000000080059a4                DMA1_Channel4_IRQHandler
                0x00000000080059a4                SAI2_IRQHandler
                0x00000000080059a4                DFSDM1_FLT3_IRQHandler
                0x00000000080059a4                USART3_IRQHandler
                0x00000000080059a4                CAN1_RX1_IRQHandler
                0x00000000080059a4                LCD_IRQHandler
                0x00000000080059a4                UART5_IRQHandler
                0x00000000080059a4                ADC3_IRQHandler
                0x00000000080059a4                TIM4_IRQHandler
                0x00000000080059a4                DMA2_Channel1_IRQHandler
                0x00000000080059a4                QUADSPI_IRQHandler
                0x00000000080059a4                I2C1_EV_IRQHandler
                0x00000000080059a4                UART4_IRQHandler
                0x00000000080059a4                DMA2_Channel4_IRQHandler
                0x00000000080059a4                TIM3_IRQHandler
                0x00000000080059a4                DMA1_Channel1_IRQHandler
                0x00000000080059a4                Default_Handler
                0x00000000080059a4                DMA2_Channel7_IRQHandler
                0x00000000080059a4                EXTI15_10_IRQHandler
                0x00000000080059a4                TIM7_IRQHandler
                0x00000000080059a4                SDMMC1_IRQHandler
                0x00000000080059a4                TIM5_IRQHandler
                0x00000000080059a4                I2C3_EV_IRQHandler
                0x00000000080059a4                EXTI9_5_IRQHandler
                0x00000000080059a4                RTC_WKUP_IRQHandler
                0x00000000080059a4                PVD_PVM_IRQHandler
                0x00000000080059a4                SPI2_IRQHandler
                0x00000000080059a4                CAN1_TX_IRQHandler
                0x00000000080059a4                DMA2_Channel5_IRQHandler
                0x00000000080059a4                DMA1_Channel5_IRQHandler
                0x00000000080059a4                EXTI4_IRQHandler
                0x00000000080059a4                RNG_IRQHandler
                0x00000000080059a4                TIM1_TRG_COM_TIM17_IRQHandler
                0x00000000080059a4                DMA1_Channel3_IRQHandler
                0x00000000080059a4                COMP_IRQHandler
                0x00000000080059a4                WWDG_IRQHandler
                0x00000000080059a4                LPUART1_IRQHandler
                0x00000000080059a4                DMA2_Channel6_IRQHandler
                0x00000000080059a4                EXTI1_IRQHandler
                0x00000000080059a4                USART2_IRQHandler
                0x00000000080059a4                DFSDM1_FLT0_IRQHandler
                0x00000000080059a4                I2C2_ER_IRQHandler
                0x00000000080059a4                DMA1_Channel2_IRQHandler
                0x00000000080059a4                TIM8_BRK_IRQHandler
                0x00000000080059a4                CAN1_SCE_IRQHandler
                0x00000000080059a4                FLASH_IRQHandler
                0x00000000080059a4                USART1_IRQHandler
                0x00000000080059a4                OTG_FS_IRQHandler
                0x00000000080059a4                SPI3_IRQHandler
                0x00000000080059a4                I2C1_ER_IRQHandler
                0x00000000080059a4                FMC_IRQHandler
                0x00000000080059a4                SWPMI1_IRQHandler
                0x00000000080059a4                LPTIM1_IRQHandler
                0x00000000080059a4                SAI1_IRQHandler
                0x00000000080059a4                DMA2_Channel3_IRQHandler
                0x00000000080059a4                TIM1_BRK_TIM15_IRQHandler
 *fill*         0x00000000080059a6        0x2 
 .text.__libc_init_array
                0x00000000080059a8       0x48 /opt/Atollic_TrueSTUDIO_for_STM32_x86_64_9.0.0/ARMTools/bin/../lib/gcc/arm-atollic-eabi/6.3.1/../../../../arm-atollic-eabi/lib/armv7e-m/fpu/libc_nano.a(lib_a-init.o)
                0x00000000080059a8                __libc_init_array
 .text.memset   0x00000000080059f0       0x10 /opt/Atollic_TrueSTUDIO_for_STM32_x86_64_9.0.0/ARMTools/bin/../lib/gcc/arm-atollic-eabi/6.3.1/../../../../arm-atollic-eabi/lib/armv7e-m/fpu/libc_nano.a(lib_a-memset.o)
                0x00000000080059f0                memset
 *(.glue_7)
 .glue_7        0x0000000008005a00        0x0 linker stubs
 *(.glue_7t)
 .glue_7t       0x0000000008005a00        0x0 linker stubs
 *(.eh_frame)
 .eh_frame      0x0000000008005a00        0x0 /opt/Atollic_TrueSTUDIO_for_STM32_x86_64_9.0.0/ARMTools/bin/../lib/gcc/arm-atollic-eabi/6.3.1/armv7e-m/fpu/crtbegin.o
 *(.init)
 .init          0x0000000008005a00        0x4 /opt/Atollic_TrueSTUDIO_for_STM32_x86_64_9.0.0/ARMTools/bin/../lib/gcc/arm-atollic-eabi/6.3.1/armv7e-m/fpu/crti.o
                0x0000000008005a00                _init
 .init          0x0000000008005a04        0x8 /opt/Atollic_TrueSTUDIO_for_STM32_x86_64_9.0.0/ARMTools/bin/../lib/gcc/arm-atollic-eabi/6.3.1/armv7e-m/fpu/crtn.o
 *(.fini)
 .fini          0x0000000008005a0c        0x4 /opt/Atollic_TrueSTUDIO_for_STM32_x86_64_9.0.0/ARMTools/bin/../lib/gcc/arm-atollic-eabi/6.3.1/armv7e-m/fpu/crti.o
                0x0000000008005a0c                _fini
 .fini          0x0000000008005a10        0x8 /opt/Atollic_TrueSTUDIO_for_STM32_x86_64_9.0.0/ARMTools/bin/../lib/gcc/arm-atollic-eabi/6.3.1/armv7e-m/fpu/crtn.o
                0x0000000008005a18                . = ALIGN (0x4)
                0x0000000008005a18                _etext = .

.vfp11_veneer   0x0000000008005a18        0x0
 .vfp11_veneer  0x0000000008005a18        0x0 linker stubs

.v4_bx          0x0000000008005a18        0x0
 .v4_bx         0x0000000008005a18        0x0 linker stubs

.iplt           0x0000000008005a18        0x0
 .iplt          0x0000000008005a18        0x0 /opt/Atollic_TrueSTUDIO_for_STM32_x86_64_9.0.0/ARMTools/bin/../lib/gcc/arm-atollic-eabi/6.3.1/armv7e-m/fpu/crtbegin.o

.rodata         0x0000000008005a18       0x48
                0x0000000008005a18                . = ALIGN (0x4)
 *(.rodata)
 *(.rodata*)
 .rodata.AHBPrescTable
                0x0000000008005a18       0x10 Src/system_stm32l4xx.o
                0x0000000008005a18                AHBPrescTable
 .rodata.APBPrescTable
                0x0000000008005a28        0x8 Src/system_stm32l4xx.o
                0x0000000008005a28                APBPrescTable
 .rodata.MSIRangeTable
                0x0000000008005a30       0x30 Src/system_stm32l4xx.o
                0x0000000008005a30                MSIRangeTable
                0x0000000008005a60                . = ALIGN (0x4)

.ARM.extab
 *(.ARM.extab* .gnu.linkonce.armextab.*)

.ARM            0x0000000008005a60        0x8
                0x0000000008005a60                __exidx_start = .
 *(.ARM.exidx*)
 .ARM.exidx     0x0000000008005a60        0x8 /opt/Atollic_TrueSTUDIO_for_STM32_x86_64_9.0.0/ARMTools/bin/../lib/gcc/arm-atollic-eabi/6.3.1/armv7e-m/fpu/libgcc.a(_udivmoddi4.o)
                0x0000000008005a68                __exidx_end = .

.rel.dyn        0x0000000008005a68        0x0
 .rel.iplt      0x0000000008005a68        0x0 /opt/Atollic_TrueSTUDIO_for_STM32_x86_64_9.0.0/ARMTools/bin/../lib/gcc/arm-atollic-eabi/6.3.1/armv7e-m/fpu/crtbegin.o

.preinit_array  0x0000000008005a68        0x0
                0x0000000008005a68                PROVIDE (__preinit_array_start, .)
 *(.preinit_array*)
                0x0000000008005a68                PROVIDE (__preinit_array_end, .)

.init_array     0x0000000008005a68        0x4
                0x0000000008005a68                PROVIDE (__init_array_start, .)
 *(SORT(.init_array.*))
 *(.init_array*)
 .init_array    0x0000000008005a68        0x4 /opt/Atollic_TrueSTUDIO_for_STM32_x86_64_9.0.0/ARMTools/bin/../lib/gcc/arm-atollic-eabi/6.3.1/armv7e-m/fpu/crtbegin.o
                0x0000000008005a6c                PROVIDE (__init_array_end, .)

.fini_array     0x0000000008005a6c        0x4
                [!provide]                        PROVIDE (__fini_array_start, .)
 *(SORT(.fini_array.*))
 *(.fini_array*)
 .fini_array    0x0000000008005a6c        0x4 /opt/Atollic_TrueSTUDIO_for_STM32_x86_64_9.0.0/ARMTools/bin/../lib/gcc/arm-atollic-eabi/6.3.1/armv7e-m/fpu/crtbegin.o
                [!provide]                        PROVIDE (__fini_array_end, .)
                0x0000000008005a70                _sidata = LOADADDR (.data)

.data           0x0000000020000000        0x4 load address 0x0000000008005a70
                0x0000000020000000                . = ALIGN (0x4)
                0x0000000020000000                _sdata = .
 *(.data)
 *(.data*)
 .data.SystemCoreClock
                0x0000000020000000        0x4 Src/system_stm32l4xx.o
                0x0000000020000000                SystemCoreClock
                0x0000000020000004                . = ALIGN (0x4)
                0x0000000020000004                _edata = .

.igot.plt       0x0000000020000004        0x0 load address 0x0000000008005a74
 .igot.plt      0x0000000020000004        0x0 /opt/Atollic_TrueSTUDIO_for_STM32_x86_64_9.0.0/ARMTools/bin/../lib/gcc/arm-atollic-eabi/6.3.1/armv7e-m/fpu/crtbegin.o
                0x0000000020000004                . = ALIGN (0x4)

.bss            0x0000000020000004      0x250 load address 0x0000000008005a74
                0x0000000020000004                _sbss = .
                0x0000000020000004                __bss_start__ = _sbss
 *(.bss)
 .bss           0x0000000020000004       0x1c /opt/Atollic_TrueSTUDIO_for_STM32_x86_64_9.0.0/ARMTools/bin/../lib/gcc/arm-atollic-eabi/6.3.1/armv7e-m/fpu/crtbegin.o
 *(.bss*)
 *(COMMON)
 COMMON         0x0000000020000020        0x4 Drivers/STM32L4xx_HAL_Driver/Src/stm32l4xx_hal.o
                0x0000000020000020                uwTick
 COMMON         0x0000000020000024       0x38 Src/BMP280.o
                0x0000000020000024                BMP280_readings
                0x0000000020000030                BMP280
                0x0000000020000058                BMP280_I2C_handler
 COMMON         0x000000002000005c      0x1b8 Src/main.o
                0x000000002000005c                hdma_usart2_rx
                0x00000000200000a4                hi2c1
                0x00000000200000f0                hdma_usart2_tx
                0x0000000020000138                hrtc
                0x000000002000015c                htim2
                0x000000002000019c                huart2
 COMMON         0x0000000020000214       0x40 Src/stm32l4xx_hal_timebase_tim.o
                0x0000000020000214                htim1
                0x0000000020000254                . = ALIGN (0x4)
                0x0000000020000254                _ebss = .
                0x0000000020000254                __bss_end__ = _ebss

._user_heap_stack
                0x0000000020000254      0x600 load address 0x0000000008005a74
                0x0000000020000254                . = ALIGN (0x4)
                [!provide]                        PROVIDE (end, .)
                [!provide]                        PROVIDE (_end, .)
                0x0000000020000454                . = (. + _Min_Heap_Size)
 *fill*         0x0000000020000254      0x200 
                0x0000000020000854                . = (. + _Min_Stack_Size)
 *fill*         0x0000000020000454      0x400 
                0x0000000020000854                . = ALIGN (0x4)

/DISCARD/
 libc.a(*)
 libm.a(*)
 libgcc.a(*)

.ARM.attributes
                0x0000000000000000       0x30
 *(.ARM.attributes)
 .ARM.attributes
                0x0000000000000000       0x22 /opt/Atollic_TrueSTUDIO_for_STM32_x86_64_9.0.0/ARMTools/bin/../lib/gcc/arm-atollic-eabi/6.3.1/armv7e-m/fpu/crti.o
 .ARM.attributes
                0x0000000000000022       0x34 /opt/Atollic_TrueSTUDIO_for_STM32_x86_64_9.0.0/ARMTools/bin/../lib/gcc/arm-atollic-eabi/6.3.1/armv7e-m/fpu/crtbegin.o
 .ARM.attributes
                0x0000000000000056       0x39 Drivers/STM32L4xx_HAL_Driver/Src/stm32l4xx_hal.o
 .ARM.attributes
                0x000000000000008f       0x39 Drivers/STM32L4xx_HAL_Driver/Src/stm32l4xx_hal_cortex.o
 .ARM.attributes
                0x00000000000000c8       0x39 Drivers/STM32L4xx_HAL_Driver/Src/stm32l4xx_hal_dma.o
 .ARM.attributes
                0x0000000000000101       0x39 Drivers/STM32L4xx_HAL_Driver/Src/stm32l4xx_hal_gpio.o
 .ARM.attributes
                0x000000000000013a       0x39 Drivers/STM32L4xx_HAL_Driver/Src/stm32l4xx_hal_i2c.o
 .ARM.attributes
                0x0000000000000173       0x39 Drivers/STM32L4xx_HAL_Driver/Src/stm32l4xx_hal_i2c_ex.o
 .ARM.attributes
                0x00000000000001ac       0x39 Drivers/STM32L4xx_HAL_Driver/Src/stm32l4xx_hal_pwr.o
 .ARM.attributes
                0x00000000000001e5       0x39 Drivers/STM32L4xx_HAL_Driver/Src/stm32l4xx_hal_pwr_ex.o
 .ARM.attributes
                0x000000000000021e       0x39 Drivers/STM32L4xx_HAL_Driver/Src/stm32l4xx_hal_rcc.o
 .ARM.attributes
                0x0000000000000257       0x39 Drivers/STM32L4xx_HAL_Driver/Src/stm32l4xx_hal_rcc_ex.o
 .ARM.attributes
                0x0000000000000290       0x39 Drivers/STM32L4xx_HAL_Driver/Src/stm32l4xx_hal_rtc.o
 .ARM.attributes
                0x00000000000002c9       0x39 Drivers/STM32L4xx_HAL_Driver/Src/stm32l4xx_hal_tim.o
 .ARM.attributes
                0x0000000000000302       0x39 Drivers/STM32L4xx_HAL_Driver/Src/stm32l4xx_hal_tim_ex.o
 .ARM.attributes
                0x000000000000033b       0x39 Drivers/STM32L4xx_HAL_Driver/Src/stm32l4xx_hal_uart.o
 .ARM.attributes
                0x0000000000000374       0x39 Src/BMP280.o
 .ARM.attributes
                0x00000000000003ad       0x39 Src/main.o
 .ARM.attributes
                0x00000000000003e6       0x39 Src/stm32l4xx_hal_msp.o
 .ARM.attributes
                0x000000000000041f       0x39 Src/stm32l4xx_hal_timebase_tim.o
 .ARM.attributes
                0x0000000000000458       0x39 Src/stm32l4xx_it.o
 .ARM.attributes
                0x0000000000000491       0x39 Src/system_stm32l4xx.o
 .ARM.attributes
                0x00000000000004ca       0x21 startup/startup_stm32l476xx.o
 .ARM.attributes
                0x00000000000004eb       0x34 /opt/Atollic_TrueSTUDIO_for_STM32_x86_64_9.0.0/ARMTools/bin/../lib/gcc/arm-atollic-eabi/6.3.1/../../../../arm-atollic-eabi/lib/armv7e-m/fpu/libc_nano.a(lib_a-init.o)
 .ARM.attributes
                0x000000000000051f       0x34 /opt/Atollic_TrueSTUDIO_for_STM32_x86_64_9.0.0/ARMTools/bin/../lib/gcc/arm-atollic-eabi/6.3.1/../../../../arm-atollic-eabi/lib/armv7e-m/fpu/libc_nano.a(lib_a-memset.o)
 .ARM.attributes
                0x0000000000000553       0x22 /opt/Atollic_TrueSTUDIO_for_STM32_x86_64_9.0.0/ARMTools/bin/../lib/gcc/arm-atollic-eabi/6.3.1/armv7e-m/fpu/libgcc.a(_arm_addsubsf3.o)
 .ARM.attributes
                0x0000000000000575       0x22 /opt/Atollic_TrueSTUDIO_for_STM32_x86_64_9.0.0/ARMTools/bin/../lib/gcc/arm-atollic-eabi/6.3.1/armv7e-m/fpu/libgcc.a(_aeabi_ldivmod.o)
 .ARM.attributes
                0x0000000000000597       0x22 /opt/Atollic_TrueSTUDIO_for_STM32_x86_64_9.0.0/ARMTools/bin/../lib/gcc/arm-atollic-eabi/6.3.1/armv7e-m/fpu/libgcc.a(_aeabi_uldivmod.o)
 .ARM.attributes
                0x00000000000005b9       0x34 /opt/Atollic_TrueSTUDIO_for_STM32_x86_64_9.0.0/ARMTools/bin/../lib/gcc/arm-atollic-eabi/6.3.1/armv7e-m/fpu/libgcc.a(_udivmoddi4.o)
 .ARM.attributes
                0x00000000000005ed       0x22 /opt/Atollic_TrueSTUDIO_for_STM32_x86_64_9.0.0/ARMTools/bin/../lib/gcc/arm-atollic-eabi/6.3.1/armv7e-m/fpu/libgcc.a(_dvmd_tls.o)
 .ARM.attributes
                0x000000000000060f       0x22 /opt/Atollic_TrueSTUDIO_for_STM32_x86_64_9.0.0/ARMTools/bin/../lib/gcc/arm-atollic-eabi/6.3.1/armv7e-m/fpu/crtn.o
OUTPUT(BMP280.elf elf32-littlearm)

.debug_info     0x0000000000000000    0x152d0
 .debug_info    0x0000000000000000      0xa33 Drivers/STM32L4xx_HAL_Driver/Src/stm32l4xx_hal.o
 .debug_info    0x0000000000000a33      0xe09 Drivers/STM32L4xx_HAL_Driver/Src/stm32l4xx_hal_cortex.o
 .debug_info    0x000000000000183c      0x7b5 Drivers/STM32L4xx_HAL_Driver/Src/stm32l4xx_hal_dma.o
 .debug_info    0x0000000000001ff1      0x854 Drivers/STM32L4xx_HAL_Driver/Src/stm32l4xx_hal_gpio.o
 .debug_info    0x0000000000002845     0x1f22 Drivers/STM32L4xx_HAL_Driver/Src/stm32l4xx_hal_i2c.o
 .debug_info    0x0000000000004767      0xa35 Drivers/STM32L4xx_HAL_Driver/Src/stm32l4xx_hal_i2c_ex.o
 .debug_info    0x000000000000519c      0x9a2 Drivers/STM32L4xx_HAL_Driver/Src/stm32l4xx_hal_pwr.o
 .debug_info    0x0000000000005b3e      0xa9d Drivers/STM32L4xx_HAL_Driver/Src/stm32l4xx_hal_pwr_ex.o
 .debug_info    0x00000000000065db      0xbd0 Drivers/STM32L4xx_HAL_Driver/Src/stm32l4xx_hal_rcc.o
 .debug_info    0x00000000000071ab      0xde2 Drivers/STM32L4xx_HAL_Driver/Src/stm32l4xx_hal_rcc_ex.o
 .debug_info    0x0000000000007f8d      0xcc0 Drivers/STM32L4xx_HAL_Driver/Src/stm32l4xx_hal_rtc.o
 .debug_info    0x0000000000008c4d     0x2345 Drivers/STM32L4xx_HAL_Driver/Src/stm32l4xx_hal_tim.o
 .debug_info    0x000000000000af92     0x11ed Drivers/STM32L4xx_HAL_Driver/Src/stm32l4xx_hal_tim_ex.o
 .debug_info    0x000000000000c17f     0x1623 Drivers/STM32L4xx_HAL_Driver/Src/stm32l4xx_hal_uart.o
 .debug_info    0x000000000000d7a2      0xb51 Src/BMP280.o
 .debug_info    0x000000000000e2f3     0x2953 Src/main.o
 .debug_info    0x0000000000010c46     0x2106 Src/stm32l4xx_hal_msp.o
 .debug_info    0x0000000000012d4c      0xb82 Src/stm32l4xx_hal_timebase_tim.o
 .debug_info    0x00000000000138ce     0x13d6 Src/stm32l4xx_it.o
 .debug_info    0x0000000000014ca4      0x5c9 Src/system_stm32l4xx.o
 .debug_info    0x000000000001526d       0x63 startup/startup_stm32l476xx.o

.debug_abbrev   0x0000000000000000     0x287c
 .debug_abbrev  0x0000000000000000      0x1da Drivers/STM32L4xx_HAL_Driver/Src/stm32l4xx_hal.o
 .debug_abbrev  0x00000000000001da      0x2be Drivers/STM32L4xx_HAL_Driver/Src/stm32l4xx_hal_cortex.o
 .debug_abbrev  0x0000000000000498      0x1d4 Drivers/STM32L4xx_HAL_Driver/Src/stm32l4xx_hal_dma.o
 .debug_abbrev  0x000000000000066c      0x1bb Drivers/STM32L4xx_HAL_Driver/Src/stm32l4xx_hal_gpio.o
 .debug_abbrev  0x0000000000000827      0x225 Drivers/STM32L4xx_HAL_Driver/Src/stm32l4xx_hal_i2c.o
 .debug_abbrev  0x0000000000000a4c      0x1b4 Drivers/STM32L4xx_HAL_Driver/Src/stm32l4xx_hal_i2c_ex.o
 .debug_abbrev  0x0000000000000c00      0x1a4 Drivers/STM32L4xx_HAL_Driver/Src/stm32l4xx_hal_pwr.o
 .debug_abbrev  0x0000000000000da4      0x1e4 Drivers/STM32L4xx_HAL_Driver/Src/stm32l4xx_hal_pwr_ex.o
 .debug_abbrev  0x0000000000000f88      0x240 Drivers/STM32L4xx_HAL_Driver/Src/stm32l4xx_hal_rcc.o
 .debug_abbrev  0x00000000000011c8      0x233 Drivers/STM32L4xx_HAL_Driver/Src/stm32l4xx_hal_rcc_ex.o
 .debug_abbrev  0x00000000000013fb      0x1ce Drivers/STM32L4xx_HAL_Driver/Src/stm32l4xx_hal_rtc.o
 .debug_abbrev  0x00000000000015c9      0x21e Drivers/STM32L4xx_HAL_Driver/Src/stm32l4xx_hal_tim.o
 .debug_abbrev  0x00000000000017e7      0x226 Drivers/STM32L4xx_HAL_Driver/Src/stm32l4xx_hal_tim_ex.o
 .debug_abbrev  0x0000000000001a0d      0x200 Drivers/STM32L4xx_HAL_Driver/Src/stm32l4xx_hal_uart.o
 .debug_abbrev  0x0000000000001c0d      0x20b Src/BMP280.o
 .debug_abbrev  0x0000000000001e18      0x32d Src/main.o
 .debug_abbrev  0x0000000000002145      0x264 Src/stm32l4xx_hal_msp.o
 .debug_abbrev  0x00000000000023a9      0x1a5 Src/stm32l4xx_hal_timebase_tim.o
 .debug_abbrev  0x000000000000254e      0x1ed Src/stm32l4xx_it.o
 .debug_abbrev  0x000000000000273b      0x12f Src/system_stm32l4xx.o
 .debug_abbrev  0x000000000000286a       0x12 startup/startup_stm32l476xx.o

.debug_aranges  0x0000000000000000     0x12d8
 .debug_aranges
                0x0000000000000000      0x118 Drivers/STM32L4xx_HAL_Driver/Src/stm32l4xx_hal.o
 .debug_aranges
                0x0000000000000118      0x118 Drivers/STM32L4xx_HAL_Driver/Src/stm32l4xx_hal_cortex.o
 .debug_aranges
                0x0000000000000230       0x80 Drivers/STM32L4xx_HAL_Driver/Src/stm32l4xx_hal_dma.o
 .debug_aranges
                0x00000000000002b0       0x58 Drivers/STM32L4xx_HAL_Driver/Src/stm32l4xx_hal_gpio.o
 .debug_aranges
                0x0000000000000308      0x288 Drivers/STM32L4xx_HAL_Driver/Src/stm32l4xx_hal_i2c.o
 .debug_aranges
                0x0000000000000590       0x48 Drivers/STM32L4xx_HAL_Driver/Src/stm32l4xx_hal_i2c_ex.o
 .debug_aranges
                0x00000000000005d8       0x98 Drivers/STM32L4xx_HAL_Driver/Src/stm32l4xx_hal_pwr.o
 .debug_aranges
                0x0000000000000670      0x148 Drivers/STM32L4xx_HAL_Driver/Src/stm32l4xx_hal_pwr_ex.o
 .debug_aranges
                0x00000000000007b8       0x88 Drivers/STM32L4xx_HAL_Driver/Src/stm32l4xx_hal_rcc.o
 .debug_aranges
                0x0000000000000840       0xc0 Drivers/STM32L4xx_HAL_Driver/Src/stm32l4xx_hal_rcc_ex.o
 .debug_aranges
                0x0000000000000900       0xb8 Drivers/STM32L4xx_HAL_Driver/Src/stm32l4xx_hal_rtc.o
 .debug_aranges
                0x00000000000009b8      0x378 Drivers/STM32L4xx_HAL_Driver/Src/stm32l4xx_hal_tim.o
 .debug_aranges
                0x0000000000000d30      0x158 Drivers/STM32L4xx_HAL_Driver/Src/stm32l4xx_hal_tim_ex.o
 .debug_aranges
                0x0000000000000e88      0x1f8 Drivers/STM32L4xx_HAL_Driver/Src/stm32l4xx_hal_uart.o
 .debug_aranges
                0x0000000000001080       0x58 Src/BMP280.o
 .debug_aranges
                0x00000000000010d8       0x98 Src/main.o
 .debug_aranges
                0x0000000000001170       0x60 Src/stm32l4xx_hal_msp.o
 .debug_aranges
                0x00000000000011d0       0x30 Src/stm32l4xx_hal_timebase_tim.o
 .debug_aranges
                0x0000000000001200       0x88 Src/stm32l4xx_it.o
 .debug_aranges
                0x0000000000001288       0x28 Src/system_stm32l4xx.o
 .debug_aranges
                0x00000000000012b0       0x28 startup/startup_stm32l476xx.o

.debug_ranges   0x0000000000000000     0x1190
 .debug_ranges  0x0000000000000000      0x108 Drivers/STM32L4xx_HAL_Driver/Src/stm32l4xx_hal.o
 .debug_ranges  0x0000000000000108      0x108 Drivers/STM32L4xx_HAL_Driver/Src/stm32l4xx_hal_cortex.o
 .debug_ranges  0x0000000000000210       0x70 Drivers/STM32L4xx_HAL_Driver/Src/stm32l4xx_hal_dma.o
 .debug_ranges  0x0000000000000280       0x48 Drivers/STM32L4xx_HAL_Driver/Src/stm32l4xx_hal_gpio.o
 .debug_ranges  0x00000000000002c8      0x278 Drivers/STM32L4xx_HAL_Driver/Src/stm32l4xx_hal_i2c.o
 .debug_ranges  0x0000000000000540       0x38 Drivers/STM32L4xx_HAL_Driver/Src/stm32l4xx_hal_i2c_ex.o
 .debug_ranges  0x0000000000000578       0x88 Drivers/STM32L4xx_HAL_Driver/Src/stm32l4xx_hal_pwr.o
 .debug_ranges  0x0000000000000600      0x138 Drivers/STM32L4xx_HAL_Driver/Src/stm32l4xx_hal_pwr_ex.o
 .debug_ranges  0x0000000000000738       0x78 Drivers/STM32L4xx_HAL_Driver/Src/stm32l4xx_hal_rcc.o
 .debug_ranges  0x00000000000007b0       0xb0 Drivers/STM32L4xx_HAL_Driver/Src/stm32l4xx_hal_rcc_ex.o
 .debug_ranges  0x0000000000000860       0xa8 Drivers/STM32L4xx_HAL_Driver/Src/stm32l4xx_hal_rtc.o
 .debug_ranges  0x0000000000000908      0x368 Drivers/STM32L4xx_HAL_Driver/Src/stm32l4xx_hal_tim.o
 .debug_ranges  0x0000000000000c70      0x148 Drivers/STM32L4xx_HAL_Driver/Src/stm32l4xx_hal_tim_ex.o
 .debug_ranges  0x0000000000000db8      0x1e8 Drivers/STM32L4xx_HAL_Driver/Src/stm32l4xx_hal_uart.o
 .debug_ranges  0x0000000000000fa0       0x48 Src/BMP280.o
 .debug_ranges  0x0000000000000fe8       0x88 Src/main.o
 .debug_ranges  0x0000000000001070       0x50 Src/stm32l4xx_hal_msp.o
 .debug_ranges  0x00000000000010c0       0x20 Src/stm32l4xx_hal_timebase_tim.o
 .debug_ranges  0x00000000000010e0       0x78 Src/stm32l4xx_it.o
 .debug_ranges  0x0000000000001158       0x18 Src/system_stm32l4xx.o
 .debug_ranges  0x0000000000001170       0x20 startup/startup_stm32l476xx.o

.debug_line     0x0000000000000000     0x8765
 .debug_line    0x0000000000000000      0x453 Drivers/STM32L4xx_HAL_Driver/Src/stm32l4xx_hal.o
 .debug_line    0x0000000000000453      0x527 Drivers/STM32L4xx_HAL_Driver/Src/stm32l4xx_hal_cortex.o
 .debug_line    0x000000000000097a      0x42e Drivers/STM32L4xx_HAL_Driver/Src/stm32l4xx_hal_dma.o
 .debug_line    0x0000000000000da8      0x3c8 Drivers/STM32L4xx_HAL_Driver/Src/stm32l4xx_hal_gpio.o
 .debug_line    0x0000000000001170     0x15a0 Drivers/STM32L4xx_HAL_Driver/Src/stm32l4xx_hal_i2c.o
 .debug_line    0x0000000000002710      0x367 Drivers/STM32L4xx_HAL_Driver/Src/stm32l4xx_hal_i2c_ex.o
 .debug_line    0x0000000000002a77      0x37c Drivers/STM32L4xx_HAL_Driver/Src/stm32l4xx_hal_pwr.o
 .debug_line    0x0000000000002df3      0x5eb Drivers/STM32L4xx_HAL_Driver/Src/stm32l4xx_hal_pwr_ex.o
 .debug_line    0x00000000000033de      0x520 Drivers/STM32L4xx_HAL_Driver/Src/stm32l4xx_hal_rcc.o
 .debug_line    0x00000000000038fe      0x7eb Drivers/STM32L4xx_HAL_Driver/Src/stm32l4xx_hal_rcc_ex.o
 .debug_line    0x00000000000040e9      0x5c7 Drivers/STM32L4xx_HAL_Driver/Src/stm32l4xx_hal_rtc.o
 .debug_line    0x00000000000046b0     0x15fa Drivers/STM32L4xx_HAL_Driver/Src/stm32l4xx_hal_tim.o
 .debug_line    0x0000000000005caa      0x8f7 Drivers/STM32L4xx_HAL_Driver/Src/stm32l4xx_hal_tim_ex.o
 .debug_line    0x00000000000065a1      0xd56 Drivers/STM32L4xx_HAL_Driver/Src/stm32l4xx_hal_uart.o
 .debug_line    0x00000000000072f7      0x2f5 Src/BMP280.o
 .debug_line    0x00000000000075ec      0x4ed Src/main.o
 .debug_line    0x0000000000007ad9      0x3da Src/stm32l4xx_hal_msp.o
 .debug_line    0x0000000000007eb3      0x26a Src/stm32l4xx_hal_timebase_tim.o
 .debug_line    0x000000000000811d      0x3b6 Src/stm32l4xx_it.o
 .debug_line    0x00000000000084d3      0x213 Src/system_stm32l4xx.o
 .debug_line    0x00000000000086e6       0x7f startup/startup_stm32l476xx.o

.debug_str      0x0000000000000000     0x60a1
 .debug_str     0x0000000000000000      0xbd1 Drivers/STM32L4xx_HAL_Driver/Src/stm32l4xx_hal.o
                                        0xc4e (size before relaxing)
 .debug_str     0x0000000000000bd1      0x408 Drivers/STM32L4xx_HAL_Driver/Src/stm32l4xx_hal_cortex.o
                                        0xc63 (size before relaxing)
 .debug_str     0x0000000000000fd9      0x418 Drivers/STM32L4xx_HAL_Driver/Src/stm32l4xx_hal_dma.o
                                        0x6af (size before relaxing)
 .debug_str     0x00000000000013f1      0x1d3 Drivers/STM32L4xx_HAL_Driver/Src/stm32l4xx_hal_gpio.o
                                        0x5b8 (size before relaxing)
 .debug_str     0x00000000000015c4      0xb26 Drivers/STM32L4xx_HAL_Driver/Src/stm32l4xx_hal_i2c.o
                                        0xfbb (size before relaxing)
 .debug_str     0x00000000000020ea       0xf3 Drivers/STM32L4xx_HAL_Driver/Src/stm32l4xx_hal_i2c_ex.o
                                        0x960 (size before relaxing)
 .debug_str     0x00000000000021dd      0x288 Drivers/STM32L4xx_HAL_Driver/Src/stm32l4xx_hal_pwr.o
                                        0x6b3 (size before relaxing)
 .debug_str     0x0000000000002465      0x49a Drivers/STM32L4xx_HAL_Driver/Src/stm32l4xx_hal_pwr_ex.o
                                        0x83b (size before relaxing)
 .debug_str     0x00000000000028ff      0x3ad Drivers/STM32L4xx_HAL_Driver/Src/stm32l4xx_hal_rcc.o
                                        0x854 (size before relaxing)
 .debug_str     0x0000000000002cac      0x562 Drivers/STM32L4xx_HAL_Driver/Src/stm32l4xx_hal_rcc_ex.o
                                        0xa96 (size before relaxing)
 .debug_str     0x000000000000320e      0x4e5 Drivers/STM32L4xx_HAL_Driver/Src/stm32l4xx_hal_rtc.o
                                        0x81c (size before relaxing)
 .debug_str     0x00000000000036f3      0xf4e Drivers/STM32L4xx_HAL_Driver/Src/stm32l4xx_hal_tim.o
                                       0x13fd (size before relaxing)
 .debug_str     0x0000000000004641      0x66c Drivers/STM32L4xx_HAL_Driver/Src/stm32l4xx_hal_tim_ex.o
                                        0xddc (size before relaxing)
 .debug_str     0x0000000000004cad      0x906 Drivers/STM32L4xx_HAL_Driver/Src/stm32l4xx_hal_uart.o
                                        0xf0b (size before relaxing)
 .debug_str     0x00000000000055b3      0x430 Src/BMP280.o
                                        0xb26 (size before relaxing)
 .debug_str     0x00000000000059e3      0x4fd Src/main.o
                                       0x2195 (size before relaxing)
 .debug_str     0x0000000000005ee0       0x25 Src/stm32l4xx_hal_msp.o
                                       0x1a3f (size before relaxing)
 .debug_str     0x0000000000005f05       0x50 Src/stm32l4xx_hal_timebase_tim.o
                                        0xd66 (size before relaxing)
 .debug_str     0x0000000000005f55      0x111 Src/stm32l4xx_it.o
                                        0xf31 (size before relaxing)
 .debug_str     0x0000000000006066       0x3b Src/system_stm32l4xx.o
                                        0x406 (size before relaxing)

.comment        0x0000000000000000       0x7c
 .comment       0x0000000000000000       0x7c Drivers/STM32L4xx_HAL_Driver/Src/stm32l4xx_hal.o
                                         0x7d (size before relaxing)
 .comment       0x000000000000007c       0x7d Drivers/STM32L4xx_HAL_Driver/Src/stm32l4xx_hal_cortex.o
 .comment       0x000000000000007c       0x7d Drivers/STM32L4xx_HAL_Driver/Src/stm32l4xx_hal_dma.o
 .comment       0x000000000000007c       0x7d Drivers/STM32L4xx_HAL_Driver/Src/stm32l4xx_hal_gpio.o
 .comment       0x000000000000007c       0x7d Drivers/STM32L4xx_HAL_Driver/Src/stm32l4xx_hal_i2c.o
 .comment       0x000000000000007c       0x7d Drivers/STM32L4xx_HAL_Driver/Src/stm32l4xx_hal_i2c_ex.o
 .comment       0x000000000000007c       0x7d Drivers/STM32L4xx_HAL_Driver/Src/stm32l4xx_hal_pwr.o
 .comment       0x000000000000007c       0x7d Drivers/STM32L4xx_HAL_Driver/Src/stm32l4xx_hal_pwr_ex.o
 .comment       0x000000000000007c       0x7d Drivers/STM32L4xx_HAL_Driver/Src/stm32l4xx_hal_rcc.o
 .comment       0x000000000000007c       0x7d Drivers/STM32L4xx_HAL_Driver/Src/stm32l4xx_hal_rcc_ex.o
 .comment       0x000000000000007c       0x7d Drivers/STM32L4xx_HAL_Driver/Src/stm32l4xx_hal_rtc.o
 .comment       0x000000000000007c       0x7d Drivers/STM32L4xx_HAL_Driver/Src/stm32l4xx_hal_tim.o
 .comment       0x000000000000007c       0x7d Drivers/STM32L4xx_HAL_Driver/Src/stm32l4xx_hal_tim_ex.o
 .comment       0x000000000000007c       0x7d Drivers/STM32L4xx_HAL_Driver/Src/stm32l4xx_hal_uart.o
 .comment       0x000000000000007c       0x7d Src/BMP280.o
 .comment       0x000000000000007c       0x7d Src/main.o
 .comment       0x000000000000007c       0x7d Src/stm32l4xx_hal_msp.o
 .comment       0x000000000000007c       0x7d Src/stm32l4xx_hal_timebase_tim.o
 .comment       0x000000000000007c       0x7d Src/stm32l4xx_it.o
 .comment       0x000000000000007c       0x7d Src/system_stm32l4xx.o

.debug_frame    0x0000000000000000     0x4f98
 .debug_frame   0x0000000000000000      0x434 Drivers/STM32L4xx_HAL_Driver/Src/stm32l4xx_hal.o
 .debug_frame   0x0000000000000434      0x498 Drivers/STM32L4xx_HAL_Driver/Src/stm32l4xx_hal_cortex.o
 .debug_frame   0x00000000000008cc      0x204 Drivers/STM32L4xx_HAL_Driver/Src/stm32l4xx_hal_dma.o
 .debug_frame   0x0000000000000ad0      0x14c Drivers/STM32L4xx_HAL_Driver/Src/stm32l4xx_hal_gpio.o
 .debug_frame   0x0000000000000c1c      0xbbc Drivers/STM32L4xx_HAL_Driver/Src/stm32l4xx_hal_i2c.o
 .debug_frame   0x00000000000017d8      0x100 Drivers/STM32L4xx_HAL_Driver/Src/stm32l4xx_hal_i2c_ex.o
 .debug_frame   0x00000000000018d8      0x230 Drivers/STM32L4xx_HAL_Driver/Src/stm32l4xx_hal_pwr.o
 .debug_frame   0x0000000000001b08      0x524 Drivers/STM32L4xx_HAL_Driver/Src/stm32l4xx_hal_pwr_ex.o
 .debug_frame   0x000000000000202c      0x1f4 Drivers/STM32L4xx_HAL_Driver/Src/stm32l4xx_hal_rcc.o
 .debug_frame   0x0000000000002220      0x2fc Drivers/STM32L4xx_HAL_Driver/Src/stm32l4xx_hal_rcc_ex.o
 .debug_frame   0x000000000000251c      0x308 Drivers/STM32L4xx_HAL_Driver/Src/stm32l4xx_hal_rtc.o
 .debug_frame   0x0000000000002824     0x101c Drivers/STM32L4xx_HAL_Driver/Src/stm32l4xx_hal_tim.o
 .debug_frame   0x0000000000003840      0x5ec Drivers/STM32L4xx_HAL_Driver/Src/stm32l4xx_hal_tim_ex.o
 .debug_frame   0x0000000000003e2c      0x900 Drivers/STM32L4xx_HAL_Driver/Src/stm32l4xx_hal_uart.o
 .debug_frame   0x000000000000472c      0x140 Src/BMP280.o
 .debug_frame   0x000000000000486c      0x230 Src/main.o
 .debug_frame   0x0000000000004a9c      0x15c Src/stm32l4xx_hal_msp.o
 .debug_frame   0x0000000000004bf8       0x74 Src/stm32l4xx_hal_timebase_tim.o
 .debug_frame   0x0000000000004c6c      0x198 Src/stm32l4xx_it.o
 .debug_frame   0x0000000000004e04       0x58 Src/system_stm32l4xx.o
 .debug_frame   0x0000000000004e5c       0x2c /opt/Atollic_TrueSTUDIO_for_STM32_x86_64_9.0.0/ARMTools/bin/../lib/gcc/arm-atollic-eabi/6.3.1/../../../../arm-atollic-eabi/lib/armv7e-m/fpu/libc_nano.a(lib_a-init.o)
 .debug_frame   0x0000000000004e88       0x20 /opt/Atollic_TrueSTUDIO_for_STM32_x86_64_9.0.0/ARMTools/bin/../lib/gcc/arm-atollic-eabi/6.3.1/../../../../arm-atollic-eabi/lib/armv7e-m/fpu/libc_nano.a(lib_a-memset.o)
 .debug_frame   0x0000000000004ea8       0x4c /opt/Atollic_TrueSTUDIO_for_STM32_x86_64_9.0.0/ARMTools/bin/../lib/gcc/arm-atollic-eabi/6.3.1/armv7e-m/fpu/libgcc.a(_arm_addsubsf3.o)
 .debug_frame   0x0000000000004ef4       0x44 /opt/Atollic_TrueSTUDIO_for_STM32_x86_64_9.0.0/ARMTools/bin/../lib/gcc/arm-atollic-eabi/6.3.1/armv7e-m/fpu/libgcc.a(_aeabi_ldivmod.o)
 .debug_frame   0x0000000000004f38       0x2c /opt/Atollic_TrueSTUDIO_for_STM32_x86_64_9.0.0/ARMTools/bin/../lib/gcc/arm-atollic-eabi/6.3.1/armv7e-m/fpu/libgcc.a(_aeabi_uldivmod.o)
 .debug_frame   0x0000000000004f64       0x34 /opt/Atollic_TrueSTUDIO_for_STM32_x86_64_9.0.0/ARMTools/bin/../lib/gcc/arm-atollic-eabi/6.3.1/armv7e-m/fpu/libgcc.a(_udivmoddi4.o)
