usbd_conf.c:100:6:HAL_PCD_MspInit	40	static
usbd_conf.c:144:6:HAL_PCD_MspDeInit	16	static
usbd_conf.c:186:6:HAL_PCD_SetupStageCallback	0	static
usbd_conf.c:197:6:HAL_PCD_DataOutStageCallback	0	static
usbd_conf.c:208:6:HAL_PCD_DataInStageCallback	0	static
usbd_conf.c:218:6:HAL_PCD_SOFCallback	0	static
usbd_conf.c:228:6:HAL_PCD_ResetCallback	8	static
usbd_conf.c:255:6:HAL_PCD_SuspendCallback	8	static
usbd_conf.c:276:6:HAL_PCD_ResumeCallback	8	static
usbd_conf.c:297:6:HAL_PCD_ISOOUTIncompleteCallback	0	static
usbd_conf.c:308:6:HAL_PCD_ISOINIncompleteCallback	0	static
usbd_conf.c:318:6:HAL_PCD_ConnectCallback	0	static
usbd_conf.c:328:6:HAL_PCD_DisconnectCallback	0	static
usbd_conf.c:342:20:USBD_LL_Init	8	static
usbd_conf.c:379:20:USBD_LL_DeInit	8	static
usbd_conf.c:411:20:USBD_LL_Start	8	static
usbd_conf.c:443:20:USBD_LL_Stop	8	static
usbd_conf.c:478:20:USBD_LL_OpenEP	8	static
usbd_conf.c:511:20:USBD_LL_CloseEP	8	static
usbd_conf.c:544:20:USBD_LL_FlushEP	8	static
usbd_conf.c:577:20:USBD_LL_StallEP	8	static
usbd_conf.c:610:20:USBD_LL_ClearStallEP	8	static
usbd_conf.c:643:9:USBD_LL_IsStallEP	0	static
usbd_conf.c:663:20:USBD_LL_SetUSBAddress	8	static
usbd_conf.c:698:20:USBD_LL_Transmit	8	static
usbd_conf.c:733:20:USBD_LL_PrepareReceive	8	static
usbd_conf.c:766:10:USBD_LL_GetRxDataSize	8	static
usbd_conf.c:778:6:HAL_PCDEx_LPM_Callback	8	static
usbd_conf.c:814:6:USBD_LL_Delay	0	static
usbd_conf.c:824:7:USBD_static_malloc	0	static
usbd_conf.c:835:6:USBD_static_free	0	static
usbd_conf.c:858:6:HAL_PCDEx_SetConnectionState	0	static
usbd_conf.c:881:20:USBD_LL_BatteryCharging	0	static
