Archive member included to satisfy reference by file (symbol)

/opt/Atollic_TrueSTUDIO_for_STM32_x86_64_9.0.0/ARMTools/bin/../lib/gcc/arm-atollic-eabi/6.3.1/../../../../arm-atollic-eabi/lib/armv7e-m/fpu/libc_nano.a(lib_a-init.o)
                              startup/startup_stm32l476xx.o (__libc_init_array)
/opt/Atollic_TrueSTUDIO_for_STM32_x86_64_9.0.0/ARMTools/bin/../lib/gcc/arm-atollic-eabi/6.3.1/../../../../arm-atollic-eabi/lib/armv7e-m/fpu/libc_nano.a(lib_a-memcpy-stub.o)
                              Src/usb_device.o (memcpy)
/opt/Atollic_TrueSTUDIO_for_STM32_x86_64_9.0.0/ARMTools/bin/../lib/gcc/arm-atollic-eabi/6.3.1/../../../../arm-atollic-eabi/lib/armv7e-m/fpu/libc_nano.a(lib_a-memset.o)
                              Src/main.o (memset)

Allocating common symbols
Common symbol       size              file

hUsbDeviceFS        0x29c             Src/usb_device.o
hpcd_USB_OTG_FS     0x408             Src/usbd_conf.o
uwTick              0x4               Drivers/STM32L4xx_HAL_Driver/Src/stm32l4xx_hal.o
UserRxBufferFS      0x800             Src/usbd_cdc_if.o
UserTxBufferFS      0x800             Src/usbd_cdc_if.o
hrtc                0x24              Src/main.o
hspi1               0x64              Src/main.o
USBD_StrDesc        0x200             Src/usbd_desc.o

Discarded input sections

 .text          0x0000000000000000        0x0 /opt/Atollic_TrueSTUDIO_for_STM32_x86_64_9.0.0/ARMTools/bin/../lib/gcc/arm-atollic-eabi/6.3.1/armv7e-m/fpu/crti.o
 .data          0x0000000000000000        0x0 /opt/Atollic_TrueSTUDIO_for_STM32_x86_64_9.0.0/ARMTools/bin/../lib/gcc/arm-atollic-eabi/6.3.1/armv7e-m/fpu/crti.o
 .bss           0x0000000000000000        0x0 /opt/Atollic_TrueSTUDIO_for_STM32_x86_64_9.0.0/ARMTools/bin/../lib/gcc/arm-atollic-eabi/6.3.1/armv7e-m/fpu/crti.o
 .data          0x0000000000000000        0x4 /opt/Atollic_TrueSTUDIO_for_STM32_x86_64_9.0.0/ARMTools/bin/../lib/gcc/arm-atollic-eabi/6.3.1/armv7e-m/fpu/crtbegin.o
 .text          0x0000000000000000        0x0 Drivers/STM32L4xx_HAL_Driver/Src/stm32l4xx_hal.o
 .data          0x0000000000000000        0x0 Drivers/STM32L4xx_HAL_Driver/Src/stm32l4xx_hal.o
 .bss           0x0000000000000000        0x0 Drivers/STM32L4xx_HAL_Driver/Src/stm32l4xx_hal.o
 .text.HAL_MspInit
                0x0000000000000000        0x2 Drivers/STM32L4xx_HAL_Driver/Src/stm32l4xx_hal.o
 .text.HAL_MspDeInit
                0x0000000000000000        0x2 Drivers/STM32L4xx_HAL_Driver/Src/stm32l4xx_hal.o
 .text.HAL_DeInit
                0x0000000000000000       0x2c Drivers/STM32L4xx_HAL_Driver/Src/stm32l4xx_hal.o
 .text.HAL_SuspendTick
                0x0000000000000000       0x10 Drivers/STM32L4xx_HAL_Driver/Src/stm32l4xx_hal.o
 .text.HAL_ResumeTick
                0x0000000000000000       0x10 Drivers/STM32L4xx_HAL_Driver/Src/stm32l4xx_hal.o
 .text.HAL_GetHalVersion
                0x0000000000000000        0x8 Drivers/STM32L4xx_HAL_Driver/Src/stm32l4xx_hal.o
 .text.HAL_GetREVID
                0x0000000000000000        0xc Drivers/STM32L4xx_HAL_Driver/Src/stm32l4xx_hal.o
 .text.HAL_GetDEVID
                0x0000000000000000       0x10 Drivers/STM32L4xx_HAL_Driver/Src/stm32l4xx_hal.o
 .text.HAL_GetUIDw0
                0x0000000000000000        0xc Drivers/STM32L4xx_HAL_Driver/Src/stm32l4xx_hal.o
 .text.HAL_GetUIDw1
                0x0000000000000000        0xc Drivers/STM32L4xx_HAL_Driver/Src/stm32l4xx_hal.o
 .text.HAL_GetUIDw2
                0x0000000000000000        0xc Drivers/STM32L4xx_HAL_Driver/Src/stm32l4xx_hal.o
 .text.HAL_DBGMCU_EnableDBGSleepMode
                0x0000000000000000       0x10 Drivers/STM32L4xx_HAL_Driver/Src/stm32l4xx_hal.o
 .text.HAL_DBGMCU_DisableDBGSleepMode
                0x0000000000000000       0x10 Drivers/STM32L4xx_HAL_Driver/Src/stm32l4xx_hal.o
 .text.HAL_DBGMCU_EnableDBGStopMode
                0x0000000000000000       0x10 Drivers/STM32L4xx_HAL_Driver/Src/stm32l4xx_hal.o
 .text.HAL_DBGMCU_DisableDBGStopMode
                0x0000000000000000       0x10 Drivers/STM32L4xx_HAL_Driver/Src/stm32l4xx_hal.o
 .text.HAL_DBGMCU_EnableDBGStandbyMode
                0x0000000000000000       0x10 Drivers/STM32L4xx_HAL_Driver/Src/stm32l4xx_hal.o
 .text.HAL_DBGMCU_DisableDBGStandbyMode
                0x0000000000000000       0x10 Drivers/STM32L4xx_HAL_Driver/Src/stm32l4xx_hal.o
 .text.HAL_SYSCFG_SRAM2Erase
                0x0000000000000000       0x1c Drivers/STM32L4xx_HAL_Driver/Src/stm32l4xx_hal.o
 .text.HAL_SYSCFG_EnableMemorySwappingBank
                0x0000000000000000        0xc Drivers/STM32L4xx_HAL_Driver/Src/stm32l4xx_hal.o
 .text.HAL_SYSCFG_DisableMemorySwappingBank
                0x0000000000000000        0xc Drivers/STM32L4xx_HAL_Driver/Src/stm32l4xx_hal.o
 .text.HAL_SYSCFG_VREFBUF_VoltageScalingConfig
                0x0000000000000000       0x14 Drivers/STM32L4xx_HAL_Driver/Src/stm32l4xx_hal.o
 .text.HAL_SYSCFG_VREFBUF_HighImpedanceConfig
                0x0000000000000000       0x14 Drivers/STM32L4xx_HAL_Driver/Src/stm32l4xx_hal.o
[...]
Memory Configuration

Name             Origin             Length             Attributes
RAM              0x0000000020000000 0x0000000000018000 xrw
RAM2             0x0000000010000000 0x0000000000008000 xrw
FLASH            0x0000000008000000 0x0000000000100000 xr
*default*        0x0000000000000000 0xffffffffffffffff

Linker script and memory map

LOAD /opt/Atollic_TrueSTUDIO_for_STM32_x86_64_9.0.0/ARMTools/bin/../lib/gcc/arm-atollic-eabi/6.3.1/armv7e-m/fpu/crti.o
LOAD /opt/Atollic_TrueSTUDIO_for_STM32_x86_64_9.0.0/ARMTools/bin/../lib/gcc/arm-atollic-eabi/6.3.1/armv7e-m/fpu/crtbegin.o
LOAD Drivers/STM32L4xx_HAL_Driver/Src/stm32l4xx_hal.o
LOAD Drivers/STM32L4xx_HAL_Driver/Src/stm32l4xx_hal_cortex.o
LOAD Drivers/STM32L4xx_HAL_Driver/Src/stm32l4xx_hal_dma.o
LOAD Drivers/STM32L4xx_HAL_Driver/Src/stm32l4xx_hal_dma_ex.o
LOAD Drivers/STM32L4xx_HAL_Driver/Src/stm32l4xx_hal_flash.o
LOAD Drivers/STM32L4xx_HAL_Driver/Src/stm32l4xx_hal_flash_ex.o
LOAD Drivers/STM32L4xx_HAL_Driver/Src/stm32l4xx_hal_flash_ramfunc.o
LOAD Drivers/STM32L4xx_HAL_Driver/Src/stm32l4xx_hal_gpio.o
LOAD Drivers/STM32L4xx_HAL_Driver/Src/stm32l4xx_hal_i2c.o
LOAD Drivers/STM32L4xx_HAL_Driver/Src/stm32l4xx_hal_i2c_ex.o
LOAD Drivers/STM32L4xx_HAL_Driver/Src/stm32l4xx_hal_pcd.o
LOAD Drivers/STM32L4xx_HAL_Driver/Src/stm32l4xx_hal_pcd_ex.o
LOAD Drivers/STM32L4xx_HAL_Driver/Src/stm32l4xx_hal_pwr.o
LOAD Drivers/STM32L4xx_HAL_Driver/Src/stm32l4xx_hal_pwr_ex.o
LOAD Drivers/STM32L4xx_HAL_Driver/Src/stm32l4xx_hal_rcc.o
LOAD Drivers/STM32L4xx_HAL_Driver/Src/stm32l4xx_hal_rcc_ex.o
LOAD Drivers/STM32L4xx_HAL_Driver/Src/stm32l4xx_hal_rtc.o
LOAD Drivers/STM32L4xx_HAL_Driver/Src/stm32l4xx_hal_rtc_ex.o
LOAD Drivers/STM32L4xx_HAL_Driver/Src/stm32l4xx_hal_spi.o
LOAD Drivers/STM32L4xx_HAL_Driver/Src/stm32l4xx_hal_spi_ex.o
LOAD Drivers/STM32L4xx_HAL_Driver/Src/stm32l4xx_hal_tim.o
LOAD Drivers/STM32L4xx_HAL_Driver/Src/stm32l4xx_hal_tim_ex.o
LOAD Drivers/STM32L4xx_HAL_Driver/Src/stm32l4xx_ll_usb.o
LOAD Middlewares/ST/STM32_USB_Device_Library/Class/CDC/Src/usbd_cdc.o
LOAD Middlewares/ST/STM32_USB_Device_Library/Core/Src/usbd_core.o
LOAD Middlewares/ST/STM32_USB_Device_Library/Core/Src/usbd_ctlreq.o
LOAD Middlewares/ST/STM32_USB_Device_Library/Core/Src/usbd_ioreq.o
LOAD Src/main.o
LOAD Src/stm32l4xx_hal_msp.o
LOAD Src/stm32l4xx_it.o
LOAD Src/system_stm32l4xx.o
LOAD Src/usb_device.o
LOAD Src/usbd_cdc_if.o
LOAD Src/usbd_conf.o
LOAD Src/usbd_desc.o
LOAD startup/startup_stm32l476xx.o
                0x0000000000000080                malloc_getpagesize_P = 0x80
START GROUP
LOAD /opt/Atollic_TrueSTUDIO_for_STM32_x86_64_9.0.0/ARMTools/bin/../lib/gcc/arm-atollic-eabi/6.3.1/../../../../arm-atollic-eabi/lib/armv7e-m/fpu/libc_nano.a
LOAD /opt/Atollic_TrueSTUDIO_for_STM32_x86_64_9.0.0/ARMTools/bin/../lib/gcc/arm-atollic-eabi/6.3.1/../../../../arm-atollic-eabi/lib/armv7e-m/fpu/libm.a
END GROUP
START GROUP
LOAD /opt/Atollic_TrueSTUDIO_for_STM32_x86_64_9.0.0/ARMTools/bin/../lib/gcc/arm-atollic-eabi/6.3.1/armv7e-m/fpu/libgcc.a
LOAD /opt/Atollic_TrueSTUDIO_for_STM32_x86_64_9.0.0/ARMTools/bin/../lib/gcc/arm-atollic-eabi/6.3.1/../../../../arm-atollic-eabi/lib/armv7e-m/fpu/libc_nano.a
END GROUP
START GROUP
LOAD /opt/Atollic_TrueSTUDIO_for_STM32_x86_64_9.0.0/ARMTools/bin/../lib/gcc/arm-atollic-eabi/6.3.1/armv7e-m/fpu/libgcc.a
LOAD /opt/Atollic_TrueSTUDIO_for_STM32_x86_64_9.0.0/ARMTools/bin/../lib/gcc/arm-atollic-eabi/6.3.1/../../../../arm-atollic-eabi/lib/armv7e-m/fpu/libc_nano.a
LOAD /opt/Atollic_TrueSTUDIO_for_STM32_x86_64_9.0.0/ARMTools/bin/../lib/gcc/arm-atollic-eabi/6.3.1/../../../../arm-atollic-eabi/lib/armv7e-m/fpu/libnosys.a
END GROUP
START GROUP
LOAD /opt/Atollic_TrueSTUDIO_for_STM32_x86_64_9.0.0/ARMTools/bin/../lib/gcc/arm-atollic-eabi/6.3.1/armv7e-m/fpu/libgcc.a
LOAD /opt/Atollic_TrueSTUDIO_for_STM32_x86_64_9.0.0/ARMTools/bin/../lib/gcc/arm-atollic-eabi/6.3.1/../../../../arm-atollic-eabi/lib/armv7e-m/fpu/libc_nano.a
LOAD /opt/Atollic_TrueSTUDIO_for_STM32_x86_64_9.0.0/ARMTools/bin/../lib/gcc/arm-atollic-eabi/6.3.1/../../../../arm-atollic-eabi/lib/armv7e-m/fpu/libnosys.a
END GROUP
LOAD /opt/Atollic_TrueSTUDIO_for_STM32_x86_64_9.0.0/ARMTools/bin/../lib/gcc/arm-atollic-eabi/6.3.1/armv7e-m/fpu/crtend.o
LOAD /opt/Atollic_TrueSTUDIO_for_STM32_x86_64_9.0.0/ARMTools/bin/../lib/gcc/arm-atollic-eabi/6.3.1/armv7e-m/fpu/crtn.o
                0x0000000020018000                _estack = 0x20018000
                0x0000000000000200                _Min_Heap_Size = 0x200
                0x0000000000000400                _Min_Stack_Size = 0x400

.isr_vector     0x0000000008000000      0x188
                0x0000000008000000                . = ALIGN (0x4)
 *(.isr_vector)
 .isr_vector    0x0000000008000000      0x188 startup/startup_stm32l476xx.o
                0x0000000008000000                g_pfnVectors
                0x0000000008000188                . = ALIGN (0x4)

.text           0x0000000008000188     0x36b0
                0x0000000008000188                . = ALIGN (0x4)
 *(.text)
 .text          0x0000000008000188       0x40 /opt/Atollic_TrueSTUDIO_for_STM32_x86_64_9.0.0/ARMTools/bin/../lib/gcc/arm-atollic-eabi/6.3.1/armv7e-m/fpu/crtbegin.o
 *(.text*)
 .text.HAL_InitTick
                0x00000000080001c8       0x30 Drivers/STM32L4xx_HAL_Driver/Src/stm32l4xx_hal.o
                0x00000000080001c8                HAL_InitTick
 .text.HAL_Init
                0x00000000080001f8       0x1e Drivers/STM32L4xx_HAL_Driver/Src/stm32l4xx_hal.o
                0x00000000080001f8                HAL_Init
 *fill*         0x0000000008000216        0x2 
 .text.HAL_IncTick
                0x0000000008000218       0x10 Drivers/STM32L4xx_HAL_Driver/Src/stm32l4xx_hal.o
                0x0000000008000218                HAL_IncTick
 .text.HAL_GetTick
                0x0000000008000228        0xc Drivers/STM32L4xx_HAL_Driver/Src/stm32l4xx_hal.o
                0x0000000008000228                HAL_GetTick
 .text.HAL_Delay
                0x0000000008000234       0x1c Drivers/STM32L4xx_HAL_Driver/Src/stm32l4xx_hal.o
                0x0000000008000234                HAL_Delay
 .text.HAL_NVIC_SetPriorityGrouping
                0x0000000008000250       0x24 Drivers/STM32L4xx_HAL_Driver/Src/stm32l4xx_hal_cortex.o
                0x0000000008000250                HAL_NVIC_SetPriorityGrouping
 .text.HAL_NVIC_SetPriority
                0x0000000008000274       0x68 Drivers/STM32L4xx_HAL_Driver/Src/stm32l4xx_hal_cortex.o
                0x0000000008000274                HAL_NVIC_SetPriority
 .text.HAL_NVIC_EnableIRQ
                0x00000000080002dc       0x18 Drivers/STM32L4xx_HAL_Driver/Src/stm32l4xx_hal_cortex.o
                0x00000000080002dc                HAL_NVIC_EnableIRQ
 .text.HAL_SYSTICK_Config
                0x00000000080002f4       0x2c Drivers/STM32L4xx_HAL_Driver/Src/stm32l4xx_hal_cortex.o
                0x00000000080002f4                HAL_SYSTICK_Config
 .text.HAL_GPIO_Init
                0x0000000008000320      0x1b8 Drivers/STM32L4xx_HAL_Driver/Src/stm32l4xx_hal_gpio.o
                0x0000000008000320                HAL_GPIO_Init
 .text.HAL_GPIO_WritePin
                0x00000000080004d8        0xa Drivers/STM32L4xx_HAL_Driver/Src/stm32l4xx_hal_gpio.o
                0x00000000080004d8                HAL_GPIO_WritePin
 .text.HAL_GPIO_EXTI_Callback
                0x00000000080004e2        0x2 Drivers/STM32L4xx_HAL_Driver/Src/stm32l4xx_hal_gpio.o
                0x00000000080004e2                HAL_GPIO_EXTI_Callback
 .text.HAL_GPIO_EXTI_IRQHandler
                0x00000000080004e4       0x18 Drivers/STM32L4xx_HAL_Driver/Src/stm32l4xx_hal_gpio.o
                0x00000000080004e4                HAL_GPIO_EXTI_IRQHandler
 .text.HAL_PCD_Init
                0x00000000080004fc       0xfa Drivers/STM32L4xx_HAL_Driver/Src/stm32l4xx_hal_pcd.o
                0x00000000080004fc                HAL_PCD_Init
 .text.HAL_PCD_Start
                0x00000000080005f6       0x2a Drivers/STM32L4xx_HAL_Driver/Src/stm32l4xx_hal_pcd.o
                0x00000000080005f6                HAL_PCD_Start
 .text.HAL_PCD_IRQHandler
                0x0000000008000620      0x58c Drivers/STM32L4xx_HAL_Driver/Src/stm32l4xx_hal_pcd.o
                0x0000000008000620                HAL_PCD_IRQHandler
 .text.HAL_PCD_SetAddress
                0x0000000008000bac       0x28 Drivers/STM32L4xx_HAL_Driver/Src/stm32l4xx_hal_pcd.o
                0x0000000008000bac                HAL_PCD_SetAddress
 .text.HAL_PCD_EP_Open
                0x0000000008000bd4       0x6a Drivers/STM32L4xx_HAL_Driver/Src/stm32l4xx_hal_pcd.o
                0x0000000008000bd4                HAL_PCD_EP_Open
 .text.HAL_PCD_EP_Close
                0x0000000008000c3e       0x54 Drivers/STM32L4xx_HAL_Driver/Src/stm32l4xx_hal_pcd.o
                0x0000000008000c3e                HAL_PCD_EP_Close
 .text.HAL_PCD_EP_Receive
                0x0000000008000c92       0x3c Drivers/STM32L4xx_HAL_Driver/Src/stm32l4xx_hal_pcd.o
                0x0000000008000c92                HAL_PCD_EP_Receive
 .text.HAL_PCD_EP_GetRxCount
                0x0000000008000cce       0x10 Drivers/STM32L4xx_HAL_Driver/Src/stm32l4xx_hal_pcd.o
                0x0000000008000cce                HAL_PCD_EP_GetRxCount
 .text.HAL_PCD_EP_Transmit
                0x0000000008000cde       0x36 Drivers/STM32L4xx_HAL_Driver/Src/stm32l4xx_hal_pcd.o
                0x0000000008000cde                HAL_PCD_EP_Transmit
 .text.HAL_PCD_EP_SetStall
                0x0000000008000d14       0x72 Drivers/STM32L4xx_HAL_Driver/Src/stm32l4xx_hal_pcd.o
                0x0000000008000d14                HAL_PCD_EP_SetStall
 .text.HAL_PCD_EP_ClrStall
                0x0000000008000d86       0x64 Drivers/STM32L4xx_HAL_Driver/Src/stm32l4xx_hal_pcd.o
                0x0000000008000d86                HAL_PCD_EP_ClrStall
 .text.HAL_PCDEx_SetTxFiFo
                0x0000000008000dea       0x42 Drivers/STM32L4xx_HAL_Driver/Src/stm32l4xx_hal_pcd_ex.o
                0x0000000008000dea                HAL_PCDEx_SetTxFiFo
 .text.HAL_PCDEx_SetRxFiFo
                0x0000000008000e2c        0x8 Drivers/STM32L4xx_HAL_Driver/Src/stm32l4xx_hal_pcd_ex.o
                0x0000000008000e2c                HAL_PCDEx_SetRxFiFo
 .text.HAL_PCDEx_ActivateLPM
                0x0000000008000e34       0x26 Drivers/STM32L4xx_HAL_Driver/Src/stm32l4xx_hal_pcd_ex.o
                0x0000000008000e34                HAL_PCDEx_ActivateLPM
 .text.HAL_PCDEx_ActivateBCD
                0x0000000008000e5a       0x14 Drivers/STM32L4xx_HAL_Driver/Src/stm32l4xx_hal_pcd_ex.o
                0x0000000008000e5a                HAL_PCDEx_ActivateBCD
 *fill*         0x0000000008000e6e        0x2 
 .text.HAL_PWREx_GetVoltageRange
                0x0000000008000e70       0x10 Drivers/STM32L4xx_HAL_Driver/Src/stm32l4xx_hal_pwr_ex.o
                0x0000000008000e70                HAL_PWREx_GetVoltageRange
 .text.HAL_PWREx_ControlVoltageScaling
                0x0000000008000e80       0x6c Drivers/STM32L4xx_HAL_Driver/Src/stm32l4xx_hal_pwr_ex.o
                0x0000000008000e80                HAL_PWREx_ControlVoltageScaling
 .text.HAL_PWREx_EnableVddUSB
                0x0000000008000eec       0x10 Drivers/STM32L4xx_HAL_Driver/Src/stm32l4xx_hal_pwr_ex.o
                0x0000000008000eec                HAL_PWREx_EnableVddUSB
 .text.RCC_SetFlashLatencyFromMSIRange
                0x0000000008000efc       0x84 Drivers/STM32L4xx_HAL_Driver/Src/stm32l4xx_hal_rcc.o
 .text.HAL_RCC_GetSysClockFreq
                0x0000000008000f80       0xa8 Drivers/STM32L4xx_HAL_Driver/Src/stm32l4xx_hal_rcc.o
                0x0000000008000f80                HAL_RCC_GetSysClockFreq
 .text.HAL_RCC_OscConfig
                0x0000000008001028      0x44c Drivers/STM32L4xx_HAL_Driver/Src/stm32l4xx_hal_rcc.o
                0x0000000008001028                HAL_RCC_OscConfig
 .text.HAL_RCC_ClockConfig
                0x0000000008001474      0x124 Drivers/STM32L4xx_HAL_Driver/Src/stm32l4xx_hal_rcc.o
                0x0000000008001474                HAL_RCC_ClockConfig
 .text.HAL_RCC_GetHCLKFreq
                0x0000000008001598        0xc Drivers/STM32L4xx_HAL_Driver/Src/stm32l4xx_hal_rcc.o
                0x0000000008001598                HAL_RCC_GetHCLKFreq
 .text.HAL_RCC_EnableCSS
                0x00000000080015a4       0x10 Drivers/STM32L4xx_HAL_Driver/Src/stm32l4xx_hal_rcc.o
                0x00000000080015a4                HAL_RCC_EnableCSS
 .text.HAL_RCC_CSSCallback
                0x00000000080015b4        0x2 Drivers/STM32L4xx_HAL_Driver/Src/stm32l4xx_hal_rcc.o
                0x00000000080015b4                HAL_RCC_CSSCallback
 *fill*         0x00000000080015b6        0x2 
 .text.HAL_RCC_NMI_IRQHandler
                0x00000000080015b8       0x1c Drivers/STM32L4xx_HAL_Driver/Src/stm32l4xx_hal_rcc.o
                0x00000000080015b8                HAL_RCC_NMI_IRQHandler
 .text.RCCEx_PLLSAI1_Config
                0x00000000080015d4      0x11c Drivers/STM32L4xx_HAL_Driver/Src/stm32l4xx_hal_rcc_ex.o
 .text.RCCEx_PLLSAI2_Config
                0x00000000080016f0       0xfc Drivers/STM32L4xx_HAL_Driver/Src/stm32l4xx_hal_rcc_ex.o
 .text.HAL_RCCEx_PeriphCLKConfig
                0x00000000080017ec      0x3d0 Drivers/STM32L4xx_HAL_Driver/Src/stm32l4xx_hal_rcc_ex.o
                0x00000000080017ec                HAL_RCCEx_PeriphCLKConfig
 .text.HAL_RTC_WaitForSynchro
                0x0000000008001bbc       0x30 Drivers/STM32L4xx_HAL_Driver/Src/stm32l4xx_hal_rtc.o
                0x0000000008001bbc                HAL_RTC_WaitForSynchro
 .text.RTC_EnterInitMode
                0x0000000008001bec       0x34 Drivers/STM32L4xx_HAL_Driver/Src/stm32l4xx_hal_rtc.o
                0x0000000008001bec                RTC_EnterInitMode
 .text.HAL_RTC_Init
                0x0000000008001c20       0xaa Drivers/STM32L4xx_HAL_Driver/Src/stm32l4xx_hal_rtc.o
                0x0000000008001c20                HAL_RTC_Init
 .text.HAL_SPI_Init
                0x0000000008001cca       0xa2 Drivers/STM32L4xx_HAL_Driver/Src/stm32l4xx_hal_spi.o
                0x0000000008001cca                HAL_SPI_Init
 .text.USB_CoreReset
                0x0000000008001d6c       0x30 Drivers/STM32L4xx_HAL_Driver/Src/stm32l4xx_ll_usb.o
 .text.USB_CoreInit
                0x0000000008001d9c       0x5e Drivers/STM32L4xx_HAL_Driver/Src/stm32l4xx_ll_usb.o
                0x0000000008001d9c                USB_CoreInit
 .text.USB_EnableGlobalInt
                0x0000000008001dfa        0xc Drivers/STM32L4xx_HAL_Driver/Src/stm32l4xx_ll_usb.o
                0x0000000008001dfa                USB_EnableGlobalInt
 .text.USB_DisableGlobalInt
                0x0000000008001e06        0xc Drivers/STM32L4xx_HAL_Driver/Src/stm32l4xx_ll_usb.o
                0x0000000008001e06                USB_DisableGlobalInt
 .text.USB_SetCurrentMode
                0x0000000008001e12       0x2e Drivers/STM32L4xx_HAL_Driver/Src/stm32l4xx_ll_usb.o
                0x0000000008001e12                USB_SetCurrentMode
 .text.USB_FlushTxFifo
                0x0000000008001e40       0x24 Drivers/STM32L4xx_HAL_Driver/Src/stm32l4xx_ll_usb.o
                0x0000000008001e40                USB_FlushTxFifo
 .text.USB_FlushRxFifo
                0x0000000008001e64       0x20 Drivers/STM32L4xx_HAL_Driver/Src/stm32l4xx_ll_usb.o
                0x0000000008001e64                USB_FlushRxFifo
 .text.USB_SetDevSpeed
                0x0000000008001e84        0xe Drivers/STM32L4xx_HAL_Driver/Src/stm32l4xx_ll_usb.o
                0x0000000008001e84                USB_SetDevSpeed
 *fill*         0x0000000008001e92        0x2 
 .text.USB_DevInit
                0x0000000008001e94      0x138 Drivers/STM32L4xx_HAL_Driver/Src/stm32l4xx_ll_usb.o
                0x0000000008001e94                USB_DevInit
 .text.USB_ActivateEndpoint
                0x0000000008001fcc       0x84 Drivers/STM32L4xx_HAL_Driver/Src/stm32l4xx_ll_usb.o
                0x0000000008001fcc                USB_ActivateEndpoint
 .text.USB_DeactivateEndpoint
                0x0000000008002050       0x64 Drivers/STM32L4xx_HAL_Driver/Src/stm32l4xx_ll_usb.o
                0x0000000008002050                USB_DeactivateEndpoint
 .text.USB_EP0StartXfer
                0x00000000080020b4       0xe4 Drivers/STM32L4xx_HAL_Driver/Src/stm32l4xx_ll_usb.o
                0x00000000080020b4                USB_EP0StartXfer
 .text.USB_WritePacket
                0x0000000008002198       0x20 Drivers/STM32L4xx_HAL_Driver/Src/stm32l4xx_ll_usb.o
                0x0000000008002198                USB_WritePacket
 .text.USB_EPStartXfer
                0x00000000080021b8      0x18c Drivers/STM32L4xx_HAL_Driver/Src/stm32l4xx_ll_usb.o
                0x00000000080021b8                USB_EPStartXfer
 .text.USB_ReadPacket
                0x0000000008002344       0x1c Drivers/STM32L4xx_HAL_Driver/Src/stm32l4xx_ll_usb.o
                0x0000000008002344                USB_ReadPacket
 .text.USB_EPSetStall
                0x0000000008002360       0x5a Drivers/STM32L4xx_HAL_Driver/Src/stm32l4xx_ll_usb.o
                0x0000000008002360                USB_EPSetStall
 .text.USB_EPClearStall
                0x00000000080023ba       0x56 Drivers/STM32L4xx_HAL_Driver/Src/stm32l4xx_ll_usb.o
                0x00000000080023ba                USB_EPClearStall
 .text.USB_SetDevAddress
                0x0000000008002410       0x20 Drivers/STM32L4xx_HAL_Driver/Src/stm32l4xx_ll_usb.o
                0x0000000008002410                USB_SetDevAddress
 .text.USB_DevConnect
                0x0000000008002430       0x18 Drivers/STM32L4xx_HAL_Driver/Src/stm32l4xx_ll_usb.o
                0x0000000008002430                USB_DevConnect
 .text.USB_DevDisconnect
                0x0000000008002448       0x18 Drivers/STM32L4xx_HAL_Driver/Src/stm32l4xx_ll_usb.o
                0x0000000008002448                USB_DevDisconnect
 .text.USB_ReadInterrupts
                0x0000000008002460        0x8 Drivers/STM32L4xx_HAL_Driver/Src/stm32l4xx_ll_usb.o
                0x0000000008002460                USB_ReadInterrupts
 .text.USB_ReadDevAllOutEpInterrupt
                0x0000000008002468       0x10 Drivers/STM32L4xx_HAL_Driver/Src/stm32l4xx_ll_usb.o
                0x0000000008002468                USB_ReadDevAllOutEpInterrupt
 .text.USB_ReadDevAllInEpInterrupt
                0x0000000008002478       0x10 Drivers/STM32L4xx_HAL_Driver/Src/stm32l4xx_ll_usb.o
                0x0000000008002478                USB_ReadDevAllInEpInterrupt
 .text.USB_ReadDevOutEPInterrupt
                0x0000000008002488       0x12 Drivers/STM32L4xx_HAL_Driver/Src/stm32l4xx_ll_usb.o
                0x0000000008002488                USB_ReadDevOutEPInterrupt
 .text.USB_ReadDevInEPInterrupt
                0x000000000800249a       0x24 Drivers/STM32L4xx_HAL_Driver/Src/stm32l4xx_ll_usb.o
                0x000000000800249a                USB_ReadDevInEPInterrupt
 .text.USB_GetMode
                0x00000000080024be        0x8 Drivers/STM32L4xx_HAL_Driver/Src/stm32l4xx_ll_usb.o
                0x00000000080024be                USB_GetMode
 .text.USB_ActivateSetup
                0x00000000080024c6       0x36 Drivers/STM32L4xx_HAL_Driver/Src/stm32l4xx_ll_usb.o
                0x00000000080024c6                USB_ActivateSetup
 .text.USB_EP0_OutStart
                0x00000000080024fc       0x22 Drivers/STM32L4xx_HAL_Driver/Src/stm32l4xx_ll_usb.o
                0x00000000080024fc                USB_EP0_OutStart
 .text.USBD_CDC_EP0_RxReady
                0x000000000800251e       0x28 Middlewares/ST/STM32_USB_Device_Library/Class/CDC/Src/usbd_cdc.o
 *fill*         0x0000000008002546        0x2 
 .text.USBD_CDC_GetFSCfgDesc
                0x0000000008002548        0xc Middlewares/ST/STM32_USB_Device_Library/Class/CDC/Src/usbd_cdc.o
 .text.USBD_CDC_GetHSCfgDesc
                0x0000000008002554        0xc Middlewares/ST/STM32_USB_Device_Library/Class/CDC/Src/usbd_cdc.o
 .text.USBD_CDC_GetOtherSpeedCfgDesc
                0x0000000008002560        0xc Middlewares/ST/STM32_USB_Device_Library/Class/CDC/Src/usbd_cdc.o
 .text.USBD_CDC_GetDeviceQualifierDescriptor
                0x000000000800256c        0xc Middlewares/ST/STM32_USB_Device_Library/Class/CDC/Src/usbd_cdc.o
                0x000000000800256c                USBD_CDC_GetDeviceQualifierDescriptor
 .text.USBD_CDC_DataOut
                0x0000000008002578       0x2e Middlewares/ST/STM32_USB_Device_Library/Class/CDC/Src/usbd_cdc.o
 .text.USBD_CDC_DataIn
                0x00000000080025a6       0x42 Middlewares/ST/STM32_USB_Device_Library/Class/CDC/Src/usbd_cdc.o
 .text.USBD_CDC_Setup
                0x00000000080025e8       0xbc Middlewares/ST/STM32_USB_Device_Library/Class/CDC/Src/usbd_cdc.o
 .text.USBD_CDC_DeInit
                0x00000000080026a4       0x42 Middlewares/ST/STM32_USB_Device_Library/Class/CDC/Src/usbd_cdc.o
 .text.USBD_CDC_Init
                0x00000000080026e6       0xaa Middlewares/ST/STM32_USB_Device_Library/Class/CDC/Src/usbd_cdc.o
 .text.USBD_CDC_RegisterInterface
                0x0000000008002790        0xe Middlewares/ST/STM32_USB_Device_Library/Class/CDC/Src/usbd_cdc.o
                0x0000000008002790                USBD_CDC_RegisterInterface
 .text.USBD_CDC_SetTxBuffer
                0x000000000800279e       0x10 Middlewares/ST/STM32_USB_Device_Library/Class/CDC/Src/usbd_cdc.o
                0x000000000800279e                USBD_CDC_SetTxBuffer
 .text.USBD_CDC_SetRxBuffer
                0x00000000080027ae        0xc Middlewares/ST/STM32_USB_Device_Library/Class/CDC/Src/usbd_cdc.o
                0x00000000080027ae                USBD_CDC_SetRxBuffer
 .text.USBD_CDC_TransmitPacket
                0x00000000080027ba       0x32 Middlewares/ST/STM32_USB_Device_Library/Class/CDC/Src/usbd_cdc.o
                0x00000000080027ba                USBD_CDC_TransmitPacket
 .text.USBD_CDC_ReceivePacket
                0x00000000080027ec       0x26 Middlewares/ST/STM32_USB_Device_Library/Class/CDC/Src/usbd_cdc.o
                0x00000000080027ec                USBD_CDC_ReceivePacket
 .text.USBD_Init
                0x0000000008002812       0x2a Middlewares/ST/STM32_USB_Device_Library/Core/Src/usbd_core.o
                0x0000000008002812                USBD_Init
 .text.USBD_RegisterClass
                0x000000000800283c        0xe Middlewares/ST/STM32_USB_Device_Library/Core/Src/usbd_core.o
                0x000000000800283c                USBD_RegisterClass
 .text.USBD_Start
                0x000000000800284a        0xa Middlewares/ST/STM32_USB_Device_Library/Core/Src/usbd_core.o
                0x000000000800284a                USBD_Start
 .text.USBD_SetClassConfig
                0x0000000008002854       0x16 Middlewares/ST/STM32_USB_Device_Library/Core/Src/usbd_core.o
                0x0000000008002854                USBD_SetClassConfig
 .text.USBD_ClrClassConfig
                0x000000000800286a        0xe Middlewares/ST/STM32_USB_Device_Library/Core/Src/usbd_core.o
                0x000000000800286a                USBD_ClrClassConfig
 .text.USBD_LL_SetupStage
                0x0000000008002878       0x5a Middlewares/ST/STM32_USB_Device_Library/Core/Src/usbd_core.o
                0x0000000008002878                USBD_LL_SetupStage
 .text.USBD_LL_DataOutStage
                0x00000000080028d2       0x70 Middlewares/ST/STM32_USB_Device_Library/Core/Src/usbd_core.o
                0x00000000080028d2                USBD_LL_DataOutStage
 .text.USBD_LL_DataInStage
                0x0000000008002942       0xb8 Middlewares/ST/STM32_USB_Device_Library/Core/Src/usbd_core.o
                0x0000000008002942                USBD_LL_DataInStage
 .text.USBD_LL_Reset
                0x00000000080029fa       0x4e Middlewares/ST/STM32_USB_Device_Library/Core/Src/usbd_core.o
                0x00000000080029fa                USBD_LL_Reset
 .text.USBD_LL_SetSpeed
                0x0000000008002a48        0x6 Middlewares/ST/STM32_USB_Device_Library/Core/Src/usbd_core.o
                0x0000000008002a48                USBD_LL_SetSpeed
 .text.USBD_LL_Suspend
                0x0000000008002a4e       0x12 Middlewares/ST/STM32_USB_Device_Library/Core/Src/usbd_core.o
                0x0000000008002a4e                USBD_LL_Suspend
 .text.USBD_LL_Resume
                0x0000000008002a60        0xc Middlewares/ST/STM32_USB_Device_Library/Core/Src/usbd_core.o
                0x0000000008002a60                USBD_LL_Resume
 .text.USBD_LL_SOF
                0x0000000008002a6c       0x18 Middlewares/ST/STM32_USB_Device_Library/Core/Src/usbd_core.o
                0x0000000008002a6c                USBD_LL_SOF
 .text.USBD_LL_IsoINIncomplete
                0x0000000008002a84        0x4 Middlewares/ST/STM32_USB_Device_Library/Core/Src/usbd_core.o
                0x0000000008002a84                USBD_LL_IsoINIncomplete
 .text.USBD_LL_IsoOUTIncomplete
                0x0000000008002a88        0x4 Middlewares/ST/STM32_USB_Device_Library/Core/Src/usbd_core.o
                0x0000000008002a88                USBD_LL_IsoOUTIncomplete
 .text.USBD_LL_DevConnected
                0x0000000008002a8c        0x4 Middlewares/ST/STM32_USB_Device_Library/Core/Src/usbd_core.o
                0x0000000008002a8c                USBD_LL_DevConnected
 .text.USBD_LL_DevDisconnected
                0x0000000008002a90       0x16 Middlewares/ST/STM32_USB_Device_Library/Core/Src/usbd_core.o
                0x0000000008002a90                USBD_LL_DevDisconnected
 .text.USBD_CtlError.constprop.1
                0x0000000008002aa6       0x16 Middlewares/ST/STM32_USB_Device_Library/Core/Src/usbd_ctlreq.o
 .text.USBD_StdDevReq
                0x0000000008002abc      0x244 Middlewares/ST/STM32_USB_Device_Library/Core/Src/usbd_ctlreq.o
                0x0000000008002abc                USBD_StdDevReq
 .text.USBD_StdItfReq
                0x0000000008002d00       0x4a Middlewares/ST/STM32_USB_Device_Library/Core/Src/usbd_ctlreq.o
                0x0000000008002d00                USBD_StdItfReq
 .text.USBD_StdEPReq
                0x0000000008002d4a      0x110 Middlewares/ST/STM32_USB_Device_Library/Core/Src/usbd_ctlreq.o
                0x0000000008002d4a                USBD_StdEPReq
 .text.USBD_ParseSetupRequest
                0x0000000008002e5a       0x28 Middlewares/ST/STM32_USB_Device_Library/Core/Src/usbd_ctlreq.o
                0x0000000008002e5a                USBD_ParseSetupRequest
 .text.USBD_CtlError
                0x0000000008002e82       0x16 Middlewares/ST/STM32_USB_Device_Library/Core/Src/usbd_ctlreq.o
                0x0000000008002e82                USBD_CtlError
 .text.USBD_GetString
                0x0000000008002e98       0x38 Middlewares/ST/STM32_USB_Device_Library/Core/Src/usbd_ctlreq.o
                0x0000000008002e98                USBD_GetString
 .text.USBD_CtlSendData
                0x0000000008002ed0       0x1a Middlewares/ST/STM32_USB_Device_Library/Core/Src/usbd_ioreq.o
                0x0000000008002ed0                USBD_CtlSendData
 .text.USBD_CtlContinueSendData
                0x0000000008002eea       0x10 Middlewares/ST/STM32_USB_Device_Library/Core/Src/usbd_ioreq.o
                0x0000000008002eea                USBD_CtlContinueSendData
 .text.USBD_CtlPrepareRx
                0x0000000008002efa       0x1e Middlewares/ST/STM32_USB_Device_Library/Core/Src/usbd_ioreq.o
                0x0000000008002efa                USBD_CtlPrepareRx
 .text.USBD_CtlContinueRx
                0x0000000008002f18       0x10 Middlewares/ST/STM32_USB_Device_Library/Core/Src/usbd_ioreq.o
                0x0000000008002f18                USBD_CtlContinueRx
 .text.USBD_CtlSendStatus
                0x0000000008002f28       0x16 Middlewares/ST/STM32_USB_Device_Library/Core/Src/usbd_ioreq.o
                0x0000000008002f28                USBD_CtlSendStatus
 .text.USBD_CtlReceiveStatus
                0x0000000008002f3e       0x16 Middlewares/ST/STM32_USB_Device_Library/Core/Src/usbd_ioreq.o
                0x0000000008002f3e                USBD_CtlReceiveStatus
 .text.SystemClock_Config
                0x0000000008002f54       0xa8 Src/main.o
                0x0000000008002f54                SystemClock_Config
 .text.startup.main
                0x0000000008002ffc      0x194 Src/main.o
                0x0000000008002ffc                main
 .text.Error_Handler
                0x0000000008003190        0x2 Src/main.o
                0x0000000008003190                Error_Handler
 *fill*         0x0000000008003192        0x2 
 .text.HAL_MspInit
                0x0000000008003194       0x30 Src/stm32l4xx_hal_msp.o
                0x0000000008003194                HAL_MspInit
 .text.HAL_RTC_MspInit
                0x00000000080031c4       0x20 Src/stm32l4xx_hal_msp.o
                0x00000000080031c4                HAL_RTC_MspInit
 .text.HAL_SPI_MspInit
                0x00000000080031e4       0x68 Src/stm32l4xx_hal_msp.o
                0x00000000080031e4                HAL_SPI_MspInit
 .text.NMI_Handler
                0x000000000800324c        0x4 Src/stm32l4xx_it.o
                0x000000000800324c                NMI_Handler
 .text.HardFault_Handler
                0x0000000008003250        0x2 Src/stm32l4xx_it.o
                0x0000000008003250                HardFault_Handler
 .text.MemManage_Handler
                0x0000000008003252        0x2 Src/stm32l4xx_it.o
                0x0000000008003252                MemManage_Handler
 .text.BusFault_Handler
                0x0000000008003254        0x2 Src/stm32l4xx_it.o
                0x0000000008003254                BusFault_Handler
 .text.UsageFault_Handler
                0x0000000008003256        0x2 Src/stm32l4xx_it.o
                0x0000000008003256                UsageFault_Handler
 .text.SVC_Handler
                0x0000000008003258        0x2 Src/stm32l4xx_it.o
                0x0000000008003258                SVC_Handler
 .text.DebugMon_Handler
                0x000000000800325a        0x2 Src/stm32l4xx_it.o
                0x000000000800325a                DebugMon_Handler
 .text.PendSV_Handler
                0x000000000800325c        0x2 Src/stm32l4xx_it.o
                0x000000000800325c                PendSV_Handler
 .text.SysTick_Handler
                0x000000000800325e        0x4 Src/stm32l4xx_it.o
                0x000000000800325e                SysTick_Handler
 .text.EXTI0_IRQHandler
                0x0000000008003262        0x6 Src/stm32l4xx_it.o
                0x0000000008003262                EXTI0_IRQHandler
 .text.OTG_FS_IRQHandler
                0x0000000008003268        0xc Src/stm32l4xx_it.o
                0x0000000008003268                OTG_FS_IRQHandler
 .text.SystemInit
                0x0000000008003274       0x48 Src/system_stm32l4xx.o
                0x0000000008003274                SystemInit
 .text.MX_USB_DEVICE_Init
                0x00000000080032bc       0x40 Src/usb_device.o
                0x00000000080032bc                MX_USB_DEVICE_Init
 .text.CDC_DeInit_FS
                0x00000000080032fc        0x4 Src/usbd_cdc_if.o
 .text.CDC_Control_FS
                0x0000000008003300        0x4 Src/usbd_cdc_if.o
 .text.CDC_Receive_FS
                0x0000000008003304       0x1c Src/usbd_cdc_if.o
 .text.CDC_Init_FS
                0x0000000008003320       0x28 Src/usbd_cdc_if.o
 .text.CDC_Transmit_FS
                0x0000000008003348       0x2c Src/usbd_cdc_if.o
                0x0000000008003348                CDC_Transmit_FS
 .text.HAL_PCD_MspInit
                0x0000000008003374       0x84 Src/usbd_conf.o
                0x0000000008003374                HAL_PCD_MspInit
 .text.HAL_PCD_SetupStageCallback
                0x00000000080033f8        0xc Src/usbd_conf.o
                0x00000000080033f8                HAL_PCD_SetupStageCallback
 .text.HAL_PCD_DataOutStageCallback
                0x0000000008003404       0x12 Src/usbd_conf.o
                0x0000000008003404                HAL_PCD_DataOutStageCallback
 .text.HAL_PCD_DataInStageCallback
                0x0000000008003416       0x10 Src/usbd_conf.o
                0x0000000008003416                HAL_PCD_DataInStageCallback
 .text.HAL_PCD_SOFCallback
                0x0000000008003426        0x8 Src/usbd_conf.o
                0x0000000008003426                HAL_PCD_SOFCallback
 .text.HAL_PCD_ResetCallback
                0x000000000800342e       0x1a Src/usbd_conf.o
                0x000000000800342e                HAL_PCD_ResetCallback
 .text.HAL_PCD_SuspendCallback
                0x0000000008003448       0x30 Src/usbd_conf.o
                0x0000000008003448                HAL_PCD_SuspendCallback
 .text.HAL_PCD_ResumeCallback
                0x0000000008003478       0x34 Src/usbd_conf.o
                0x0000000008003478                HAL_PCD_ResumeCallback
 .text.HAL_PCD_ISOOUTIncompleteCallback
                0x00000000080034ac        0x8 Src/usbd_conf.o
                0x00000000080034ac                HAL_PCD_ISOOUTIncompleteCallback
 .text.HAL_PCD_ISOINIncompleteCallback
                0x00000000080034b4        0x8 Src/usbd_conf.o
                0x00000000080034b4                HAL_PCD_ISOINIncompleteCallback
 .text.HAL_PCD_ConnectCallback
                0x00000000080034bc        0x8 Src/usbd_conf.o
                0x00000000080034bc                HAL_PCD_ConnectCallback
 .text.HAL_PCD_DisconnectCallback
                0x00000000080034c4        0x8 Src/usbd_conf.o
                0x00000000080034c4                HAL_PCD_DisconnectCallback
 .text.USBD_LL_Init
                0x00000000080034cc       0x60 Src/usbd_conf.o
                0x00000000080034cc                USBD_LL_Init
 .text.USBD_LL_Start
                0x000000000800352c       0x1c Src/usbd_conf.o
                0x000000000800352c                USBD_LL_Start
 .text.USBD_LL_OpenEP
                0x0000000008003548       0x20 Src/usbd_conf.o
                0x0000000008003548                USBD_LL_OpenEP
 .text.USBD_LL_CloseEP
                0x0000000008003568       0x1c Src/usbd_conf.o
                0x0000000008003568                USBD_LL_CloseEP
 .text.USBD_LL_StallEP
                0x0000000008003584       0x1c Src/usbd_conf.o
                0x0000000008003584                USBD_LL_StallEP
 .text.USBD_LL_ClearStallEP
                0x00000000080035a0       0x1c Src/usbd_conf.o
                0x00000000080035a0                USBD_LL_ClearStallEP
 .text.USBD_LL_IsStallEP
                0x00000000080035bc       0x26 Src/usbd_conf.o
                0x00000000080035bc                USBD_LL_IsStallEP
 *fill*         0x00000000080035e2        0x2 
 .text.USBD_LL_SetUSBAddress
                0x00000000080035e4       0x1c Src/usbd_conf.o
                0x00000000080035e4                USBD_LL_SetUSBAddress
 .text.USBD_LL_Transmit
                0x0000000008003600       0x1c Src/usbd_conf.o
                0x0000000008003600                USBD_LL_Transmit
 .text.USBD_LL_PrepareReceive
                0x000000000800361c       0x1c Src/usbd_conf.o
                0x000000000800361c                USBD_LL_PrepareReceive
 .text.USBD_LL_GetRxDataSize
                0x0000000008003638        0xc Src/usbd_conf.o
                0x0000000008003638                USBD_LL_GetRxDataSize
 .text.HAL_PCDEx_LPM_Callback
                0x0000000008003644       0x64 Src/usbd_conf.o
                0x0000000008003644                HAL_PCDEx_LPM_Callback
 .text.USBD_static_malloc
                0x00000000080036a8        0x8 Src/usbd_conf.o
                0x00000000080036a8                USBD_static_malloc
 .text.USBD_static_free
                0x00000000080036b0        0x2 Src/usbd_conf.o
                0x00000000080036b0                USBD_static_free
 .text.USBD_LL_BatteryCharging
                0x00000000080036b2       0x10 Src/usbd_conf.o
                0x00000000080036b2                USBD_LL_BatteryCharging
 *fill*         0x00000000080036c2        0x2 
 .text.USBD_FS_DeviceDescriptor
                0x00000000080036c4        0xc Src/usbd_desc.o
                0x00000000080036c4                USBD_FS_DeviceDescriptor
 .text.USBD_FS_LangIDStrDescriptor
                0x00000000080036d0        0xc Src/usbd_desc.o
                0x00000000080036d0                USBD_FS_LangIDStrDescriptor
 .text.USBD_FS_USR_BOSDescriptor
                0x00000000080036dc        0xc Src/usbd_desc.o
                0x00000000080036dc                USBD_FS_USR_BOSDescriptor
 .text.USBD_FS_ManufacturerStrDescriptor
                0x00000000080036e8       0x1c Src/usbd_desc.o
                0x00000000080036e8                USBD_FS_ManufacturerStrDescriptor
 .text.USBD_FS_ProductStrDescriptor
                0x0000000008003704       0x1c Src/usbd_desc.o
                0x0000000008003704                USBD_FS_ProductStrDescriptor
 .text.USBD_FS_SerialStrDescriptor
                0x0000000008003720       0x1c Src/usbd_desc.o
                0x0000000008003720                USBD_FS_SerialStrDescriptor
 .text.USBD_FS_ConfigStrDescriptor
                0x000000000800373c       0x1c Src/usbd_desc.o
                0x000000000800373c                USBD_FS_ConfigStrDescriptor
 .text.USBD_FS_InterfaceStrDescriptor
                0x0000000008003758       0x1c Src/usbd_desc.o
                0x0000000008003758                USBD_FS_InterfaceStrDescriptor
 .text.Reset_Handler
                0x0000000008003774       0x50 startup/startup_stm32l476xx.o
                0x0000000008003774                Reset_Handler
 .text.Default_Handler
                0x00000000080037c4        0x2 startup/startup_stm32l476xx.o
                0x00000000080037c4                RTC_Alarm_IRQHandler
                0x00000000080037c4                EXTI2_IRQHandler
                0x00000000080037c4                TIM8_TRG_COM_IRQHandler
                0x00000000080037c4                TIM8_CC_IRQHandler
                0x00000000080037c4                TIM1_CC_IRQHandler
                0x00000000080037c4                TSC_IRQHandler
                0x00000000080037c4                TAMP_STAMP_IRQHandler
                0x00000000080037c4                EXTI3_IRQHandler
                0x00000000080037c4                LPTIM2_IRQHandler
                0x00000000080037c4                DFSDM1_FLT1_IRQHandler
                0x00000000080037c4                I2C3_ER_IRQHandler
                0x00000000080037c4                DFSDM1_FLT2_IRQHandler
                0x00000000080037c4                I2C2_EV_IRQHandler
                0x00000000080037c4                CAN1_RX0_IRQHandler
                0x00000000080037c4                FPU_IRQHandler
                0x00000000080037c4                TIM1_UP_TIM16_IRQHandler
                0x00000000080037c4                ADC1_2_IRQHandler
                0x00000000080037c4                SPI1_IRQHandler
                0x00000000080037c4                TIM6_DAC_IRQHandler
                0x00000000080037c4                TIM8_UP_IRQHandler
                0x00000000080037c4                DMA2_Channel2_IRQHandler
                0x00000000080037c4                DMA1_Channel4_IRQHandler
                0x00000000080037c4                SAI2_IRQHandler
                0x00000000080037c4                DFSDM1_FLT3_IRQHandler
                0x00000000080037c4                USART3_IRQHandler
                0x00000000080037c4                DMA1_Channel7_IRQHandler
                0x00000000080037c4                CAN1_RX1_IRQHandler
                0x00000000080037c4                LCD_IRQHandler
                0x00000000080037c4                UART5_IRQHandler
                0x00000000080037c4                ADC3_IRQHandler
                0x00000000080037c4                TIM4_IRQHandler
                0x00000000080037c4                DMA2_Channel1_IRQHandler
                0x00000000080037c4                QUADSPI_IRQHandler
                0x00000000080037c4                I2C1_EV_IRQHandler
                0x00000000080037c4                DMA1_Channel6_IRQHandler
                0x00000000080037c4                UART4_IRQHandler
                0x00000000080037c4                DMA2_Channel4_IRQHandler
                0x00000000080037c4                TIM3_IRQHandler
                0x00000000080037c4                RCC_IRQHandler
                0x00000000080037c4                DMA1_Channel1_IRQHandler
                0x00000000080037c4                Default_Handler
                0x00000000080037c4                DMA2_Channel7_IRQHandler
                0x00000000080037c4                EXTI15_10_IRQHandler
                0x00000000080037c4                TIM7_IRQHandler
                0x00000000080037c4                SDMMC1_IRQHandler
                0x00000000080037c4                TIM5_IRQHandler
                0x00000000080037c4                I2C3_EV_IRQHandler
                0x00000000080037c4                EXTI9_5_IRQHandler
                0x00000000080037c4                RTC_WKUP_IRQHandler
                0x00000000080037c4                PVD_PVM_IRQHandler
                0x00000000080037c4                SPI2_IRQHandler
                0x00000000080037c4                CAN1_TX_IRQHandler
                0x00000000080037c4                DMA2_Channel5_IRQHandler
                0x00000000080037c4                DMA1_Channel5_IRQHandler
                0x00000000080037c4                EXTI4_IRQHandler
                0x00000000080037c4                RNG_IRQHandler
                0x00000000080037c4                TIM1_TRG_COM_TIM17_IRQHandler
                0x00000000080037c4                DMA1_Channel3_IRQHandler
                0x00000000080037c4                COMP_IRQHandler
                0x00000000080037c4                WWDG_IRQHandler
                0x00000000080037c4                LPUART1_IRQHandler
                0x00000000080037c4                DMA2_Channel6_IRQHandler
                0x00000000080037c4                TIM2_IRQHandler
                0x00000000080037c4                EXTI1_IRQHandler
                0x00000000080037c4                USART2_IRQHandler
                0x00000000080037c4                DFSDM1_FLT0_IRQHandler
                0x00000000080037c4                I2C2_ER_IRQHandler
                0x00000000080037c4                DMA1_Channel2_IRQHandler
                0x00000000080037c4                TIM8_BRK_IRQHandler
                0x00000000080037c4                CAN1_SCE_IRQHandler
                0x00000000080037c4                FLASH_IRQHandler
                0x00000000080037c4                USART1_IRQHandler
                0x00000000080037c4                SPI3_IRQHandler
                0x00000000080037c4                I2C1_ER_IRQHandler
                0x00000000080037c4                FMC_IRQHandler
                0x00000000080037c4                SWPMI1_IRQHandler
                0x00000000080037c4                LPTIM1_IRQHandler
                0x00000000080037c4                SAI1_IRQHandler
                0x00000000080037c4                DMA2_Channel3_IRQHandler
                0x00000000080037c4                TIM1_BRK_TIM15_IRQHandler
 *fill*         0x00000000080037c6        0x2 
 .text.__libc_init_array
                0x00000000080037c8       0x48 /opt/Atollic_TrueSTUDIO_for_STM32_x86_64_9.0.0/ARMTools/bin/../lib/gcc/arm-atollic-eabi/6.3.1/../../../../arm-atollic-eabi/lib/armv7e-m/fpu/libc_nano.a(lib_a-init.o)
                0x00000000080037c8                __libc_init_array
 .text.memset   0x0000000008003810       0x10 /opt/Atollic_TrueSTUDIO_for_STM32_x86_64_9.0.0/ARMTools/bin/../lib/gcc/arm-atollic-eabi/6.3.1/../../../../arm-atollic-eabi/lib/armv7e-m/fpu/libc_nano.a(lib_a-memset.o)
                0x0000000008003810                memset
 *(.glue_7)
 .glue_7        0x0000000008003820        0x0 linker stubs
 *(.glue_7t)
 .glue_7t       0x0000000008003820        0x0 linker stubs
 *(.eh_frame)
 .eh_frame      0x0000000008003820        0x0 /opt/Atollic_TrueSTUDIO_for_STM32_x86_64_9.0.0/ARMTools/bin/../lib/gcc/arm-atollic-eabi/6.3.1/armv7e-m/fpu/crtbegin.o
 *(.init)
 .init          0x0000000008003820        0x4 /opt/Atollic_TrueSTUDIO_for_STM32_x86_64_9.0.0/ARMTools/bin/../lib/gcc/arm-atollic-eabi/6.3.1/armv7e-m/fpu/crti.o
                0x0000000008003820                _init
 .init          0x0000000008003824        0x8 /opt/Atollic_TrueSTUDIO_for_STM32_x86_64_9.0.0/ARMTools/bin/../lib/gcc/arm-atollic-eabi/6.3.1/armv7e-m/fpu/crtn.o
 *(.fini)
 .fini          0x000000000800382c        0x4 /opt/Atollic_TrueSTUDIO_for_STM32_x86_64_9.0.0/ARMTools/bin/../lib/gcc/arm-atollic-eabi/6.3.1/armv7e-m/fpu/crti.o
                0x000000000800382c                _fini
 .fini          0x0000000008003830        0x8 /opt/Atollic_TrueSTUDIO_for_STM32_x86_64_9.0.0/ARMTools/bin/../lib/gcc/arm-atollic-eabi/6.3.1/armv7e-m/fpu/crtn.o
                0x0000000008003838                . = ALIGN (0x4)
                0x0000000008003838                _etext = .

.vfp11_veneer   0x0000000008003838        0x0
 .vfp11_veneer  0x0000000008003838        0x0 linker stubs

.v4_bx          0x0000000008003838        0x0
 .v4_bx         0x0000000008003838        0x0 linker stubs

.iplt           0x0000000008003838        0x0
 .iplt          0x0000000008003838        0x0 /opt/Atollic_TrueSTUDIO_for_STM32_x86_64_9.0.0/ARMTools/bin/../lib/gcc/arm-atollic-eabi/6.3.1/armv7e-m/fpu/crtbegin.o

.rodata         0x0000000008003838       0xa0
                0x0000000008003838                . = ALIGN (0x4)
 *(.rodata)
 .rodata        0x0000000008003838        0xa Src/main.o
 *(.rodata*)
 .rodata.AHBPrescTable
                0x0000000008003842       0x10 Src/system_stm32l4xx.o
                0x0000000008003842                AHBPrescTable
 *fill*         0x0000000008003852        0x2 
 .rodata.MSIRangeTable
                0x0000000008003854       0x30 Src/system_stm32l4xx.o
                0x0000000008003854                MSIRangeTable
 .rodata.CSWTCH.44
                0x0000000008003884        0x4 Src/usbd_conf.o
 .rodata.USBD_FS_ConfigStrDescriptor.str1.1
                0x0000000008003888        0xb Src/usbd_desc.o
 .rodata.USBD_FS_InterfaceStrDescriptor.str1.1
                0x0000000008003893        0xe Src/usbd_desc.o
 .rodata.USBD_FS_ManufacturerStrDescriptor.str1.1
                0x00000000080038a1       0x13 Src/usbd_desc.o
 .rodata.USBD_FS_ProductStrDescriptor.str1.1
                0x00000000080038b4       0x16 Src/usbd_desc.o
 .rodata.USBD_FS_SerialStrDescriptor.str1.1
                0x00000000080038ca        0xd Src/usbd_desc.o
                0x00000000080038d8                . = ALIGN (0x4)
 *fill*         0x00000000080038d7        0x1 

.rel.dyn        0x00000000080038d8        0x0
 .rel.iplt      0x00000000080038d8        0x0 /opt/Atollic_TrueSTUDIO_for_STM32_x86_64_9.0.0/ARMTools/bin/../lib/gcc/arm-atollic-eabi/6.3.1/armv7e-m/fpu/crtbegin.o

.ARM.extab
 *(.ARM.extab* .gnu.linkonce.armextab.*)

.ARM            0x00000000080038d8        0x0
                0x00000000080038d8                __exidx_start = .
 *(.ARM.exidx*)
                0x00000000080038d8                __exidx_end = .

.preinit_array  0x00000000080038d8        0x0
                0x00000000080038d8                PROVIDE (__preinit_array_start, .)
 *(.preinit_array*)
                0x00000000080038d8                PROVIDE (__preinit_array_end, .)

.init_array     0x00000000080038d8        0x4
                0x00000000080038d8                PROVIDE (__init_array_start, .)
 *(SORT(.init_array.*))
 *(.init_array*)
 .init_array    0x00000000080038d8        0x4 /opt/Atollic_TrueSTUDIO_for_STM32_x86_64_9.0.0/ARMTools/bin/../lib/gcc/arm-atollic-eabi/6.3.1/armv7e-m/fpu/crtbegin.o
                0x00000000080038dc                PROVIDE (__init_array_end, .)

.fini_array     0x00000000080038dc        0x4
                [!provide]                        PROVIDE (__fini_array_start, .)
 *(SORT(.fini_array.*))
 *(.fini_array*)
 .fini_array    0x00000000080038dc        0x4 /opt/Atollic_TrueSTUDIO_for_STM32_x86_64_9.0.0/ARMTools/bin/../lib/gcc/arm-atollic-eabi/6.3.1/armv7e-m/fpu/crtbegin.o
                [!provide]                        PROVIDE (__fini_array_end, .)
                0x00000000080038e0                _sidata = LOADADDR (.data)

.data           0x0000000020000000      0x168 load address 0x00000000080038e0
                0x0000000020000000                . = ALIGN (0x4)
                0x0000000020000000                _sdata = .
 *(.data)
 *(.data*)
 .data.USBD_CDC
                0x0000000020000000       0x38 Middlewares/ST/STM32_USB_Device_Library/Class/CDC/Src/usbd_cdc.o
                0x0000000020000000                USBD_CDC
 .data.USBD_CDC_CfgFSDesc
                0x0000000020000038       0x43 Middlewares/ST/STM32_USB_Device_Library/Class/CDC/Src/usbd_cdc.o
                0x0000000020000038                USBD_CDC_CfgFSDesc
 *fill*         0x000000002000007b        0x1 
 .data.USBD_CDC_CfgHSDesc
                0x000000002000007c       0x43 Middlewares/ST/STM32_USB_Device_Library/Class/CDC/Src/usbd_cdc.o
                0x000000002000007c                USBD_CDC_CfgHSDesc
 *fill*         0x00000000200000bf        0x1 
 .data.USBD_CDC_DeviceQualifierDesc
                0x00000000200000c0        0xa Middlewares/ST/STM32_USB_Device_Library/Class/CDC/Src/usbd_cdc.o
 *fill*         0x00000000200000ca        0x2 
 .data.USBD_CDC_OtherSpeedCfgDesc
                0x00000000200000cc       0x43 Middlewares/ST/STM32_USB_Device_Library/Class/CDC/Src/usbd_cdc.o
                0x00000000200000cc                USBD_CDC_OtherSpeedCfgDesc
 *fill*         0x000000002000010f        0x1 
 .data.SystemCoreClock
                0x0000000020000110        0x4 Src/system_stm32l4xx.o
                0x0000000020000110                SystemCoreClock
 .data.USBD_Interface_fops_FS
                0x0000000020000114       0x10 Src/usbd_cdc_if.o
                0x0000000020000114                USBD_Interface_fops_FS
 .data.FS_Desc  0x0000000020000124       0x20 Src/usbd_desc.o
                0x0000000020000124                FS_Desc
 .data.USBD_FS_BOSDesc
                0x0000000020000144        0xc Src/usbd_desc.o
                0x0000000020000144                USBD_FS_BOSDesc
 .data.USBD_FS_DeviceDesc
                0x0000000020000150       0x12 Src/usbd_desc.o
                0x0000000020000150                USBD_FS_DeviceDesc
 *fill*         0x0000000020000162        0x2 
 .data.USBD_LangIDDesc
                0x0000000020000164        0x4 Src/usbd_desc.o
                0x0000000020000164                USBD_LangIDDesc
                0x0000000020000168                . = ALIGN (0x4)
                0x0000000020000168                _edata = .

.igot.plt       0x0000000020000168        0x0 load address 0x0000000008003a48
 .igot.plt      0x0000000020000168        0x0 /opt/Atollic_TrueSTUDIO_for_STM32_x86_64_9.0.0/ARMTools/bin/../lib/gcc/arm-atollic-eabi/6.3.1/armv7e-m/fpu/crtbegin.o
                0x0000000020000168                . = ALIGN (0x4)

.bss            0x0000000020000168     0x1b70 load address 0x0000000008003a48
                0x0000000020000168                _sbss = .
                0x0000000020000168                __bss_start__ = _sbss
 *(.bss)
 .bss           0x0000000020000168       0x1c /opt/Atollic_TrueSTUDIO_for_STM32_x86_64_9.0.0/ARMTools/bin/../lib/gcc/arm-atollic-eabi/6.3.1/armv7e-m/fpu/crtbegin.o
 *(.bss*)
 .bss.cfgidx.10288
                0x0000000020000184        0x1 Middlewares/ST/STM32_USB_Device_Library/Core/Src/usbd_ctlreq.o
 *fill*         0x0000000020000185        0x3 
 .bss.mem.10439
                0x0000000020000188      0x220 Src/usbd_conf.o
 *(COMMON)
 COMMON         0x00000000200003a8        0x4 Drivers/STM32L4xx_HAL_Driver/Src/stm32l4xx_hal.o
                0x00000000200003a8                uwTick
 COMMON         0x00000000200003ac       0x88 Src/main.o
                0x00000000200003ac                hrtc
                0x00000000200003d0                hspi1
 COMMON         0x0000000020000434      0x29c Src/usb_device.o
                0x0000000020000434                hUsbDeviceFS
 COMMON         0x00000000200006d0     0x1000 Src/usbd_cdc_if.o
                0x00000000200006d0                UserRxBufferFS
                0x0000000020000ed0                UserTxBufferFS
 COMMON         0x00000000200016d0      0x408 Src/usbd_conf.o
                0x00000000200016d0                hpcd_USB_OTG_FS
 COMMON         0x0000000020001ad8      0x200 Src/usbd_desc.o
                0x0000000020001ad8                USBD_StrDesc
                0x0000000020001cd8                . = ALIGN (0x4)
                0x0000000020001cd8                _ebss = .
                0x0000000020001cd8                __bss_end__ = _ebss

._user_heap_stack
                0x0000000020001cd8      0x600 load address 0x0000000008003a48
                0x0000000020001cd8                . = ALIGN (0x4)
                [!provide]                        PROVIDE (end, .)
                [!provide]                        PROVIDE (_end, .)
                0x0000000020001ed8                . = (. + _Min_Heap_Size)
 *fill*         0x0000000020001cd8      0x200 
                0x00000000200022d8                . = (. + _Min_Stack_Size)
 *fill*         0x0000000020001ed8      0x400 
                0x00000000200022d8                . = ALIGN (0x4)

/DISCARD/
 libc.a(*)
 libm.a(*)
 libgcc.a(*)

.ARM.attributes
                0x0000000000000000       0x30
 *(.ARM.attributes)
 .ARM.attributes
                0x0000000000000000       0x22 /opt/Atollic_TrueSTUDIO_for_STM32_x86_64_9.0.0/ARMTools/bin/../lib/gcc/arm-atollic-eabi/6.3.1/armv7e-m/fpu/crti.o
 .ARM.attributes
                0x0000000000000022       0x34 /opt/Atollic_TrueSTUDIO_for_STM32_x86_64_9.0.0/ARMTools/bin/../lib/gcc/arm-atollic-eabi/6.3.1/armv7e-m/fpu/crtbegin.o
 .ARM.attributes
                0x0000000000000056       0x39 Drivers/STM32L4xx_HAL_Driver/Src/stm32l4xx_hal.o
 .ARM.attributes
                0x000000000000008f       0x39 Drivers/STM32L4xx_HAL_Driver/Src/stm32l4xx_hal_cortex.o
 .ARM.attributes
                0x00000000000000c8       0x39 Drivers/STM32L4xx_HAL_Driver/Src/stm32l4xx_hal_gpio.o
 .ARM.attributes
                0x0000000000000101       0x39 Drivers/STM32L4xx_HAL_Driver/Src/stm32l4xx_hal_pcd.o
 .ARM.attributes
                0x000000000000013a       0x39 Drivers/STM32L4xx_HAL_Driver/Src/stm32l4xx_hal_pcd_ex.o
 .ARM.attributes
                0x0000000000000173       0x39 Drivers/STM32L4xx_HAL_Driver/Src/stm32l4xx_hal_pwr_ex.o
 .ARM.attributes
                0x00000000000001ac       0x39 Drivers/STM32L4xx_HAL_Driver/Src/stm32l4xx_hal_rcc.o
 .ARM.attributes
                0x00000000000001e5       0x39 Drivers/STM32L4xx_HAL_Driver/Src/stm32l4xx_hal_rcc_ex.o
 .ARM.attributes
                0x000000000000021e       0x39 Drivers/STM32L4xx_HAL_Driver/Src/stm32l4xx_hal_rtc.o
 .ARM.attributes
                0x0000000000000257       0x39 Drivers/STM32L4xx_HAL_Driver/Src/stm32l4xx_hal_spi.o
 .ARM.attributes
                0x0000000000000290       0x39 Drivers/STM32L4xx_HAL_Driver/Src/stm32l4xx_ll_usb.o
 .ARM.attributes
                0x00000000000002c9       0x39 Middlewares/ST/STM32_USB_Device_Library/Class/CDC/Src/usbd_cdc.o
 .ARM.attributes
                0x0000000000000302       0x39 Middlewares/ST/STM32_USB_Device_Library/Core/Src/usbd_core.o
 .ARM.attributes
                0x000000000000033b       0x39 Middlewares/ST/STM32_USB_Device_Library/Core/Src/usbd_ctlreq.o
 .ARM.attributes
                0x0000000000000374       0x39 Middlewares/ST/STM32_USB_Device_Library/Core/Src/usbd_ioreq.o
 .ARM.attributes
                0x00000000000003ad       0x39 Src/main.o
 .ARM.attributes
                0x00000000000003e6       0x39 Src/stm32l4xx_hal_msp.o
 .ARM.attributes
                0x000000000000041f       0x39 Src/stm32l4xx_it.o
 .ARM.attributes
                0x0000000000000458       0x39 Src/system_stm32l4xx.o
 .ARM.attributes
                0x0000000000000491       0x39 Src/usb_device.o
 .ARM.attributes
                0x00000000000004ca       0x39 Src/usbd_cdc_if.o
 .ARM.attributes
                0x0000000000000503       0x39 Src/usbd_conf.o
 .ARM.attributes
                0x000000000000053c       0x39 Src/usbd_desc.o
 .ARM.attributes
                0x0000000000000575       0x21 startup/startup_stm32l476xx.o
 .ARM.attributes
                0x0000000000000596       0x34 /opt/Atollic_TrueSTUDIO_for_STM32_x86_64_9.0.0/ARMTools/bin/../lib/gcc/arm-atollic-eabi/6.3.1/../../../../arm-atollic-eabi/lib/armv7e-m/fpu/libc_nano.a(lib_a-init.o)
 .ARM.attributes
                0x00000000000005ca       0x34 /opt/Atollic_TrueSTUDIO_for_STM32_x86_64_9.0.0/ARMTools/bin/../lib/gcc/arm-atollic-eabi/6.3.1/../../../../arm-atollic-eabi/lib/armv7e-m/fpu/libc_nano.a(lib_a-memset.o)
 .ARM.attributes
                0x00000000000005fe       0x22 /opt/Atollic_TrueSTUDIO_for_STM32_x86_64_9.0.0/ARMTools/bin/../lib/gcc/arm-atollic-eabi/6.3.1/armv7e-m/fpu/crtn.o
OUTPUT(BMP280.elf elf32-littlearm)

.comment        0x0000000000000000       0x7c
 .comment       0x0000000000000000       0x7c Drivers/STM32L4xx_HAL_Driver/Src/stm32l4xx_hal.o
                                         0x7d (size before relaxing)
 .comment       0x000000000000007c       0x7d Drivers/STM32L4xx_HAL_Driver/Src/stm32l4xx_hal_cortex.o
 .comment       0x000000000000007c       0x7d Drivers/STM32L4xx_HAL_Driver/Src/stm32l4xx_hal_gpio.o
 .comment       0x000000000000007c       0x7d Drivers/STM32L4xx_HAL_Driver/Src/stm32l4xx_hal_pcd.o
 .comment       0x000000000000007c       0x7d Drivers/STM32L4xx_HAL_Driver/Src/stm32l4xx_hal_pcd_ex.o
 .comment       0x000000000000007c       0x7d Drivers/STM32L4xx_HAL_Driver/Src/stm32l4xx_hal_pwr_ex.o
 .comment       0x000000000000007c       0x7d Drivers/STM32L4xx_HAL_Driver/Src/stm32l4xx_hal_rcc.o
 .comment       0x000000000000007c       0x7d Drivers/STM32L4xx_HAL_Driver/Src/stm32l4xx_hal_rcc_ex.o
 .comment       0x000000000000007c       0x7d Drivers/STM32L4xx_HAL_Driver/Src/stm32l4xx_hal_rtc.o
 .comment       0x000000000000007c       0x7d Drivers/STM32L4xx_HAL_Driver/Src/stm32l4xx_hal_spi.o
 .comment       0x000000000000007c       0x7d Drivers/STM32L4xx_HAL_Driver/Src/stm32l4xx_ll_usb.o
 .comment       0x000000000000007c       0x7d Middlewares/ST/STM32_USB_Device_Library/Class/CDC/Src/usbd_cdc.o
 .comment       0x000000000000007c       0x7d Middlewares/ST/STM32_USB_Device_Library/Core/Src/usbd_core.o
 .comment       0x000000000000007c       0x7d Middlewares/ST/STM32_USB_Device_Library/Core/Src/usbd_ctlreq.o
 .comment       0x000000000000007c       0x7d Middlewares/ST/STM32_USB_Device_Library/Core/Src/usbd_ioreq.o
 .comment       0x000000000000007c       0x7d Src/main.o
 .comment       0x000000000000007c       0x7d Src/stm32l4xx_hal_msp.o
 .comment       0x000000000000007c       0x7d Src/stm32l4xx_it.o
 .comment       0x000000000000007c       0x7d Src/system_stm32l4xx.o
 .comment       0x000000000000007c       0x7d Src/usb_device.o
 .comment       0x000000000000007c       0x7d Src/usbd_cdc_if.o
 .comment       0x000000000000007c       0x7d Src/usbd_conf.o
 .comment       0x000000000000007c       0x7d Src/usbd_desc.o

.debug_frame    0x0000000000000000       0x4c
 .debug_frame   0x0000000000000000       0x2c /opt/Atollic_TrueSTUDIO_for_STM32_x86_64_9.0.0/ARMTools/bin/../lib/gcc/arm-atollic-eabi/6.3.1/../../../../arm-atollic-eabi/lib/armv7e-m/fpu/libc_nano.a(lib_a-init.o)
 .debug_frame   0x000000000000002c       0x20 /opt/Atollic_TrueSTUDIO_for_STM32_x86_64_9.0.0/ARMTools/bin/../lib/gcc/arm-atollic-eabi/6.3.1/../../../../arm-atollic-eabi/lib/armv7e-m/fpu/libc_nano.a(lib_a-memset.o)
