core_cm4.h:1637:22:NVIC_DisableIRQ	16	static
main.c:97:6:HAL_GPIO_EXTI_Callback	16	static
main.c:106:6:setupSleepMode	8	static
main.c:113:6:turnOffPeriodicReadout	16	static
main.c:120:6:turnOffButtonReadout	16	static
main.c:125:6:init_periodicReadout	24	static
main.c:138:5:main	16	static
main.c:191:6:SystemClock_Config	232	static
main.c:251:13:MX_I2C1_Init	8	static
main.c:297:13:MX_RTC_Init	8	static
main.c:332:13:MX_TIM2_Init	40	static
main.c:377:13:MX_USART2_UART_Init	8	static
main.c:410:13:MX_DMA_Init	16	static
main.c:430:13:MX_GPIO_Init	48	static
main.c:485:6:HAL_TIM_PeriodElapsedCallback	16	static
main.c:507:6:Error_Handler	4	static
