usbd_conf.c:97:6:HAL_PCD_MspInit	40	static
usbd_conf.c:141:6:HAL_PCD_MspDeInit	16	static
usbd_conf.c:183:6:HAL_PCD_SetupStageCallback	0	static
usbd_conf.c:194:6:HAL_PCD_DataOutStageCallback	0	static
usbd_conf.c:205:6:HAL_PCD_DataInStageCallback	0	static
usbd_conf.c:215:6:HAL_PCD_SOFCallback	0	static
usbd_conf.c:225:6:HAL_PCD_ResetCallback	8	static
usbd_conf.c:252:6:HAL_PCD_SuspendCallback	8	static
usbd_conf.c:273:6:HAL_PCD_ResumeCallback	0	static
usbd_conf.c:288:6:HAL_PCD_ISOOUTIncompleteCallback	0	static
usbd_conf.c:299:6:HAL_PCD_ISOINIncompleteCallback	0	static
usbd_conf.c:309:6:HAL_PCD_ConnectCallback	0	static
usbd_conf.c:319:6:HAL_PCD_DisconnectCallback	0	static
usbd_conf.c:333:20:USBD_LL_Init	8	static
usbd_conf.c:370:20:USBD_LL_DeInit	8	static
usbd_conf.c:402:20:USBD_LL_Start	8	static
usbd_conf.c:434:20:USBD_LL_Stop	8	static
usbd_conf.c:469:20:USBD_LL_OpenEP	8	static
usbd_conf.c:502:20:USBD_LL_CloseEP	8	static
usbd_conf.c:535:20:USBD_LL_FlushEP	8	static
usbd_conf.c:568:20:USBD_LL_StallEP	8	static
usbd_conf.c:601:20:USBD_LL_ClearStallEP	8	static
usbd_conf.c:634:9:USBD_LL_IsStallEP	0	static
usbd_conf.c:654:20:USBD_LL_SetUSBAddress	8	static
usbd_conf.c:689:20:USBD_LL_Transmit	8	static
usbd_conf.c:724:20:USBD_LL_PrepareReceive	8	static
usbd_conf.c:757:10:USBD_LL_GetRxDataSize	8	static
usbd_conf.c:769:6:HAL_PCDEx_LPM_Callback	8	static
usbd_conf.c:805:6:USBD_LL_Delay	0	static
usbd_conf.c:815:7:USBD_static_malloc	0	static
usbd_conf.c:826:6:USBD_static_free	0	static
usbd_conf.c:849:6:HAL_PCDEx_SetConnectionState	0	static
usbd_conf.c:872:20:USBD_LL_BatteryCharging	0	static
